Archive member included because of file (symbol)

C:\Users\Administrator\AppData\Local\Temp\VMBuilds\Solenoid_valve_may15\stm32duino_genericSTM32F103R\Release\core.a(exc.S.o)
                              (__exc_nmi)
C:\Users\Administrator\AppData\Local\Temp\VMBuilds\Solenoid_valve_may15\stm32duino_genericSTM32F103R\Release\core.a(isrs.S.o)
                              (__stm32reservedexception7)
C:\Users\Administrator\AppData\Local\Temp\VMBuilds\Solenoid_valve_may15\stm32duino_genericSTM32F103R\Release\core.a(vector_table.S.o)
                              (__stm32_vector_table)
C:\Users\Administrator\AppData\Local\Temp\VMBuilds\Solenoid_valve_may15\stm32duino_genericSTM32F103R\Release\core.a(adc.c.o)
                              C:\Users\Administrator\AppData\Local\Temp\VMBCore\arduino16x\c74e2264f1aa7eb6cce575dcb5028aff\variant\boards.cpp.o (adc_set_sample_rate)
C:\Users\Administrator\AppData\Local\Temp\VMBuilds\Solenoid_valve_may15\stm32duino_genericSTM32F103R\Release\core.a(adc_f1.c.o)
                              (__irq_adc)
C:\Users\Administrator\AppData\Local\Temp\VMBuilds\Solenoid_valve_may15\stm32duino_genericSTM32F103R\Release\core.a(dma_f1.c.o)
                              (__irq_dma1_channel1)
C:\Users\Administrator\AppData\Local\Temp\VMBuilds\Solenoid_valve_may15\stm32duino_genericSTM32F103R\Release\core.a(exti.c.o)
                              (__irq_exti0)
C:\Users\Administrator\AppData\Local\Temp\VMBuilds\Solenoid_valve_may15\stm32duino_genericSTM32F103R\Release\core.a(exti_f1.c.o)
                              C:\Users\Administrator\AppData\Local\Temp\VMBuilds\Solenoid_valve_may15\stm32duino_genericSTM32F103R\Release\core.a(exti.c.o) (exti_select)
C:\Users\Administrator\AppData\Local\Temp\VMBuilds\Solenoid_valve_may15\stm32duino_genericSTM32F103R\Release\core.a(flash.c.o)
                              C:\Users\Administrator\AppData\Local\Temp\VMBCore\arduino16x\c74e2264f1aa7eb6cce575dcb5028aff\variant\boards.cpp.o (flash_set_latency)
C:\Users\Administrator\AppData\Local\Temp\VMBuilds\Solenoid_valve_may15\stm32duino_genericSTM32F103R\Release\core.a(gpio_f1.c.o)
                              C:\Users\Administrator\AppData\Local\Temp\VMBCore\arduino16x\c74e2264f1aa7eb6cce575dcb5028aff\variant\boards_setup.cpp.o (gpio_init_all)
C:\Users\Administrator\AppData\Local\Temp\VMBuilds\Solenoid_valve_may15\stm32duino_genericSTM32F103R\Release\core.a(i2c_f1.c.o)
                              (__irq_i2c1_ev)
C:\Users\Administrator\AppData\Local\Temp\VMBuilds\Solenoid_valve_may15\stm32duino_genericSTM32F103R\Release\core.a(nvic.c.o)
                              C:\Users\Administrator\AppData\Local\Temp\VMBuilds\Solenoid_valve_may15\stm32duino_genericSTM32F103R\Release\core.a(i2c_f1.c.o) (nvic_irq_set_priority)
C:\Users\Administrator\AppData\Local\Temp\VMBuilds\Solenoid_valve_may15\stm32duino_genericSTM32F103R\Release\core.a(rcc.c.o)
                              C:\Users\Administrator\AppData\Local\Temp\VMBCore\arduino16x\c74e2264f1aa7eb6cce575dcb5028aff\variant\boards.cpp.o (rcc_switch_sysclk)
C:\Users\Administrator\AppData\Local\Temp\VMBuilds\Solenoid_valve_may15\stm32duino_genericSTM32F103R\Release\core.a(rcc_f1.c.o)
                              C:\Users\Administrator\AppData\Local\Temp\VMBCore\arduino16x\c74e2264f1aa7eb6cce575dcb5028aff\variant\boards.cpp.o (rcc_configure_pll)
C:\Users\Administrator\AppData\Local\Temp\VMBuilds\Solenoid_valve_may15\stm32duino_genericSTM32F103R\Release\core.a(systick.c.o)
                              C:\Users\Administrator\AppData\Local\Temp\VMBCore\arduino16x\c74e2264f1aa7eb6cce575dcb5028aff\variant\boards.cpp.o (systick_init)
C:\Users\Administrator\AppData\Local\Temp\VMBuilds\Solenoid_valve_may15\stm32duino_genericSTM32F103R\Release\core.a(timer.c.o)
                              C:\Users\Administrator\AppData\Local\Temp\VMBCore\arduino16x\c74e2264f1aa7eb6cce575dcb5028aff\variant\boards.cpp.o (timer_foreach)
C:\Users\Administrator\AppData\Local\Temp\VMBuilds\Solenoid_valve_may15\stm32duino_genericSTM32F103R\Release\core.a(usart_f1.c.o)
                              (__irq_usart1)
C:\Users\Administrator\AppData\Local\Temp\VMBuilds\Solenoid_valve_may15\stm32duino_genericSTM32F103R\Release\core.a(usart_private.c.o)
                              C:\Users\Administrator\AppData\Local\Temp\VMBuilds\Solenoid_valve_may15\stm32duino_genericSTM32F103R\Release\core.a(usart_f1.c.o) (_usart_clock_freq)
C:\Users\Administrator\AppData\Local\Temp\VMBuilds\Solenoid_valve_may15\stm32duino_genericSTM32F103R\Release\core.a(util.c.o)
                              C:\Users\Administrator\AppData\Local\Temp\VMBuilds\Solenoid_valve_may15\stm32duino_genericSTM32F103R\Release\core.a(exc.S.o) (__error)
C:\Users\Administrator\AppData\Local\Temp\VMBuilds\Solenoid_valve_may15\stm32duino_genericSTM32F103R\Release\core.a(usb.c.o)
                              (__irq_usb_lp_can_rx0)
[...]
Memory Configuration

Name             Origin             Length             Attributes
ram              0x20000000         0x0000c000         xrw
rom              0x08000000         0x00040000         xr
*default*        0x00000000         0xffffffff

Linker script and memory map

LOAD c:/users/administrator/appdata/local/arduino15/packages/arduino/tools/arm-none-eabi-gcc/4.8.3-2014q1/bin/../lib/gcc/arm-none-eabi/4.8.3/armv7-m/crti.o
LOAD c:/users/administrator/appdata/local/arduino15/packages/arduino/tools/arm-none-eabi-gcc/4.8.3-2014q1/bin/../lib/gcc/arm-none-eabi/4.8.3/armv7-m/crtbegin.o
LOAD c:/users/administrator/appdata/local/arduino15/packages/arduino/tools/arm-none-eabi-gcc/4.8.3-2014q1/bin/../lib/gcc/arm-none-eabi/4.8.3/../../../../arm-none-eabi/lib/armv7-m/crt0.o
LOAD c:/users/administrator/appdata/local/arduino15/packages/arduino/tools/arm-none-eabi-gcc/4.8.3-2014q1/bin/../lib/gcc/arm-none-eabi/4.8.3/armv7-m\libgcc.a
START GROUP
LOAD Solenoid_valve_may15.cpp.o
LOAD MODBUS_RTU_CRC16.cpp.o
LOAD user_A011_E011.cpp.o
LOAD user_A025receipt.cpp.o
LOAD user_Character.cpp.o
LOAD user_crc8.cpp.o
LOAD user_DECtoHEX.cpp.o
LOAD user_filter.cpp.o
LOAD user_HEXtoDEC.cpp.o
LOAD user_initialization.cpp.o
LOAD user_judgement.cpp.o
LOAD user_lorainit.cpp.o
LOAD user_test.cpp.o
LOAD EEPROM\flash_stm32.c.o
LOAD EEPROM\EEPROM.cpp.o
LOAD C:\Users\Administrator\AppData\Local\Temp\VMBCore\arduino16x\c74e2264f1aa7eb6cce575dcb5028aff\variant\board.cpp.o
LOAD C:\Users\Administrator\AppData\Local\Temp\VMBCore\arduino16x\c74e2264f1aa7eb6cce575dcb5028aff\variant\boards.cpp.o
LOAD C:\Users\Administrator\AppData\Local\Temp\VMBCore\arduino16x\c74e2264f1aa7eb6cce575dcb5028aff\variant\boards_setup.cpp.o
LOAD C:\Users\Administrator\AppData\Local\Temp\VMBCore\arduino16x\c74e2264f1aa7eb6cce575dcb5028aff\variant\start.S.o
LOAD C:\Users\Administrator\AppData\Local\Temp\VMBCore\arduino16x\c74e2264f1aa7eb6cce575dcb5028aff\variant\start_c.c.o
LOAD C:\Users\Administrator\AppData\Local\Temp\VMBCore\arduino16x\c74e2264f1aa7eb6cce575dcb5028aff\variant\syscalls.c.o
LOAD C:\Users\Administrator\AppData\Local\Temp\VMBuilds\Solenoid_valve_may15\stm32duino_genericSTM32F103R\Release\core.a
END GROUP
LOAD c:/users/administrator/appdata/local/arduino15/packages/arduino/tools/arm-none-eabi-gcc/4.8.3-2014q1/bin/../lib/gcc/arm-none-eabi/4.8.3/../../../../arm-none-eabi/lib/armv7-m\libstdc++.a
LOAD c:/users/administrator/appdata/local/arduino15/packages/arduino/tools/arm-none-eabi-gcc/4.8.3-2014q1/bin/../lib/gcc/arm-none-eabi/4.8.3/../../../../arm-none-eabi/lib/armv7-m\libm.a
START GROUP
LOAD c:/users/administrator/appdata/local/arduino15/packages/arduino/tools/arm-none-eabi-gcc/4.8.3-2014q1/bin/../lib/gcc/arm-none-eabi/4.8.3/armv7-m\libgcc.a
LOAD c:/users/administrator/appdata/local/arduino15/packages/arduino/tools/arm-none-eabi-gcc/4.8.3-2014q1/bin/../lib/gcc/arm-none-eabi/4.8.3/../../../../arm-none-eabi/lib/armv7-m\libc.a
END GROUP
LOAD c:/users/administrator/appdata/local/arduino15/packages/arduino/tools/arm-none-eabi-gcc/4.8.3-2014q1/bin/../lib/gcc/arm-none-eabi/4.8.3/armv7-m/crtend.o
LOAD c:/users/administrator/appdata/local/arduino15/packages/arduino/tools/arm-none-eabi-gcc/4.8.3-2014q1/bin/../lib/gcc/arm-none-eabi/4.8.3/armv7-m/crtn.o
START GROUP
LOAD c:/users/administrator/appdata/local/arduino15/packages/arduino/tools/arm-none-eabi-gcc/4.8.3-2014q1/bin/../lib/gcc/arm-none-eabi/4.8.3/armv7-m\libgcc.a
LOAD c:/users/administrator/appdata/local/arduino15/packages/arduino/tools/arm-none-eabi-gcc/4.8.3-2014q1/bin/../lib/gcc/arm-none-eabi/4.8.3/../../../../arm-none-eabi/lib/armv7-m\libc.a
LOAD c:/users/administrator/appdata/local/arduino15/packages/arduino/tools/arm-none-eabi-gcc/4.8.3-2014q1/bin/../lib/gcc/arm-none-eabi/4.8.3/../../../../arm-none-eabi/lib/armv7-m\libm.a
END GROUP
START GROUP
LOAD c:/users/administrator/appdata/local/arduino15/packages/arduino/tools/arm-none-eabi-gcc/4.8.3-2014q1/bin/../lib/gcc/arm-none-eabi/4.8.3/../../../../arm-none-eabi/lib/armv7-m\libnosys.a
END GROUP
                0x2000c000                PROVIDE (__msp_init, (ORIGIN (ram) + 0xc000))
                0x08004124                PROVIDE (__exc_reset, __start__)

.text           0x08000000     0x992c
                0x08000000                __text_start__ = .
 *(.stm32.interrupt_vector)
 .stm32.interrupt_vector
                0x08000000      0x130 C:\Users\Administrator\AppData\Local\Temp\VMBuilds\Solenoid_valve_may15\stm32duino_genericSTM32F103R\Release\core.a(vector_table.S.o)
                0x08000000                __stm32_vector_table
 *(.text .text.* .gnu.linkonce.t.*)
 .text          0x08000130       0x54 c:/users/administrator/appdata/local/arduino15/packages/arduino/tools/arm-none-eabi-gcc/4.8.3-2014q1/bin/../lib/gcc/arm-none-eabi/4.8.3/armv7-m/crtbegin.o
 .text._Z5setupv
                0x08000184        0x4 Solenoid_valve_may15.cpp.o
                0x08000184                setup()
 .text._Z24Receive_information_lorav
                0x08000188      0x1a8 Solenoid_valve_may15.cpp.o
                0x08000188                Receive_information_lora()
 .text._Z23Receive_information_485v
                0x08000330       0xf8 Solenoid_valve_may15.cpp.o
                0x08000330                Receive_information_485()
 .text._Z4loopv
                0x08000428       0xec Solenoid_valve_may15.cpp.o
                0x08000428                loop()
 .text._Z9E011_initv
                0x08000514      0x248 user_A011_E011.cpp.o
                0x08000514                E011_init()
 .text._Z9Send_E011i
                0x0800075c      0x324 user_A011_E011.cpp.o
                0x0800075c                Send_E011(int)
 .text._Z12Receive_A011Phi
                0x08000a80       0xc0 user_A011_E011.cpp.o
                0x08000a80                Receive_A011(unsigned char*, int)
 .text._Z9E015_initv
                0x08000b40       0xd4 user_A025receipt.cpp.o
                0x08000b40                E015_init()
 .text._Z9Send_E015iii
                0x08000c14      0x230 user_A025receipt.cpp.o
                0x08000c14                Send_E015(int, int, int)
 .text._Z12Receive_A012Phi
                0x08000e44      0x214 user_A025receipt.cpp.o
                0x08000e44                Receive_A012(unsigned char*, int)
 .text._Z12Receive_A013Phi
                0x08001058      0x280 user_A025receipt.cpp.o
                0x08001058                Receive_A013(unsigned char*, int)
 .text._Z11Get_voltagev
                0x080012d8       0x38 user_A025receipt.cpp.o
                0x080012d8                Get_voltage()
 .text._Z15Water_pressure1v
                0x08001310      0x1a0 user_A025receipt.cpp.o
                0x08001310                Water_pressure1()
 .text._Z15Water_pressure2v
                0x080014b0      0x1ac user_A025receipt.cpp.o
                0x080014b0                Water_pressure2()
 .text._Z18Report_informationf
                0x0800165c       0xa4 user_A025receipt.cpp.o
                0x0800165c                Report_information(float)
 .text._Z9E014_easyv
                0x08001700      0x168 user_A025receipt.cpp.o
                0x08001700                E014_easy()
 .text._Z12Receive_A025Phi
                0x08001868      0x52c user_A025receipt.cpp.o
                0x08001868                Receive_A025(unsigned char*, int)
 .text._Z12Signal_queryv
                0x08001d94      0x1f0 user_A025receipt.cpp.o
                0x08001d94                Signal_query()
 .text._Z9E014_initv
                0x08001f84       0xd0 user_A025receipt.cpp.o
                0x08001f84                E014_init()
 .text._Z9Send_E014v
                0x08002054      0x254 user_A025receipt.cpp.o
                0x08002054                Send_E014()
 .text._Z12Receive_A014Phi
                0x080022a8      0x12c user_A025receipt.cpp.o
                0x080022a8                Receive_A014(unsigned char*, int)
 .text._Z9forswitchv
                0x080023d4      0x294 user_A025receipt.cpp.o
                0x080023d4                forswitch()
 .text.__tcf_0  0x08002668       0x1c user_Character.cpp.o
 .text.startup._GLOBAL__sub_I_Char_buffer
                0x08002684       0x38 user_Character.cpp.o
 .text._Z7GetCrc8Phi
                0x080026bc       0x2e user_crc8.cpp.o
                0x080026bc                GetCrc8(unsigned char*, int)
 *fill*         0x080026ea        0x2 
 .text._Z6FilterPfi
                0x080026ec      0x244 user_filter.cpp.o
                0x080026ec                Filter(float*, int)
 .text._Z14Initializationv
                0x08002930      0x2b0 user_initialization.cpp.o
                0x08002930                Initialization()
 .text._Z18Judgement_functionPhii
                0x08002be0      0x1b8 user_judgement.cpp.o
                0x08002be0                Judgement_function(unsigned char*, int, int)
 .text._Z19LORA_Initializationv
                0x08002d98      0xbb8 user_lorainit.cpp.o
                0x08002d98                LORA_Initialization()
 .text.FLASH_GetStatus
                0x08003950       0x34 EEPROM\flash_stm32.c.o
                0x08003950                FLASH_GetStatus
 .text.FLASH_WaitForLastOperation
                0x08003984       0x36 EEPROM\flash_stm32.c.o
                0x08003984                FLASH_WaitForLastOperation
 *fill*         0x080039ba        0x2 
 .text.FLASH_ErasePage
                0x080039bc       0x44 EEPROM\flash_stm32.c.o
                0x080039bc                FLASH_ErasePage
 .text.FLASH_ProgramHalfWord
                0x08003a00       0x4c EEPROM\flash_stm32.c.o
                0x08003a00                FLASH_ProgramHalfWord
 .text.FLASH_Unlock
                0x08003a4c       0x18 EEPROM\flash_stm32.c.o
                0x08003a4c                FLASH_Unlock
 .text._ZN11EEPROMClass12EE_CheckPageEmt
                0x08003a64       0x32 EEPROM\EEPROM.cpp.o
                0x08003a64                EEPROMClass::EE_CheckPage(unsigned long, unsigned short)
 .text._ZN11EEPROMClass12EE_ErasePageEm
                0x08003a96       0x3e EEPROM\EEPROM.cpp.o
                0x08003a96                EEPROMClass::EE_ErasePage(unsigned long)
 .text._ZN11EEPROMClass17EE_CheckErasePageEmt
                0x08003ad4       0x2a EEPROM\EEPROM.cpp.o
                0x08003ad4                EEPROMClass::EE_CheckErasePage(unsigned long, unsigned short)
 .text._ZN11EEPROMClass16EE_FindValidPageEv
                0x08003afe       0x2e EEPROM\EEPROM.cpp.o
                0x08003afe                EEPROMClass::EE_FindValidPage()
 .text._ZN11EEPROMClass20EE_GetVariablesCountEmt
                0x08003b2c       0x3a EEPROM\EEPROM.cpp.o
                0x08003b2c                EEPROMClass::EE_GetVariablesCount(unsigned long, unsigned short)
 .text._ZN11EEPROMClass15EE_PageTransferEmmt
                0x08003b66       0xa0 EEPROM\EEPROM.cpp.o
                0x08003b66                EEPROMClass::EE_PageTransfer(unsigned long, unsigned long, unsigned short)
 .text._ZN11EEPROMClass30EE_VerifyPageFullWriteVariableEtt
                0x08003c06       0xe4 EEPROM\EEPROM.cpp.o
                0x08003c06                EEPROMClass::EE_VerifyPageFullWriteVariable(unsigned short, unsigned short)
 .text._ZN11EEPROMClass6formatEv
                0x08003cea       0x3e EEPROM\EEPROM.cpp.o
                0x08003cea                EEPROMClass::format()
 .text._ZN11EEPROMClass4initEv
                0x08003d28       0xcc EEPROM\EEPROM.cpp.o
                0x08003d28                EEPROMClass::init()
 .text._ZN11EEPROMClass4readEtPt
                0x08003df4       0x50 EEPROM\EEPROM.cpp.o
                0x08003df4                EEPROMClass::read(unsigned short, unsigned short*)
 .text._ZN11EEPROMClass4readEt
                0x08003e44       0x14 EEPROM\EEPROM.cpp.o
                0x08003e44                EEPROMClass::read(unsigned short)
 .text._ZN11EEPROMClass5writeEtt
                0x08003e58       0x32 EEPROM\EEPROM.cpp.o
                0x08003e58                EEPROMClass::write(unsigned short, unsigned short)
 *fill*         0x08003e8a        0x2 
 .text.startup._GLOBAL__sub_I__ZN11EEPROMClass12EE_CheckPageEmt
                0x08003e8c       0x20 EEPROM\EEPROM.cpp.o
 .text.startup._GLOBAL__sub_I_PIN_MAP
                0x08003eac       0x74 C:\Users\Administrator\AppData\Local\Temp\VMBCore\arduino16x\c74e2264f1aa7eb6cce575dcb5028aff\variant\board.cpp.o
 .text._ZL18adc_default_configP7adc_dev
                0x08003f20       0x1c C:\Users\Administrator\AppData\Local\Temp\VMBCore\arduino16x\c74e2264f1aa7eb6cce575dcb5028aff\variant\boards.cpp.o
 .text._ZL20timer_default_configP9timer_dev
                0x08003f3c       0x9e C:\Users\Administrator\AppData\Local\Temp\VMBCore\arduino16x\c74e2264f1aa7eb6cce575dcb5028aff\variant\boards.cpp.o
 .text._Z9boardInitv
                0x08003fda        0x2 C:\Users\Administrator\AppData\Local\Temp\VMBCore\arduino16x\c74e2264f1aa7eb6cce575dcb5028aff\variant\boards.cpp.o
                0x08003fda                boardInit()
 .text._Z4initv
                0x08003fdc       0xbc C:\Users\Administrator\AppData\Local\Temp\VMBCore\arduino16x\c74e2264f1aa7eb6cce575dcb5028aff\variant\boards.cpp.o
                0x08003fdc                init()
 .text._ZN6wirish4priv15board_reset_pllEv
                0x08004098        0x2 C:\Users\Administrator\AppData\Local\Temp\VMBCore\arduino16x\c74e2264f1aa7eb6cce575dcb5028aff\variant\boards_setup.cpp.o
                0x08004098                wirish::priv::board_reset_pll()
 .text._ZN6wirish4priv28board_setup_clock_prescalersEv
                0x0800409a       0x2e C:\Users\Administrator\AppData\Local\Temp\VMBCore\arduino16x\c74e2264f1aa7eb6cce575dcb5028aff\variant\boards_setup.cpp.o
                0x0800409a                wirish::priv::board_setup_clock_prescalers()
 .text._ZN6wirish4priv16board_setup_gpioEv
                0x080040c8        0x4 C:\Users\Administrator\AppData\Local\Temp\VMBCore\arduino16x\c74e2264f1aa7eb6cce575dcb5028aff\variant\boards_setup.cpp.o
                0x080040c8                wirish::priv::board_setup_gpio()
 .text._ZN6wirish4priv15board_setup_usbEv
                0x080040cc       0x54 C:\Users\Administrator\AppData\Local\Temp\VMBCore\arduino16x\c74e2264f1aa7eb6cce575dcb5028aff\variant\boards_setup.cpp.o
                0x080040cc                wirish::priv::board_setup_usb()
 .text._ZN6wirish4priv11series_initEv
                0x08004120        0x4 C:\Users\Administrator\AppData\Local\Temp\VMBCore\arduino16x\c74e2264f1aa7eb6cce575dcb5028aff\variant\boards_setup.cpp.o
                0x08004120                wirish::priv::series_init()
 .text          0x08004124       0x10 C:\Users\Administrator\AppData\Local\Temp\VMBCore\arduino16x\c74e2264f1aa7eb6cce575dcb5028aff\variant\start.S.o
                0x08004124                __start__
 .text.start_c  0x08004134       0x64 C:\Users\Administrator\AppData\Local\Temp\VMBCore\arduino16x\c74e2264f1aa7eb6cce575dcb5028aff\variant\start_c.c.o
                0x08004134                start_c
 .text._sbrk    0x08004198       0x44 C:\Users\Administrator\AppData\Local\Temp\VMBCore\arduino16x\c74e2264f1aa7eb6cce575dcb5028aff\variant\syscalls.c.o
                0x08004198                _sbrk
 .text._exit    0x080041dc        0x2 C:\Users\Administrator\AppData\Local\Temp\VMBCore\arduino16x\c74e2264f1aa7eb6cce575dcb5028aff\variant\syscalls.c.o
                0x080041dc                _exit
 *fill*         0x080041de        0x2 
 .text          0x080041e0       0x60 C:\Users\Administrator\AppData\Local\Temp\VMBuilds\Solenoid_valve_may15\stm32duino_genericSTM32F103R\Release\core.a(exc.S.o)
                0x080041e0                __exc_nmi
                0x080041e4                __exc_hardfault
                0x080041e8                __exc_memmanage
                0x080041ec                __exc_busfault
                0x080041f0                __exc_usagefault
 .text          0x08004240        0x2 C:\Users\Administrator\AppData\Local\Temp\VMBuilds\Solenoid_valve_may15\stm32duino_genericSTM32F103R\Release\core.a(isrs.S.o)
                0x08004240                __stm32reservedexception9
                0x08004240                __irq_sdio
                0x08004240                __irq_fsmc
                0x08004240                __exc_debug_monitor
                0x08004240                __exc_svc
                0x08004240                __irq_can_rx1
                0x08004240                __irq_spi2
                0x08004240                __irq_can_sce
                0x08004240                __irq_pvd
                0x08004240                __irq_tamper
                0x08004240                __default_handler
                0x08004240                __irq_wwdg
                0x08004240                __stm32reservedexception10
                0x08004240                __irq_flash
                0x08004240                __stm32reservedexception13
                0x08004240                __irq_rtc
                0x08004240                __irq_spi1
                0x08004240                __stm32reservedexception7
                0x08004240                __irq_usb_hp_can_tx
                0x08004240                __irq_rtcalarm
                0x08004240                __irq_spi3
                0x08004240                __stm32reservedexception8
                0x08004240                __exc_pendsv
                0x08004240                __irq_usbwakeup
                0x08004240                __irq_rcc
 .text.adc_init
                0x08004242       0x14 C:\Users\Administrator\AppData\Local\Temp\VMBuilds\Solenoid_valve_may15\stm32duino_genericSTM32F103R\Release\core.a(adc.c.o)
                0x08004242                adc_init
 .text.adc_set_extsel
                0x08004256       0x12 C:\Users\Administrator\AppData\Local\Temp\VMBuilds\Solenoid_valve_may15\stm32duino_genericSTM32F103R\Release\core.a(adc.c.o)
                0x08004256                adc_set_extsel
 .text.adc_set_sample_rate
                0x08004268       0x30 C:\Users\Administrator\AppData\Local\Temp\VMBuilds\Solenoid_valve_may15\stm32duino_genericSTM32F103R\Release\core.a(adc.c.o)
                0x08004268                adc_set_sample_rate
 .text.adc_read
                0x08004298       0x20 C:\Users\Administrator\AppData\Local\Temp\VMBuilds\Solenoid_valve_may15\stm32duino_genericSTM32F103R\Release\core.a(adc.c.o)
                0x08004298                adc_read
 .text.__irq_adc
                0x080042b8       0x50 C:\Users\Administrator\AppData\Local\Temp\VMBuilds\Solenoid_valve_may15\stm32duino_genericSTM32F103R\Release\core.a(adc_f1.c.o)
                0x080042b8                __irq_adc
 .text.__irq_adc3
                0x08004308       0x50 C:\Users\Administrator\AppData\Local\Temp\VMBuilds\Solenoid_valve_may15\stm32duino_genericSTM32F103R\Release\core.a(adc_f1.c.o)
                0x08004308                __irq_adc3
 .text.adc_calibrate
                0x08004358       0x24 C:\Users\Administrator\AppData\Local\Temp\VMBuilds\Solenoid_valve_may15\stm32duino_genericSTM32F103R\Release\core.a(adc_f1.c.o)
                0x08004358                adc_calibrate
 .text.adc_set_prescaler
                0x0800437c        0x8 C:\Users\Administrator\AppData\Local\Temp\VMBuilds\Solenoid_valve_may15\stm32duino_genericSTM32F103R\Release\core.a(adc_f1.c.o)
                0x0800437c                adc_set_prescaler
 .text.adc_foreach
                0x08004384       0x24 C:\Users\Administrator\AppData\Local\Temp\VMBuilds\Solenoid_valve_may15\stm32duino_genericSTM32F103R\Release\core.a(adc_f1.c.o)
                0x08004384                adc_foreach
 .text.adc_enable_single_swstart
                0x080043a8       0x36 C:\Users\Administrator\AppData\Local\Temp\VMBuilds\Solenoid_valve_may15\stm32duino_genericSTM32F103R\Release\core.a(adc_f1.c.o)
                0x080043a8                adc_enable_single_swstart
 *fill*         0x080043de        0x2 
 .text.__irq_dma1_channel1
                0x080043e0       0x18 C:\Users\Administrator\AppData\Local\Temp\VMBuilds\Solenoid_valve_may15\stm32duino_genericSTM32F103R\Release\core.a(dma_f1.c.o)
                0x080043e0                __irq_dma1_channel1
 .text.__irq_dma1_channel2
                0x080043f8       0x18 C:\Users\Administrator\AppData\Local\Temp\VMBuilds\Solenoid_valve_may15\stm32duino_genericSTM32F103R\Release\core.a(dma_f1.c.o)
                0x080043f8                __irq_dma1_channel2
 .text.__irq_dma1_channel3
                0x08004410       0x1c C:\Users\Administrator\AppData\Local\Temp\VMBuilds\Solenoid_valve_may15\stm32duino_genericSTM32F103R\Release\core.a(dma_f1.c.o)
                0x08004410                __irq_dma1_channel3
 .text.__irq_dma1_channel4
                0x0800442c       0x1c C:\Users\Administrator\AppData\Local\Temp\VMBuilds\Solenoid_valve_may15\stm32duino_genericSTM32F103R\Release\core.a(dma_f1.c.o)
                0x0800442c                __irq_dma1_channel4
 .text.__irq_dma1_channel5
                0x08004448       0x1c C:\Users\Administrator\AppData\Local\Temp\VMBuilds\Solenoid_valve_may15\stm32duino_genericSTM32F103R\Release\core.a(dma_f1.c.o)
                0x08004448                __irq_dma1_channel5
 .text.__irq_dma1_channel6
                0x08004464       0x1c C:\Users\Administrator\AppData\Local\Temp\VMBuilds\Solenoid_valve_may15\stm32duino_genericSTM32F103R\Release\core.a(dma_f1.c.o)
                0x08004464                __irq_dma1_channel6
 .text.__irq_dma1_channel7
                0x08004480       0x1c C:\Users\Administrator\AppData\Local\Temp\VMBuilds\Solenoid_valve_may15\stm32duino_genericSTM32F103R\Release\core.a(dma_f1.c.o)
                0x08004480                __irq_dma1_channel7
 .text.__irq_dma2_channel1
                0x0800449c       0x18 C:\Users\Administrator\AppData\Local\Temp\VMBuilds\Solenoid_valve_may15\stm32duino_genericSTM32F103R\Release\core.a(dma_f1.c.o)
                0x0800449c                __irq_dma2_channel1
 .text.__irq_dma2_channel2
                0x080044b4       0x18 C:\Users\Administrator\AppData\Local\Temp\VMBuilds\Solenoid_valve_may15\stm32duino_genericSTM32F103R\Release\core.a(dma_f1.c.o)
                0x080044b4                __irq_dma2_channel2
 .text.__irq_dma2_channel3
                0x080044cc       0x1c C:\Users\Administrator\AppData\Local\Temp\VMBuilds\Solenoid_valve_may15\stm32duino_genericSTM32F103R\Release\core.a(dma_f1.c.o)
                0x080044cc                __irq_dma2_channel3
 .text.__irq_dma2_channel4_5
                0x080044e8       0x4c C:\Users\Administrator\AppData\Local\Temp\VMBuilds\Solenoid_valve_may15\stm32duino_genericSTM32F103R\Release\core.a(dma_f1.c.o)
                0x080044e8                __irq_dma2_channel4_5
 .text.__irq_exti0
                0x08004534       0x20 C:\Users\Administrator\AppData\Local\Temp\VMBuilds\Solenoid_valve_may15\stm32duino_genericSTM32F103R\Release\core.a(exti.c.o)
                0x08004534                __irq_exti0
 .text.__irq_exti1
                0x08004554       0x20 C:\Users\Administrator\AppData\Local\Temp\VMBuilds\Solenoid_valve_may15\stm32duino_genericSTM32F103R\Release\core.a(exti.c.o)
                0x08004554                __irq_exti1
 .text.__irq_exti2
                0x08004574       0x20 C:\Users\Administrator\AppData\Local\Temp\VMBuilds\Solenoid_valve_may15\stm32duino_genericSTM32F103R\Release\core.a(exti.c.o)
                0x08004574                __irq_exti2
 .text.__irq_exti3
                0x08004594       0x20 C:\Users\Administrator\AppData\Local\Temp\VMBuilds\Solenoid_valve_may15\stm32duino_genericSTM32F103R\Release\core.a(exti.c.o)
                0x08004594                __irq_exti3
 .text.__irq_exti4
                0x080045b4       0x20 C:\Users\Administrator\AppData\Local\Temp\VMBuilds\Solenoid_valve_may15\stm32duino_genericSTM32F103R\Release\core.a(exti.c.o)
                0x080045b4                __irq_exti4
 .text.__irq_exti9_5
                0x080045d4       0x44 C:\Users\Administrator\AppData\Local\Temp\VMBuilds\Solenoid_valve_may15\stm32duino_genericSTM32F103R\Release\core.a(exti.c.o)
                0x080045d4                __irq_exti9_5
 .text.__irq_exti15_10
                0x08004618       0x44 C:\Users\Administrator\AppData\Local\Temp\VMBuilds\Solenoid_valve_may15\stm32duino_genericSTM32F103R\Release\core.a(exti.c.o)
                0x08004618                __irq_exti15_10
 .text.flash_set_latency
                0x0800465c       0x14 C:\Users\Administrator\AppData\Local\Temp\VMBuilds\Solenoid_valve_may15\stm32duino_genericSTM32F103R\Release\core.a(flash.c.o)
                0x0800465c                flash_set_latency
 .text.gpio_init_all
                0x08004670       0x30 C:\Users\Administrator\AppData\Local\Temp\VMBuilds\Solenoid_valve_may15\stm32duino_genericSTM32F103R\Release\core.a(gpio_f1.c.o)
                0x08004670                gpio_init_all
 .text.gpio_set_mode
                0x080046a0       0x50 C:\Users\Administrator\AppData\Local\Temp\VMBuilds\Solenoid_valve_may15\stm32duino_genericSTM32F103R\Release\core.a(gpio_f1.c.o)
                0x080046a0                gpio_set_mode
 .text.afio_init
                0x080046f0       0x12 C:\Users\Administrator\AppData\Local\Temp\VMBuilds\Solenoid_valve_may15\stm32duino_genericSTM32F103R\Release\core.a(gpio_f1.c.o)
                0x080046f0                afio_init
 *fill*         0x08004702        0x2 
 .text.__irq_i2c1_ev
                0x08004704        0xc C:\Users\Administrator\AppData\Local\Temp\VMBuilds\Solenoid_valve_may15\stm32duino_genericSTM32F103R\Release\core.a(i2c_f1.c.o)
                0x08004704                __irq_i2c1_ev
 .text.__irq_i2c2_ev
                0x08004710        0xc C:\Users\Administrator\AppData\Local\Temp\VMBuilds\Solenoid_valve_may15\stm32duino_genericSTM32F103R\Release\core.a(i2c_f1.c.o)
                0x08004710                __irq_i2c2_ev
 .text.__irq_i2c1_er
                0x0800471c        0xc C:\Users\Administrator\AppData\Local\Temp\VMBuilds\Solenoid_valve_may15\stm32duino_genericSTM32F103R\Release\core.a(i2c_f1.c.o)
                0x0800471c                __irq_i2c1_er
 .text.__irq_i2c2_er
                0x08004728        0xc C:\Users\Administrator\AppData\Local\Temp\VMBuilds\Solenoid_valve_may15\stm32duino_genericSTM32F103R\Release\core.a(i2c_f1.c.o)
                0x08004728                __irq_i2c2_er
 .text._i2c_irq_priority_fixup
                0x08004734       0x1c C:\Users\Administrator\AppData\Local\Temp\VMBuilds\Solenoid_valve_may15\stm32duino_genericSTM32F103R\Release\core.a(i2c_f1.c.o)
                0x08004734                _i2c_irq_priority_fixup
 .text.nvic_irq_set_priority
                0x08004750       0x28 C:\Users\Administrator\AppData\Local\Temp\VMBuilds\Solenoid_valve_may15\stm32duino_genericSTM32F103R\Release\core.a(nvic.c.o)
                0x08004750                nvic_irq_set_priority
 .text.nvic_init
                0x08004778       0x30 C:\Users\Administrator\AppData\Local\Temp\VMBuilds\Solenoid_valve_may15\stm32duino_genericSTM32F103R\Release\core.a(nvic.c.o)
                0x08004778                nvic_init
 .text.nvic_sys_reset
                0x080047a8       0x1c C:\Users\Administrator\AppData\Local\Temp\VMBuilds\Solenoid_valve_may15\stm32duino_genericSTM32F103R\Release\core.a(nvic.c.o)
                0x080047a8                nvic_sys_reset
 .text.rcc_dev_clk
                0x080047c4        0xc C:\Users\Administrator\AppData\Local\Temp\VMBuilds\Solenoid_valve_may15\stm32duino_genericSTM32F103R\Release\core.a(rcc.c.o)
                0x080047c4                rcc_dev_clk
 .text.rcc_switch_sysclk
                0x080047d0       0x20 C:\Users\Administrator\AppData\Local\Temp\VMBuilds\Solenoid_valve_may15\stm32duino_genericSTM32F103R\Release\core.a(rcc.c.o)
                0x080047d0                rcc_switch_sysclk
 .text.rcc_turn_on_clk
                0x080047f0       0x1a C:\Users\Administrator\AppData\Local\Temp\VMBuilds\Solenoid_valve_may15\stm32duino_genericSTM32F103R\Release\core.a(rcc.c.o)
                0x080047f0                rcc_turn_on_clk
 .text.rcc_turn_off_clk
                0x0800480a       0x1c C:\Users\Administrator\AppData\Local\Temp\VMBuilds\Solenoid_valve_may15\stm32duino_genericSTM32F103R\Release\core.a(rcc.c.o)
                0x0800480a                rcc_turn_off_clk
 .text.rcc_is_clk_ready
                0x08004826       0x18 C:\Users\Administrator\AppData\Local\Temp\VMBuilds\Solenoid_valve_may15\stm32duino_genericSTM32F103R\Release\core.a(rcc.c.o)
                0x08004826                rcc_is_clk_ready
 *fill*         0x0800483e        0x2 
 .text.rcc_configure_pll
                0x08004840       0x18 C:\Users\Administrator\AppData\Local\Temp\VMBuilds\Solenoid_valve_may15\stm32duino_genericSTM32F103R\Release\core.a(rcc_f1.c.o)
                0x08004840                rcc_configure_pll
 .text.rcc_clk_enable
                0x08004858       0x30 C:\Users\Administrator\AppData\Local\Temp\VMBuilds\Solenoid_valve_may15\stm32duino_genericSTM32F103R\Release\core.a(rcc_f1.c.o)
                0x08004858                rcc_clk_enable
 .text.rcc_reset_dev
                0x08004888       0x34 C:\Users\Administrator\AppData\Local\Temp\VMBuilds\Solenoid_valve_may15\stm32duino_genericSTM32F103R\Release\core.a(rcc_f1.c.o)
                0x08004888                rcc_reset_dev
 .text.rcc_set_prescaler
                0x080048bc       0x20 C:\Users\Administrator\AppData\Local\Temp\VMBuilds\Solenoid_valve_may15\stm32duino_genericSTM32F103R\Release\core.a(rcc_f1.c.o)
                0x080048bc                rcc_set_prescaler
 .text.rcc_clk_disable
                0x080048dc       0x30 C:\Users\Administrator\AppData\Local\Temp\VMBuilds\Solenoid_valve_may15\stm32duino_genericSTM32F103R\Release\core.a(rcc_f1.c.o)
                0x080048dc                rcc_clk_disable
 .text.systick_init
                0x0800490c       0x10 C:\Users\Administrator\AppData\Local\Temp\VMBuilds\Solenoid_valve_may15\stm32duino_genericSTM32F103R\Release\core.a(systick.c.o)
                0x0800490c                systick_init
 .text.__exc_systick
                0x0800491c       0x1c C:\Users\Administrator\AppData\Local\Temp\VMBuilds\Solenoid_valve_may15\stm32duino_genericSTM32F103R\Release\core.a(systick.c.o)
                0x0800491c                __exc_systick
 .text.timer_oc_set_mode
                0x08004938       0x3a C:\Users\Administrator\AppData\Local\Temp\VMBuilds\Solenoid_valve_may15\stm32duino_genericSTM32F103R\Release\core.a(timer.c.o)
 .text.timer_cc_enable
                0x08004972       0x1c C:\Users\Administrator\AppData\Local\Temp\VMBuilds\Solenoid_valve_may15\stm32duino_genericSTM32F103R\Release\core.a(timer.c.o)
 *fill*         0x0800498e        0x2 
 .text.timer_foreach
                0x08004990       0x48 C:\Users\Administrator\AppData\Local\Temp\VMBuilds\Solenoid_valve_may15\stm32duino_genericSTM32F103R\Release\core.a(timer.c.o)
                0x08004990                timer_foreach
 .text.timer_init
                0x080049d8       0x14 C:\Users\Administrator\AppData\Local\Temp\VMBuilds\Solenoid_valve_may15\stm32duino_genericSTM32F103R\Release\core.a(timer.c.o)
                0x080049d8                timer_init
 .text.timer_has_cc_channel
                0x080049ec       0x30 C:\Users\Administrator\AppData\Local\Temp\VMBuilds\Solenoid_valve_may15\stm32duino_genericSTM32F103R\Release\core.a(timer.c.o)
                0x080049ec                timer_has_cc_channel
 .text.timer_detach_interrupt
                0x08004a1c       0x1e C:\Users\Administrator\AppData\Local\Temp\VMBuilds\Solenoid_valve_may15\stm32duino_genericSTM32F103R\Release\core.a(timer.c.o)
                0x08004a1c                timer_detach_interrupt
 .text.input_capture_mode
                0x08004a3a       0x1a C:\Users\Administrator\AppData\Local\Temp\VMBuilds\Solenoid_valve_may15\stm32duino_genericSTM32F103R\Release\core.a(timer.c.o)
                0x08004a3a                input_capture_mode
 .text.timer_set_mode
                0x08004a54       0x8c C:\Users\Administrator\AppData\Local\Temp\VMBuilds\Solenoid_valve_may15\stm32duino_genericSTM32F103R\Release\core.a(timer.c.o)
                0x08004a54                timer_set_mode
 .text.__irq_tim1_brk
                0x08004ae0       0x24 C:\Users\Administrator\AppData\Local\Temp\VMBuilds\Solenoid_valve_may15\stm32duino_genericSTM32F103R\Release\core.a(timer.c.o)
                0x08004ae0                __irq_tim1_brk
 .text.__irq_tim1_up
                0x08004b04       0x24 C:\Users\Administrator\AppData\Local\Temp\VMBuilds\Solenoid_valve_may15\stm32duino_genericSTM32F103R\Release\core.a(timer.c.o)
                0x08004b04                __irq_tim1_up
 .text.__irq_tim1_trg_com
                0x08004b28       0x34 C:\Users\Administrator\AppData\Local\Temp\VMBuilds\Solenoid_valve_may15\stm32duino_genericSTM32F103R\Release\core.a(timer.c.o)
                0x08004b28                __irq_tim1_trg_com
 .text.__irq_tim1_cc
                0x08004b5c       0x50 C:\Users\Administrator\AppData\Local\Temp\VMBuilds\Solenoid_valve_may15\stm32duino_genericSTM32F103R\Release\core.a(timer.c.o)
                0x08004b5c                __irq_tim1_cc
 .text.__irq_tim2
                0x08004bac       0x6c C:\Users\Administrator\AppData\Local\Temp\VMBuilds\Solenoid_valve_may15\stm32duino_genericSTM32F103R\Release\core.a(timer.c.o)
                0x08004bac                __irq_tim2
 .text.__irq_tim3
                0x08004c18       0x6c C:\Users\Administrator\AppData\Local\Temp\VMBuilds\Solenoid_valve_may15\stm32duino_genericSTM32F103R\Release\core.a(timer.c.o)
                0x08004c18                __irq_tim3
 .text.__irq_tim4
                0x08004c84       0x6c C:\Users\Administrator\AppData\Local\Temp\VMBuilds\Solenoid_valve_may15\stm32duino_genericSTM32F103R\Release\core.a(timer.c.o)
                0x08004c84                __irq_tim4
 .text.__irq_tim5
                0x08004cf0       0x6c C:\Users\Administrator\AppData\Local\Temp\VMBuilds\Solenoid_valve_may15\stm32duino_genericSTM32F103R\Release\core.a(timer.c.o)
                0x08004cf0                __irq_tim5
 .text.__irq_tim6
                0x08004d5c       0x24 C:\Users\Administrator\AppData\Local\Temp\VMBuilds\Solenoid_valve_may15\stm32duino_genericSTM32F103R\Release\core.a(timer.c.o)
                0x08004d5c                __irq_tim6
 .text.__irq_tim7
                0x08004d80       0x24 C:\Users\Administrator\AppData\Local\Temp\VMBuilds\Solenoid_valve_may15\stm32duino_genericSTM32F103R\Release\core.a(timer.c.o)
                0x08004d80                __irq_tim7
 .text.__irq_tim8_brk
                0x08004da4       0x24 C:\Users\Administrator\AppData\Local\Temp\VMBuilds\Solenoid_valve_may15\stm32duino_genericSTM32F103R\Release\core.a(timer.c.o)
                0x08004da4                __irq_tim8_brk
 .text.__irq_tim8_up
                0x08004dc8       0x24 C:\Users\Administrator\AppData\Local\Temp\VMBuilds\Solenoid_valve_may15\stm32duino_genericSTM32F103R\Release\core.a(timer.c.o)
                0x08004dc8                __irq_tim8_up
 .text.__irq_tim8_trg_com
                0x08004dec       0x34 C:\Users\Administrator\AppData\Local\Temp\VMBuilds\Solenoid_valve_may15\stm32duino_genericSTM32F103R\Release\core.a(timer.c.o)
                0x08004dec                __irq_tim8_trg_com
 .text.__irq_tim8_cc
                0x08004e20       0x50 C:\Users\Administrator\AppData\Local\Temp\VMBuilds\Solenoid_valve_may15\stm32duino_genericSTM32F103R\Release\core.a(timer.c.o)
                0x08004e20                __irq_tim8_cc
 .text.rb_remove
                0x08004e70       0x24 C:\Users\Administrator\AppData\Local\Temp\VMBuilds\Solenoid_valve_may15\stm32duino_genericSTM32F103R\Release\core.a(usart_f1.c.o)
 .text.rb_push_insert
                0x08004e94       0x52 C:\Users\Administrator\AppData\Local\Temp\VMBuilds\Solenoid_valve_may15\stm32duino_genericSTM32F103R\Release\core.a(usart_f1.c.o)
 .text.usart_config_gpios_async
                0x08004ee6       0x4a C:\Users\Administrator\AppData\Local\Temp\VMBuilds\Solenoid_valve_may15\stm32duino_genericSTM32F103R\Release\core.a(usart_f1.c.o)
                0x08004ee6                usart_config_gpios_async
 .text.usart_set_baud_rate
                0x08004f30       0x3c C:\Users\Administrator\AppData\Local\Temp\VMBuilds\Solenoid_valve_may15\stm32duino_genericSTM32F103R\Release\core.a(usart_f1.c.o)
                0x08004f30                usart_set_baud_rate
 .text.__irq_usart1
                0x08004f6c       0x54 C:\Users\Administrator\AppData\Local\Temp\VMBuilds\Solenoid_valve_may15\stm32duino_genericSTM32F103R\Release\core.a(usart_f1.c.o)
                0x08004f6c                __irq_usart1
 .text.__irq_usart2
                0x08004fc0       0x54 C:\Users\Administrator\AppData\Local\Temp\VMBuilds\Solenoid_valve_may15\stm32duino_genericSTM32F103R\Release\core.a(usart_f1.c.o)
                0x08004fc0                __irq_usart2
 .text.__irq_usart3
                0x08005014       0x54 C:\Users\Administrator\AppData\Local\Temp\VMBuilds\Solenoid_valve_may15\stm32duino_genericSTM32F103R\Release\core.a(usart_f1.c.o)
                0x08005014                __irq_usart3
 .text.__irq_uart4
                0x08005068       0x54 C:\Users\Administrator\AppData\Local\Temp\VMBuilds\Solenoid_valve_may15\stm32duino_genericSTM32F103R\Release\core.a(usart_f1.c.o)
                0x08005068                __irq_uart4
 .text.__irq_uart5
                0x080050bc       0x54 C:\Users\Administrator\AppData\Local\Temp\VMBuilds\Solenoid_valve_may15\stm32duino_genericSTM32F103R\Release\core.a(usart_f1.c.o)
                0x080050bc                __irq_uart5
 .text._usart_clock_freq
                0x08005110       0x24 C:\Users\Administrator\AppData\Local\Temp\VMBuilds\Solenoid_valve_may15\stm32duino_genericSTM32F103R\Release\core.a(usart_private.c.o)
                0x08005110                _usart_clock_freq
 .text.throb    0x08005134       0x4c C:\Users\Administrator\AppData\Local\Temp\VMBuilds\Solenoid_valve_may15\stm32duino_genericSTM32F103R\Release\core.a(util.c.o)
                0x08005134                throb
 .text.__error  0x08005180       0x14 C:\Users\Administrator\AppData\Local\Temp\VMBuilds\Solenoid_valve_may15\stm32duino_genericSTM32F103R\Release\core.a(util.c.o)
                0x08005180                __error
 .text.usb_resume
                0x08005194       0xb4 C:\Users\Administrator\AppData\Local\Temp\VMBuilds\Solenoid_valve_may15\stm32duino_genericSTM32F103R\Release\core.a(usb.c.o)
 .text.usb_init_usblib
                0x08005248       0x48 C:\Users\Administrator\AppData\Local\Temp\VMBuilds\Solenoid_valve_may15\stm32duino_genericSTM32F103R\Release\core.a(usb.c.o)
                0x08005248                usb_init_usblib
 .text.__irq_usb_lp_can_rx0
                0x08005290      0x1c8 C:\Users\Administrator\AppData\Local\Temp\VMBuilds\Solenoid_valve_may15\stm32duino_genericSTM32F103R\Release\core.a(usb.c.o)
                0x08005290                __irq_usb_lp_can_rx0
 .text.usb_set_ep_rx_stat
                0x08005458       0x22 C:\Users\Administrator\AppData\Local\Temp\VMBuilds\Solenoid_valve_may15\stm32duino_genericSTM32F103R\Release\core.a(usb_cdcacm.c.o)
 *fill*         0x0800547a        0x2 
 .text.vcomGetSetLineCoding
                0x0800547c       0x18 C:\Users\Administrator\AppData\Local\Temp\VMBuilds\Solenoid_valve_may15\stm32duino_genericSTM32F103R\Release\core.a(usb_cdcacm.c.o)
 .text.usbDataSetup
                0x08005494       0x54 C:\Users\Administrator\AppData\Local\Temp\VMBuilds\Solenoid_valve_may15\stm32duino_genericSTM32F103R\Release\core.a(usb_cdcacm.c.o)
 .text.usbNoDataSetup
                0x080054e8       0x50 C:\Users\Administrator\AppData\Local\Temp\VMBuilds\Solenoid_valve_may15\stm32duino_genericSTM32F103R\Release\core.a(usb_cdcacm.c.o)
 .text.usbGetInterfaceSetting
                0x08005538       0x10 C:\Users\Administrator\AppData\Local\Temp\VMBuilds\Solenoid_valve_may15\stm32duino_genericSTM32F103R\Release\core.a(usb_cdcacm.c.o)
 .text.usbSetConfiguration
                0x08005548       0x1c C:\Users\Administrator\AppData\Local\Temp\VMBuilds\Solenoid_valve_may15\stm32duino_genericSTM32F103R\Release\core.a(usb_cdcacm.c.o)
 .text.usbSetDeviceAddress
                0x08005564       0x10 C:\Users\Administrator\AppData\Local\Temp\VMBuilds\Solenoid_valve_may15\stm32duino_genericSTM32F103R\Release\core.a(usb_cdcacm.c.o)
 .text.usbGetStringDescriptor
                0x08005574       0x20 C:\Users\Administrator\AppData\Local\Temp\VMBuilds\Solenoid_valve_may15\stm32duino_genericSTM32F103R\Release\core.a(usb_cdcacm.c.o)
 .text.usbGetConfigDescriptor
                0x08005594        0xc C:\Users\Administrator\AppData\Local\Temp\VMBuilds\Solenoid_valve_may15\stm32duino_genericSTM32F103R\Release\core.a(usb_cdcacm.c.o)
 .text.usbGetDeviceDescriptor
                0x080055a0        0xc C:\Users\Administrator\AppData\Local\Temp\VMBuilds\Solenoid_valve_may15\stm32duino_genericSTM32F103R\Release\core.a(usb_cdcacm.c.o)
 .text.usbInit  0x080055ac       0x44 C:\Users\Administrator\AppData\Local\Temp\VMBuilds\Solenoid_valve_may15\stm32duino_genericSTM32F103R\Release\core.a(usb_cdcacm.c.o)
 .text.vcomDataTxCb
                0x080055f0       0xa0 C:\Users\Administrator\AppData\Local\Temp\VMBuilds\Solenoid_valve_may15\stm32duino_genericSTM32F103R\Release\core.a(usb_cdcacm.c.o)
 .text.usbReset
                0x08005690      0x160 C:\Users\Administrator\AppData\Local\Temp\VMBuilds\Solenoid_valve_may15\stm32duino_genericSTM32F103R\Release\core.a(usb_cdcacm.c.o)
 .text.vcomDataRxCb
                0x080057f0       0x7c C:\Users\Administrator\AppData\Local\Temp\VMBuilds\Solenoid_valve_may15\stm32duino_genericSTM32F103R\Release\core.a(usb_cdcacm.c.o)
 .text.usb_cdcacm_set_hooks
                0x0800586c       0x1c C:\Users\Administrator\AppData\Local\Temp\VMBuilds\Solenoid_valve_may15\stm32duino_genericSTM32F103R\Release\core.a(usb_cdcacm.c.o)
                0x0800586c                usb_cdcacm_set_hooks
 .text.usb_cdcacm_enable
                0x08005888       0x38 C:\Users\Administrator\AppData\Local\Temp\VMBuilds\Solenoid_valve_may15\stm32duino_genericSTM32F103R\Release\core.a(usb_cdcacm.c.o)
                0x08005888                usb_cdcacm_enable
 .text.usb_cdcacm_tx
                0x080058c0       0x60 C:\Users\Administrator\AppData\Local\Temp\VMBuilds\Solenoid_valve_may15\stm32duino_genericSTM32F103R\Release\core.a(usb_cdcacm.c.o)
                0x080058c0                usb_cdcacm_tx
 .text.usb_cdcacm_data_available
                0x08005920       0x18 C:\Users\Administrator\AppData\Local\Temp\VMBuilds\Solenoid_valve_may15\stm32duino_genericSTM32F103R\Release\core.a(usb_cdcacm.c.o)
                0x08005920                usb_cdcacm_data_available
 .text.usb_cdcacm_peek
                0x08005938       0x38 C:\Users\Administrator\AppData\Local\Temp\VMBuilds\Solenoid_valve_may15\stm32duino_genericSTM32F103R\Release\core.a(usb_cdcacm.c.o)
                0x08005938                usb_cdcacm_peek
 .text.usb_cdcacm_rx
                0x08005970       0x34 C:\Users\Administrator\AppData\Local\Temp\VMBuilds\Solenoid_valve_may15\stm32duino_genericSTM32F103R\Release\core.a(usb_cdcacm.c.o)
                0x08005970                usb_cdcacm_rx
 .text.usb_cdcacm_peek_ex
                0x080059a4       0x40 C:\Users\Administrator\AppData\Local\Temp\VMBuilds\Solenoid_valve_may15\stm32duino_genericSTM32F103R\Release\core.a(usb_cdcacm.c.o)
                0x080059a4                usb_cdcacm_peek_ex
 .text.usb_cdcacm_get_dtr
                0x080059e4       0x10 C:\Users\Administrator\AppData\Local\Temp\VMBuilds\Solenoid_valve_may15\stm32duino_genericSTM32F103R\Release\core.a(usb_cdcacm.c.o)
                0x080059e4                usb_cdcacm_get_dtr
 .text.usb_set_ep_rx_count
                0x080059f4       0x40 C:\Users\Administrator\AppData\Local\Temp\VMBuilds\Solenoid_valve_may15\stm32duino_genericSTM32F103R\Release\core.a(usb_reg_map.c.o)
                0x080059f4                usb_set_ep_rx_count
 .text.Standard_GetConfiguration
                0x08005a34       0x24 C:\Users\Administrator\AppData\Local\Temp\VMBuilds\Solenoid_valve_may15\stm32duino_genericSTM32F103R\Release\core.a(usb_core.c.o)
                0x08005a34                Standard_GetConfiguration
 .text.Standard_GetInterface
                0x08005a58       0x24 C:\Users\Administrator\AppData\Local\Temp\VMBuilds\Solenoid_valve_may15\stm32duino_genericSTM32F103R\Release\core.a(usb_core.c.o)
                0x08005a58                Standard_GetInterface
 .text.Standard_GetStatus
                0x08005a7c       0x90 C:\Users\Administrator\AppData\Local\Temp\VMBuilds\Solenoid_valve_may15\stm32duino_genericSTM32F103R\Release\core.a(usb_core.c.o)
                0x08005a7c                Standard_GetStatus
 .text.DataStageIn
                0x08005b0c       0xa8 C:\Users\Administrator\AppData\Local\Temp\VMBuilds\Solenoid_valve_may15\stm32duino_genericSTM32F103R\Release\core.a(usb_core.c.o)
 .text.Standard_SetConfiguration
                0x08005bb4       0x38 C:\Users\Administrator\AppData\Local\Temp\VMBuilds\Solenoid_valve_may15\stm32duino_genericSTM32F103R\Release\core.a(usb_core.c.o)
                0x08005bb4                Standard_SetConfiguration
 .text.Standard_SetInterface
                0x08005bec       0x48 C:\Users\Administrator\AppData\Local\Temp\VMBuilds\Solenoid_valve_may15\stm32duino_genericSTM32F103R\Release\core.a(usb_core.c.o)
                0x08005bec                Standard_SetInterface
 .text.Standard_ClearFeature
                0x08005c34       0xd0 C:\Users\Administrator\AppData\Local\Temp\VMBuilds\Solenoid_valve_may15\stm32duino_genericSTM32F103R\Release\core.a(usb_core.c.o)
                0x08005c34                Standard_ClearFeature
 .text.Standard_SetEndPointFeature
                0x08005d04       0x84 C:\Users\Administrator\AppData\Local\Temp\VMBuilds\Solenoid_valve_may15\stm32duino_genericSTM32F103R\Release\core.a(usb_core.c.o)
                0x08005d04                Standard_SetEndPointFeature
 .text.Standard_SetDeviceFeature
                0x08005d88       0x24 C:\Users\Administrator\AppData\Local\Temp\VMBuilds\Solenoid_valve_may15\stm32duino_genericSTM32F103R\Release\core.a(usb_core.c.o)
                0x08005d88                Standard_SetDeviceFeature
 .text.Standard_GetDescriptorData
                0x08005dac       0x1c C:\Users\Administrator\AppData\Local\Temp\VMBuilds\Solenoid_valve_may15\stm32duino_genericSTM32F103R\Release\core.a(usb_core.c.o)
                0x08005dac                Standard_GetDescriptorData
 .text.Post0_Process
                0x08005dc8       0x40 C:\Users\Administrator\AppData\Local\Temp\VMBuilds\Solenoid_valve_may15\stm32duino_genericSTM32F103R\Release\core.a(usb_core.c.o)
                0x08005dc8                Post0_Process
 .text.Setup0_Process
                0x08005e08      0x2d0 C:\Users\Administrator\AppData\Local\Temp\VMBuilds\Solenoid_valve_may15\stm32duino_genericSTM32F103R\Release\core.a(usb_core.c.o)
                0x08005e08                Setup0_Process
 .text.Out0_Process
                0x080060d8       0xc8 C:\Users\Administrator\AppData\Local\Temp\VMBuilds\Solenoid_valve_may15\stm32duino_genericSTM32F103R\Release\core.a(usb_core.c.o)
                0x080060d8                Out0_Process
 .text.SetDeviceAddress
                0x080061a0       0x38 C:\Users\Administrator\AppData\Local\Temp\VMBuilds\Solenoid_valve_may15\stm32duino_genericSTM32F103R\Release\core.a(usb_core.c.o)
                0x080061a0                SetDeviceAddress
 .text.In0_Process
                0x080061d8       0x5c C:\Users\Administrator\AppData\Local\Temp\VMBuilds\Solenoid_valve_may15\stm32duino_genericSTM32F103R\Release\core.a(usb_core.c.o)
                0x080061d8                In0_Process
 .text.NOP_Process
                0x08006234        0x2 C:\Users\Administrator\AppData\Local\Temp\VMBuilds\Solenoid_valve_may15\stm32duino_genericSTM32F103R\Release\core.a(usb_core.c.o)
                0x08006234                NOP_Process
 .text.UserToPMABufferCopy
                0x08006236       0x30 C:\Users\Administrator\AppData\Local\Temp\VMBuilds\Solenoid_valve_may15\stm32duino_genericSTM32F103R\Release\core.a(usb_mem.c.o)
                0x08006236                UserToPMABufferCopy
 .text.PMAToUserBufferCopy
                0x08006266       0x24 C:\Users\Administrator\AppData\Local\Temp\VMBuilds\Solenoid_valve_may15\stm32duino_genericSTM32F103R\Release\core.a(usb_mem.c.o)
                0x08006266                PMAToUserBufferCopy
 .text.SetEPTxStatus
                0x0800628a       0x2a C:\Users\Administrator\AppData\Local\Temp\VMBuilds\Solenoid_valve_may15\stm32duino_genericSTM32F103R\Release\core.a(usb_regs.c.o)
                0x0800628a                SetEPTxStatus
 .text.ClearDTOG_RX
                0x080062b4       0x20 C:\Users\Administrator\AppData\Local\Temp\VMBuilds\Solenoid_valve_may15\stm32duino_genericSTM32F103R\Release\core.a(usb_regs.c.o)
                0x080062b4                ClearDTOG_RX
 .text.ClearDTOG_TX
                0x080062d4       0x20 C:\Users\Administrator\AppData\Local\Temp\VMBuilds\Solenoid_valve_may15\stm32duino_genericSTM32F103R\Release\core.a(usb_regs.c.o)
                0x080062d4                ClearDTOG_TX
 .text.GetEPTxAddr
                0x080062f4       0x1c C:\Users\Administrator\AppData\Local\Temp\VMBuilds\Solenoid_valve_may15\stm32duino_genericSTM32F103R\Release\core.a(usb_regs.c.o)
                0x080062f4                GetEPTxAddr
 .text.GetEPRxAddr
                0x08006310       0x1c C:\Users\Administrator\AppData\Local\Temp\VMBuilds\Solenoid_valve_may15\stm32duino_genericSTM32F103R\Release\core.a(usb_regs.c.o)
                0x08006310                GetEPRxAddr
 .text.SetEPTxCount
                0x0800632c       0x1c C:\Users\Administrator\AppData\Local\Temp\VMBuilds\Solenoid_valve_may15\stm32duino_genericSTM32F103R\Release\core.a(usb_regs.c.o)
                0x0800632c                SetEPTxCount
 .text.SetEPRxCount
                0x08006348       0x40 C:\Users\Administrator\AppData\Local\Temp\VMBuilds\Solenoid_valve_may15\stm32duino_genericSTM32F103R\Release\core.a(usb_regs.c.o)
                0x08006348                SetEPRxCount
 .text.rb_full_count
                0x08006388       0x22 C:\Users\Administrator\AppData\Local\Temp\VMBuilds\Solenoid_valve_may15\stm32duino_genericSTM32F103R\Release\core.a(HardwareSerial.cpp.o)
 .text._ZN14HardwareSerial4readEv
                0x080063aa       0x3a C:\Users\Administrator\AppData\Local\Temp\VMBuilds\Solenoid_valve_may15\stm32duino_genericSTM32F103R\Release\core.a(HardwareSerial.cpp.o)
                0x080063aa                HardwareSerial::read()
 .text._ZN14HardwareSerial9availableEv
                0x080063e4        0xc C:\Users\Administrator\AppData\Local\Temp\VMBuilds\Solenoid_valve_may15\stm32duino_genericSTM32F103R\Release\core.a(HardwareSerial.cpp.o)
                0x080063e4                HardwareSerial::available()
 .text._ZN14HardwareSerial4peekEv
                0x080063f0       0x22 C:\Users\Administrator\AppData\Local\Temp\VMBuilds\Solenoid_valve_may15\stm32duino_genericSTM32F103R\Release\core.a(HardwareSerial.cpp.o)
                0x080063f0                HardwareSerial::peek()
 .text._ZN14HardwareSerial5flushEv
                0x08006412       0x1a C:\Users\Administrator\AppData\Local\Temp\VMBuilds\Solenoid_valve_may15\stm32duino_genericSTM32F103R\Release\core.a(HardwareSerial.cpp.o)
                0x08006412                HardwareSerial::flush()
 .text._ZN14HardwareSerial5writeEh
                0x0800642c       0x1e C:\Users\Administrator\AppData\Local\Temp\VMBuilds\Solenoid_valve_may15\stm32duino_genericSTM32F103R\Release\core.a(HardwareSerial.cpp.o)
                0x0800642c                HardwareSerial::write(unsigned char)
 *fill*         0x0800644a        0x2 
 .text._ZN14HardwareSerialC2EP9usart_devhh
                0x0800644c       0x1c C:\Users\Administrator\AppData\Local\Temp\VMBuilds\Solenoid_valve_may15\stm32duino_genericSTM32F103R\Release\core.a(HardwareSerial.cpp.o)
                0x0800644c                HardwareSerial::HardwareSerial(usart_dev*, unsigned char, unsigned char)
                0x0800644c                HardwareSerial::HardwareSerial(usart_dev*, unsigned char, unsigned char)
 .text._ZN14HardwareSerial5beginEmh
                0x08006468       0x78 C:\Users\Administrator\AppData\Local\Temp\VMBuilds\Solenoid_valve_may15\stm32duino_genericSTM32F103R\Release\core.a(HardwareSerial.cpp.o)
                0x08006468                HardwareSerial::begin(unsigned long, unsigned char)
 .text._ZN14HardwareSerial5beginEm
                0x080064e0        0x6 C:\Users\Administrator\AppData\Local\Temp\VMBuilds\Solenoid_valve_may15\stm32duino_genericSTM32F103R\Release\core.a(HardwareSerial.cpp.o)
                0x080064e0                HardwareSerial::begin(unsigned long)
 .text.startup._Z7premainv
                0x080064e6        0x4 C:\Users\Administrator\AppData\Local\Temp\VMBuilds\Solenoid_valve_may15\stm32duino_genericSTM32F103R\Release\core.a(main.cpp.o)
                0x080064e6                premain()
 .text.startup.main
                0x080064ea        0xc C:\Users\Administrator\AppData\Local\Temp\VMBuilds\Solenoid_valve_may15\stm32duino_genericSTM32F103R\Release\core.a(main.cpp.o)
                0x080064ea                main
 .text._ZN5Print5writeEPKvm
                0x080064f6       0x20 C:\Users\Administrator\AppData\Local\Temp\VMBuilds\Solenoid_valve_may15\stm32duino_genericSTM32F103R\Release\core.a(Print.cpp.o)
                0x080064f6                Print::write(void const*, unsigned long)
 .text._ZN5Print5writeEPKc
                0x08006516       0x1e C:\Users\Administrator\AppData\Local\Temp\VMBuilds\Solenoid_valve_may15\stm32duino_genericSTM32F103R\Release\core.a(Print.cpp.o)
                0x08006516                Print::write(char const*)
 .text._ZN5Print5printERK6String
                0x08006534       0x10 C:\Users\Administrator\AppData\Local\Temp\VMBuilds\Solenoid_valve_may15\stm32duino_genericSTM32F103R\Release\core.a(Print.cpp.o)
                0x08006534                Print::print(String const&)
 .text._ZN5Print5printEc
                0x08006544        0xa C:\Users\Administrator\AppData\Local\Temp\VMBuilds\Solenoid_valve_may15\stm32duino_genericSTM32F103R\Release\core.a(Print.cpp.o)
                0x08006544                Print::print(char)
 .text._ZN5Print5printEPKc
                0x0800654e        0xa C:\Users\Administrator\AppData\Local\Temp\VMBuilds\Solenoid_valve_may15\stm32duino_genericSTM32F103R\Release\core.a(Print.cpp.o)
                0x0800654e                Print::print(char const*)
 .text._ZN5Print7printlnEv
                0x08006558       0x18 C:\Users\Administrator\AppData\Local\Temp\VMBuilds\Solenoid_valve_may15\stm32duino_genericSTM32F103R\Release\core.a(Print.cpp.o)
                0x08006558                Print::println()
 .text._ZN5Print7printlnERK6String
                0x08006570       0x14 C:\Users\Administrator\AppData\Local\Temp\VMBuilds\Solenoid_valve_may15\stm32duino_genericSTM32F103R\Release\core.a(Print.cpp.o)
                0x08006570                Print::println(String const&)
 .text._ZN5Print7printlnEPKc
                0x08006584       0x14 C:\Users\Administrator\AppData\Local\Temp\VMBuilds\Solenoid_valve_may15\stm32duino_genericSTM32F103R\Release\core.a(Print.cpp.o)
                0x08006584                Print::println(char const*)
 .text._ZN5Print11printNumberEyh
                0x08006598       0x84 C:\Users\Administrator\AppData\Local\Temp\VMBuilds\Solenoid_valve_may15\stm32duino_genericSTM32F103R\Release\core.a(Print.cpp.o)
                0x08006598                Print::printNumber(unsigned long long, unsigned char)
 .text._ZN5Print5printExi
                0x0800661c       0x32 C:\Users\Administrator\AppData\Local\Temp\VMBuilds\Solenoid_valve_may15\stm32duino_genericSTM32F103R\Release\core.a(Print.cpp.o)
                0x0800661c                Print::print(long long, int)
 .text._ZN5Print5printEii
                0x0800664e       0x12 C:\Users\Administrator\AppData\Local\Temp\VMBuilds\Solenoid_valve_may15\stm32duino_genericSTM32F103R\Release\core.a(Print.cpp.o)
                0x0800664e                Print::print(int, int)
 .text._ZN5Print7printlnEii
                0x08006660       0x14 C:\Users\Administrator\AppData\Local\Temp\VMBuilds\Solenoid_valve_may15\stm32duino_genericSTM32F103R\Release\core.a(Print.cpp.o)
                0x08006660                Print::println(int, int)
 .text._ZN5Print5printEhi
                0x08006674       0x14 C:\Users\Administrator\AppData\Local\Temp\VMBuilds\Solenoid_valve_may15\stm32duino_genericSTM32F103R\Release\core.a(Print.cpp.o)
                0x08006674                Print::print(unsigned char, int)
 .text._ZN5Print7printlnEhi
                0x08006688       0x14 C:\Users\Administrator\AppData\Local\Temp\VMBuilds\Solenoid_valve_may15\stm32duino_genericSTM32F103R\Release\core.a(Print.cpp.o)
                0x08006688                Print::println(unsigned char, int)
 .text._ZN5Print7printlnEmi
                0x0800669c       0x1e C:\Users\Administrator\AppData\Local\Temp\VMBuilds\Solenoid_valve_may15\stm32duino_genericSTM32F103R\Release\core.a(Print.cpp.o)
                0x0800669c                Print::println(unsigned long, int)
 *fill*         0x080066ba        0x6 
 .text._ZN5Print10printFloatEdh
                0x080066c0      0x158 C:\Users\Administrator\AppData\Local\Temp\VMBuilds\Solenoid_valve_may15\stm32duino_genericSTM32F103R\Release\core.a(Print.cpp.o)
                0x080066c0                Print::printFloat(double, unsigned char)
 .text._ZN5Print5printEdi
                0x08006818        0xa C:\Users\Administrator\AppData\Local\Temp\VMBuilds\Solenoid_valve_may15\stm32duino_genericSTM32F103R\Release\core.a(Print.cpp.o)
                0x08006818                Print::print(double, int)
 .text._ZN5Print7printlnEdi
                0x08006822       0x1c C:\Users\Administrator\AppData\Local\Temp\VMBuilds\Solenoid_valve_may15\stm32duino_genericSTM32F103R\Release\core.a(Print.cpp.o)
                0x08006822                Print::println(double, int)
 .text._ZN9USBSerial9availableEv
                0x0800683e        0x4 C:\Users\Administrator\AppData\Local\Temp\VMBuilds\Solenoid_valve_may15\stm32duino_genericSTM32F103R\Release\core.a(usb_serial.cpp.o)
                0x0800683e                USBSerial::available()
 .text._ZN9USBSerial4peekEv
                0x08006842       0x1e C:\Users\Administrator\AppData\Local\Temp\VMBuilds\Solenoid_valve_may15\stm32duino_genericSTM32F103R\Release\core.a(usb_serial.cpp.o)
                0x08006842                USBSerial::peek()
 .text._ZN9USBSerial4readEv
                0x08006860       0x1e C:\Users\Administrator\AppData\Local\Temp\VMBuilds\Solenoid_valve_may15\stm32duino_genericSTM32F103R\Release\core.a(usb_serial.cpp.o)
                0x08006860                USBSerial::read()
 *fill*         0x0800687e        0x2 
 .text._ZL14ifaceSetupHookjPv
                0x08006880       0x38 C:\Users\Administrator\AppData\Local\Temp\VMBuilds\Solenoid_valve_may15\stm32duino_genericSTM32F103R\Release\core.a(usb_serial.cpp.o)
 .text._ZL6rxHookjPv
                0x080068b8       0xa0 C:\Users\Administrator\AppData\Local\Temp\VMBuilds\Solenoid_valve_may15\stm32duino_genericSTM32F103R\Release\core.a(usb_serial.cpp.o)
 .text._ZL10wait_resetv
                0x08006958       0x10 C:\Users\Administrator\AppData\Local\Temp\VMBuilds\Solenoid_valve_may15\stm32duino_genericSTM32F103R\Release\core.a(usb_serial.cpp.o)
 .text._ZN9USBSerialC2Ev
                0x08006968       0x14 C:\Users\Administrator\AppData\Local\Temp\VMBuilds\Solenoid_valve_may15\stm32duino_genericSTM32F103R\Release\core.a(usb_serial.cpp.o)
                0x08006968                USBSerial::USBSerial()
                0x08006968                USBSerial::USBSerial()
 .text._ZN9USBSerial5beginEv
                0x0800697c       0x3c C:\Users\Administrator\AppData\Local\Temp\VMBuilds\Solenoid_valve_may15\stm32duino_genericSTM32F103R\Release\core.a(usb_serial.cpp.o)
                0x0800697c                USBSerial::begin()
 .text._ZN9USBSerial5beginEm
                0x080069b8       0x10 C:\Users\Administrator\AppData\Local\Temp\VMBuilds\Solenoid_valve_may15\stm32duino_genericSTM32F103R\Release\core.a(usb_serial.cpp.o)
                0x080069b8                USBSerial::begin(unsigned long)
 .text._ZN9USBSerial5writeEPKhm
                0x080069c8       0x4c C:\Users\Administrator\AppData\Local\Temp\VMBuilds\Solenoid_valve_may15\stm32duino_genericSTM32F103R\Release\core.a(usb_serial.cpp.o)
                0x080069c8                USBSerial::write(unsigned char const*, unsigned long)
 .text._ZN9USBSerial5writeEh
                0x08006a14       0x16 C:\Users\Administrator\AppData\Local\Temp\VMBuilds\Solenoid_valve_may15\stm32duino_genericSTM32F103R\Release\core.a(usb_serial.cpp.o)
                0x08006a14                USBSerial::write(unsigned char)
 .text._ZN9USBSerial5writeEPKc
                0x08006a2a       0x1a C:\Users\Administrator\AppData\Local\Temp\VMBuilds\Solenoid_valve_may15\stm32duino_genericSTM32F103R\Release\core.a(usb_serial.cpp.o)
                0x08006a2a                USBSerial::write(char const*)
 .text._ZN9USBSerial4readEPhm
                0x08006a44       0x1c C:\Users\Administrator\AppData\Local\Temp\VMBuilds\Solenoid_valve_may15\stm32duino_genericSTM32F103R\Release\core.a(usb_serial.cpp.o)
                0x08006a44                USBSerial::read(unsigned char*, unsigned long)
 .text._ZN9USBSerial5flushEv
                0x08006a60       0x1c C:\Users\Administrator\AppData\Local\Temp\VMBuilds\Solenoid_valve_may15\stm32duino_genericSTM32F103R\Release\core.a(usb_serial.cpp.o)
                0x08006a60                USBSerial::flush()
 .text.startup._GLOBAL__sub_I__ZN9USBSerial9_hasBegunE
                0x08006a7c        0xc C:\Users\Administrator\AppData\Local\Temp\VMBuilds\Solenoid_valve_may15\stm32duino_genericSTM32F103R\Release\core.a(usb_serial.cpp.o)
 .text._Z10analogReadh
                0x08006a88       0x1c C:\Users\Administrator\AppData\Local\Temp\VMBuilds\Solenoid_valve_may15\stm32duino_genericSTM32F103R\Release\core.a(wirish_analog.cpp.o)
                0x08006a88                analogRead(unsigned char)
 .text._Z11digitalReadh
                0x08006aa4       0x2c C:\Users\Administrator\AppData\Local\Temp\VMBuilds\Solenoid_valve_may15\stm32duino_genericSTM32F103R\Release\core.a(wirish_digital.cpp.o)
                0x08006aa4                digitalRead(unsigned char)
 .text._Z12digitalWritehh
                0x08006ad0       0x2c C:\Users\Administrator\AppData\Local\Temp\VMBuilds\Solenoid_valve_may15\stm32duino_genericSTM32F103R\Release\core.a(wirish_digital.cpp.o)
                0x08006ad0                digitalWrite(unsigned char, unsigned char)
 .text._ZL6microsv
                0x08006afc       0x34 C:\Users\Administrator\AppData\Local\Temp\VMBuilds\Solenoid_valve_may15\stm32duino_genericSTM32F103R\Release\core.a(wirish_time.cpp.o)
 .text._Z5delaym
                0x08006b30       0x2a C:\Users\Administrator\AppData\Local\Temp\VMBuilds\Solenoid_valve_may15\stm32duino_genericSTM32F103R\Release\core.a(wirish_time.cpp.o)
                0x08006b30                delay(unsigned long)
 .text._ZN6StringD2Ev
                0x08006b5a        0xe C:\Users\Administrator\AppData\Local\Temp\VMBuilds\Solenoid_valve_may15\stm32duino_genericSTM32F103R\Release\core.a(WString.cpp.o)
                0x08006b5a                String::~String()
                0x08006b5a                String::~String()
 .text._ZN6String10invalidateEv
                0x08006b68       0x16 C:\Users\Administrator\AppData\Local\Temp\VMBuilds\Solenoid_valve_may15\stm32duino_genericSTM32F103R\Release\core.a(WString.cpp.o)
                0x08006b68                String::invalidate()
 .text._ZN6String12changeBufferEj
                0x08006b7e       0x18 C:\Users\Administrator\AppData\Local\Temp\VMBuilds\Solenoid_valve_may15\stm32duino_genericSTM32F103R\Release\core.a(WString.cpp.o)
                0x08006b7e                String::changeBuffer(unsigned int)
 .text._ZN6String7reserveEj
                0x08006b96       0x22 C:\Users\Administrator\AppData\Local\Temp\VMBuilds\Solenoid_valve_may15\stm32duino_genericSTM32F103R\Release\core.a(WString.cpp.o)
                0x08006b96                String::reserve(unsigned int)
 .text._ZN6String4copyEPKcj
                0x08006bb8       0x26 C:\Users\Administrator\AppData\Local\Temp\VMBuilds\Solenoid_valve_may15\stm32duino_genericSTM32F103R\Release\core.a(WString.cpp.o)
                0x08006bb8                String::copy(char const*, unsigned int)
 .text._ZN6StringC2EPKc
                0x08006bde       0x24 C:\Users\Administrator\AppData\Local\Temp\VMBuilds\Solenoid_valve_may15\stm32duino_genericSTM32F103R\Release\core.a(WString.cpp.o)
                0x08006bde                String::String(char const*)
                0x08006bde                String::String(char const*)
 .text._ZN6StringaSERKS_
                0x08006c02       0x1e C:\Users\Administrator\AppData\Local\Temp\VMBuilds\Solenoid_valve_may15\stm32duino_genericSTM32F103R\Release\core.a(WString.cpp.o)
                0x08006c02                String::operator=(String const&)
 .text._ZN6StringC2ERKS_
                0x08006c20       0x14 C:\Users\Administrator\AppData\Local\Temp\VMBuilds\Solenoid_valve_may15\stm32duino_genericSTM32F103R\Release\core.a(WString.cpp.o)
                0x08006c20                String::String(String const&)
                0x08006c20                String::String(String const&)
 .text._ZN6StringaSEPKc
                0x08006c34       0x22 C:\Users\Administrator\AppData\Local\Temp\VMBuilds\Solenoid_valve_may15\stm32duino_genericSTM32F103R\Release\core.a(WString.cpp.o)
                0x08006c34                String::operator=(char const*)
 .text._ZN6StringC2Eih
                0x08006c56       0x24 C:\Users\Administrator\AppData\Local\Temp\VMBuilds\Solenoid_valve_may15\stm32duino_genericSTM32F103R\Release\core.a(WString.cpp.o)
                0x08006c56                String::String(int, unsigned char)
                0x08006c56                String::String(int, unsigned char)
 .text._ZN6StringC2Ejh
                0x08006c7a       0x24 C:\Users\Administrator\AppData\Local\Temp\VMBuilds\Solenoid_valve_may15\stm32duino_genericSTM32F103R\Release\core.a(WString.cpp.o)
                0x08006c7a                String::String(unsigned int, unsigned char)
                0x08006c7a                String::String(unsigned int, unsigned char)
 .text._ZN6String6concatEPKcj
                0x08006c9e       0x2e C:\Users\Administrator\AppData\Local\Temp\VMBuilds\Solenoid_valve_may15\stm32duino_genericSTM32F103R\Release\core.a(WString.cpp.o)
                0x08006c9e                String::concat(char const*, unsigned int)
 .text._ZN6String6concatEi
                0x08006ccc       0x22 C:\Users\Administrator\AppData\Local\Temp\VMBuilds\Solenoid_valve_may15\stm32duino_genericSTM32F103R\Release\core.a(WString.cpp.o)
                0x08006ccc                String::concat(int)
 .text._ZN6String6concatEj
                0x08006cee       0x22 C:\Users\Administrator\AppData\Local\Temp\VMBuilds\Solenoid_valve_may15\stm32duino_genericSTM32F103R\Release\core.a(WString.cpp.o)
                0x08006cee                String::concat(unsigned int)
 .text._ZplRK15StringSumHelperRK6String
                0x08006d10       0x1a C:\Users\Administrator\AppData\Local\Temp\VMBuilds\Solenoid_valve_may15\stm32duino_genericSTM32F103R\Release\core.a(WString.cpp.o)
                0x08006d10                operator+(StringSumHelper const&, String const&)
 .text._ZplRK15StringSumHelperPKc
                0x08006d2a       0x24 C:\Users\Administrator\AppData\Local\Temp\VMBuilds\Solenoid_valve_may15\stm32duino_genericSTM32F103R\Release\core.a(WString.cpp.o)
                0x08006d2a                operator+(StringSumHelper const&, char const*)
 .text._ZplRK15StringSumHelperi
                0x08006d4e       0x14 C:\Users\Administrator\AppData\Local\Temp\VMBuilds\Solenoid_valve_may15\stm32duino_genericSTM32F103R\Release\core.a(WString.cpp.o)
                0x08006d4e                operator+(StringSumHelper const&, int)
 .text._ZplRK15StringSumHelperj
                0x08006d62       0x14 C:\Users\Administrator\AppData\Local\Temp\VMBuilds\Solenoid_valve_may15\stm32duino_genericSTM32F103R\Release\core.a(WString.cpp.o)
                0x08006d62                operator+(StringSumHelper const&, unsigned int)
 *fill*         0x08006d76        0x2 
 .text._Z7pinModeh13WiringPinMode
                0x08006d78       0x84 C:\Users\Administrator\AppData\Local\Temp\VMBuilds\Solenoid_valve_may15\stm32duino_genericSTM32F103R\Release\core.a(wirish_digital_f1.cpp.o)
                0x08006d78                pinMode(unsigned char, WiringPinMode)
 .text.__empty  0x08006dfc        0x2 C:\Users\Administrator\AppData\Local\Temp\VMBuilds\Solenoid_valve_may15\stm32duino_genericSTM32F103R\Release\core.a(hooks.c.o)
                0x08006dfc                yield
 .text.ltoa     0x08006dfe       0x6e C:\Users\Administrator\AppData\Local\Temp\VMBuilds\Solenoid_valve_may15\stm32duino_genericSTM32F103R\Release\core.a(itoa.c.o)
                0x08006dfe                ltoa
 .text.itoa     0x08006e6c        0x4 C:\Users\Administrator\AppData\Local\Temp\VMBuilds\Solenoid_valve_may15\stm32duino_genericSTM32F103R\Release\core.a(itoa.c.o)
                0x08006e6c                itoa
 .text.ultoa    0x08006e70       0x52 C:\Users\Administrator\AppData\Local\Temp\VMBuilds\Solenoid_valve_may15\stm32duino_genericSTM32F103R\Release\core.a(itoa.c.o)
                0x08006e70                ultoa
 .text.utoa     0x08006ec2        0x4 C:\Users\Administrator\AppData\Local\Temp\VMBuilds\Solenoid_valve_may15\stm32duino_genericSTM32F103R\Release\core.a(itoa.c.o)
                0x08006ec2                utoa
 *fill*         0x08006ec6        0x2 
 .text.data_register
                0x08006ec8       0x28 C:\Users\Administrator\AppData\Local\Temp\VMBuilds\Solenoid_valve_may15\stm32duino_genericSTM32F103R\Release\core.a(bkp_f1.c.o)
 .text.bkp_init
                0x08006ef0       0x18 C:\Users\Administrator\AppData\Local\Temp\VMBuilds\Solenoid_valve_may15\stm32duino_genericSTM32F103R\Release\core.a(bkp_f1.c.o)
                0x08006ef0                bkp_init
 .text.bkp_enable_writes
                0x08006f08        0xc C:\Users\Administrator\AppData\Local\Temp\VMBuilds\Solenoid_valve_may15\stm32duino_genericSTM32F103R\Release\core.a(bkp_f1.c.o)
                0x08006f08                bkp_enable_writes
 .text.bkp_disable_writes
                0x08006f14        0xc C:\Users\Administrator\AppData\Local\Temp\VMBuilds\Solenoid_valve_may15\stm32duino_genericSTM32F103R\Release\core.a(bkp_f1.c.o)
                0x08006f14                bkp_disable_writes
 .text.bkp_write
                0x08006f20        0xe C:\Users\Administrator\AppData\Local\Temp\VMBuilds\Solenoid_valve_may15\stm32duino_genericSTM32F103R\Release\core.a(bkp_f1.c.o)
                0x08006f20                bkp_write
 .text.gpio_init
                0x08006f2e       0x14 C:\Users\Administrator\AppData\Local\Temp\VMBuilds\Solenoid_valve_may15\stm32duino_genericSTM32F103R\Release\core.a(gpio.c.o)
                0x08006f2e                gpio_init
 .text.i2c_start_condition
                0x08006f42       0x14 C:\Users\Administrator\AppData\Local\Temp\VMBuilds\Solenoid_valve_may15\stm32duino_genericSTM32F103R\Release\core.a(i2c.c.o)
 .text.i2c_stop_condition
                0x08006f56       0x1c C:\Users\Administrator\AppData\Local\Temp\VMBuilds\Solenoid_valve_may15\stm32duino_genericSTM32F103R\Release\core.a(i2c.c.o)
 *fill*         0x08006f72        0x2 
 .text._i2c_irq_handler
                0x08006f74      0x16c C:\Users\Administrator\AppData\Local\Temp\VMBuilds\Solenoid_valve_may15\stm32duino_genericSTM32F103R\Release\core.a(i2c.c.o)
                0x08006f74                _i2c_irq_handler
 .text._i2c_irq_error_handler
                0x080070e0       0x2a C:\Users\Administrator\AppData\Local\Temp\VMBuilds\Solenoid_valve_may15\stm32duino_genericSTM32F103R\Release\core.a(i2c.c.o)
                0x080070e0                _i2c_irq_error_handler
 *fill*         0x0800710a        0x2 
 .text.usart_init
                0x0800710c       0x4c C:\Users\Administrator\AppData\Local\Temp\VMBuilds\Solenoid_valve_may15\stm32duino_genericSTM32F103R\Release\core.a(usart.c.o)
                0x0800710c                usart_init
 .text.usart_enable
                0x08007158       0x14 C:\Users\Administrator\AppData\Local\Temp\VMBuilds\Solenoid_valve_may15\stm32duino_genericSTM32F103R\Release\core.a(usart.c.o)
                0x08007158                usart_enable
 .text.usart_tx
                0x0800716c       0x9c C:\Users\Administrator\AppData\Local\Temp\VMBuilds\Solenoid_valve_may15\stm32duino_genericSTM32F103R\Release\core.a(usart.c.o)
                0x0800716c                usart_tx
 .text.__aeabi_atexit
                0x08007208        0xc c:/users/administrator/appdata/local/arduino15/packages/arduino/tools/arm-none-eabi-gcc/4.8.3-2014q1/bin/../lib/gcc/arm-none-eabi/4.8.3/../../../../arm-none-eabi/lib/armv7-m\libstdc++.a(atexit_arm.o)
                0x08007208                __aeabi_atexit
 *fill*         0x08007214        0x4 
 .text.floor    0x08007218      0x120 c:/users/administrator/appdata/local/arduino15/packages/arduino/tools/arm-none-eabi-gcc/4.8.3-2014q1/bin/../lib/gcc/arm-none-eabi/4.8.3/../../../../arm-none-eabi/lib/armv7-m\libm.a(lib_a-s_floor.o)
                0x08007218                floor
 .text          0x08007338      0x370 c:/users/administrator/appdata/local/arduino15/packages/arduino/tools/arm-none-eabi-gcc/4.8.3-2014q1/bin/../lib/gcc/arm-none-eabi/4.8.3/armv7-m\libgcc.a(_arm_addsubdf3.o)
                0x08007338                __aeabi_drsub
                0x08007340                __aeabi_dsub
                0x08007340                __subdf3
                0x08007344                __aeabi_dadd
                0x08007344                __adddf3
                0x080075bc                __floatunsidf
                0x080075bc                __aeabi_ui2d
                0x080075dc                __floatsidf
                0x080075dc                __aeabi_i2d
                0x08007600                __aeabi_f2d
                0x08007600                __extendsfdf2
                0x0800763c                __floatundidf
                0x0800763c                __aeabi_ul2d
                0x0800764c                __floatdidf
                0x0800764c                __aeabi_l2d
 .text          0x080076a8      0x424 c:/users/administrator/appdata/local/arduino15/packages/arduino/tools/arm-none-eabi-gcc/4.8.3-2014q1/bin/../lib/gcc/arm-none-eabi/4.8.3/armv7-m\libgcc.a(_arm_muldivdf3.o)
                0x080076a8                __aeabi_dmul
                0x080076a8                __muldf3
                0x080078fc                __divdf3
                0x080078fc                __aeabi_ddiv
 .text          0x08007acc      0x110 c:/users/administrator/appdata/local/arduino15/packages/arduino/tools/arm-none-eabi-gcc/4.8.3-2014q1/bin/../lib/gcc/arm-none-eabi/4.8.3/armv7-m\libgcc.a(_arm_cmpdf2.o)
                0x08007acc                __gtdf2
                0x08007acc                __gedf2
                0x08007ad4                __ltdf2
                0x08007ad4                __ledf2
                0x08007adc                __nedf2
                0x08007adc                __eqdf2
                0x08007adc                __cmpdf2
                0x08007b58                __aeabi_cdrcmple
                0x08007b68                __aeabi_cdcmpeq
                0x08007b68                __aeabi_cdcmple
                0x08007b78                __aeabi_dcmpeq
                0x08007b8c                __aeabi_dcmplt
                0x08007ba0                __aeabi_dcmple
                0x08007bb4                __aeabi_dcmpge
                0x08007bc8                __aeabi_dcmpgt
 .text          0x08007bdc       0x50 c:/users/administrator/appdata/local/arduino15/packages/arduino/tools/arm-none-eabi-gcc/4.8.3-2014q1/bin/../lib/gcc/arm-none-eabi/4.8.3/armv7-m\libgcc.a(_arm_fixdfsi.o)
                0x08007bdc                __aeabi_d2iz
                0x08007bdc                __fixdfsi
 .text          0x08007c2c      0x21c c:/users/administrator/appdata/local/arduino15/packages/arduino/tools/arm-none-eabi-gcc/4.8.3-2014q1/bin/../lib/gcc/arm-none-eabi/4.8.3/armv7-m\libgcc.a(_arm_addsubsf3.o)
                0x08007c2c                __aeabi_frsub
                0x08007c34                __subsf3
                0x08007c34                __aeabi_fsub
                0x08007c38                __aeabi_fadd
                0x08007c38                __addsf3
                0x08007d98                __aeabi_ui2f
                0x08007d98                __floatunsisf
                0x08007da0                __aeabi_i2f
                0x08007da0                __floatsisf
                0x08007dbc                __aeabi_ul2f
                0x08007dbc                __floatundisf
                0x08007dcc                __aeabi_l2f
                0x08007dcc                __floatdisf
 .text          0x08007e48      0x2a0 c:/users/administrator/appdata/local/arduino15/packages/arduino/tools/arm-none-eabi-gcc/4.8.3-2014q1/bin/../lib/gcc/arm-none-eabi/4.8.3/armv7-m\libgcc.a(_arm_muldivsf3.o)
                0x08007e48                __mulsf3
                0x08007e48                __aeabi_fmul
                0x08007fb0                __aeabi_fdiv
                0x08007fb0                __divsf3
 .text          0x080080e8       0xec c:/users/administrator/appdata/local/arduino15/packages/arduino/tools/arm-none-eabi-gcc/4.8.3-2014q1/bin/../lib/gcc/arm-none-eabi/4.8.3/armv7-m\libgcc.a(_arm_cmpsf2.o)
                0x080080e8                __gesf2
                0x080080e8                __gtsf2
                0x080080f0                __lesf2
                0x080080f0                __ltsf2
                0x080080f8                __nesf2
                0x080080f8                __eqsf2
                0x080080f8                __cmpsf2
                0x08008158                __aeabi_cfrcmple
                0x08008160                __aeabi_cfcmpeq
                0x08008160                __aeabi_cfcmple
                0x08008170                __aeabi_fcmpeq
                0x08008184                __aeabi_fcmplt
                0x08008198                __aeabi_fcmple
                0x080081ac                __aeabi_fcmpge
                0x080081c0                __aeabi_fcmpgt
 .text          0x080081d4       0x4c c:/users/administrator/appdata/local/arduino15/packages/arduino/tools/arm-none-eabi-gcc/4.8.3-2014q1/bin/../lib/gcc/arm-none-eabi/4.8.3/armv7-m\libgcc.a(_arm_fixsfsi.o)
                0x080081d4                __aeabi_f2iz
                0x080081d4                __fixsfsi
 .text          0x08008220       0x40 c:/users/administrator/appdata/local/arduino15/packages/arduino/tools/arm-none-eabi-gcc/4.8.3-2014q1/bin/../lib/gcc/arm-none-eabi/4.8.3/armv7-m\libgcc.a(_arm_fixunssfsi.o)
                0x08008220                __fixunssfsi
                0x08008220                __aeabi_f2uiz
 .text          0x08008260       0x38 c:/users/administrator/appdata/local/arduino15/packages/arduino/tools/arm-none-eabi-gcc/4.8.3-2014q1/bin/../lib/gcc/arm-none-eabi/4.8.3/armv7-m\libgcc.a(_aeabi_ldivmod.o)
                0x08008260                __aeabi_ldivmod
 .text          0x08008298       0x2c c:/users/administrator/appdata/local/arduino15/packages/arduino/tools/arm-none-eabi-gcc/4.8.3-2014q1/bin/../lib/gcc/arm-none-eabi/4.8.3/armv7-m\libgcc.a(_aeabi_uldivmod.o)
                0x08008298                __aeabi_uldivmod
 .text          0x080082c4       0x30 c:/users/administrator/appdata/local/arduino15/packages/arduino/tools/arm-none-eabi-gcc/4.8.3-2014q1/bin/../lib/gcc/arm-none-eabi/4.8.3/armv7-m\libgcc.a(_fixdfdi.o)
                0x080082c4                __fixdfdi
                0x080082c4                __aeabi_d2lz
 .text          0x080082f4       0x44 c:/users/administrator/appdata/local/arduino15/packages/arduino/tools/arm-none-eabi-gcc/4.8.3-2014q1/bin/../lib/gcc/arm-none-eabi/4.8.3/armv7-m\libgcc.a(_fixunsdfdi.o)
                0x080082f4                __fixunsdfdi
                0x080082f4                __aeabi_d2ulz
 .text          0x08008338       0x60 c:/users/administrator/appdata/local/arduino15/packages/arduino/tools/arm-none-eabi-gcc/4.8.3-2014q1/bin/../lib/gcc/arm-none-eabi/4.8.3/armv7-m\libgcc.a(bpabi.o)
                0x08008338                __gnu_ldivmod_helper
                0x08008368                __gnu_uldivmod_helper
 .text          0x08008398        0x4 c:/users/administrator/appdata/local/arduino15/packages/arduino/tools/arm-none-eabi-gcc/4.8.3-2014q1/bin/../lib/gcc/arm-none-eabi/4.8.3/armv7-m\libgcc.a(_dvmd_tls.o)
                0x08008398                __aeabi_idiv0
                0x08008398                __aeabi_ldiv0
 .text          0x0800839c       0x40 c:/users/administrator/appdata/local/arduino15/packages/arduino/tools/arm-none-eabi-gcc/4.8.3-2014q1/bin/../lib/gcc/arm-none-eabi/4.8.3/armv7-m\libgcc.a(_arm_fixunsdfsi.o)
                0x0800839c                __aeabi_d2uiz
                0x0800839c                __fixunsdfsi
 .text          0x080083dc      0x2a0 c:/users/administrator/appdata/local/arduino15/packages/arduino/tools/arm-none-eabi-gcc/4.8.3-2014q1/bin/../lib/gcc/arm-none-eabi/4.8.3/armv7-m\libgcc.a(_divdi3.o)
                0x080083dc                __divdi3
 .text          0x0800867c      0x290 c:/users/administrator/appdata/local/arduino15/packages/arduino/tools/arm-none-eabi-gcc/4.8.3-2014q1/bin/../lib/gcc/arm-none-eabi/4.8.3/armv7-m\libgcc.a(_udivdi3.o)
                0x0800867c                __udivdi3
 .text.__cxa_atexit
                0x0800890c       0x14 c:/users/administrator/appdata/local/arduino15/packages/arduino/tools/arm-none-eabi-gcc/4.8.3-2014q1/bin/../lib/gcc/arm-none-eabi/4.8.3/../../../../arm-none-eabi/lib/armv7-m\libc.a(lib_a-cxa_atexit.o)
                0x0800890c                __cxa_atexit
 .text.__errno  0x08008920        0xc c:/users/administrator/appdata/local/arduino15/packages/arduino/tools/arm-none-eabi-gcc/4.8.3-2014q1/bin/../lib/gcc/arm-none-eabi/4.8.3/../../../../arm-none-eabi/lib/armv7-m\libc.a(lib_a-errno.o)
                0x08008920                __errno
 .text.exit     0x0800892c       0x20 c:/users/administrator/appdata/local/arduino15/packages/arduino/tools/arm-none-eabi-gcc/4.8.3-2014q1/bin/../lib/gcc/arm-none-eabi/4.8.3/../../../../arm-none-eabi/lib/armv7-m\libc.a(lib_a-exit.o)
                0x0800892c                exit
 .text.__libc_init_array
                0x0800894c       0x50 c:/users/administrator/appdata/local/arduino15/packages/arduino/tools/arm-none-eabi-gcc/4.8.3-2014q1/bin/../lib/gcc/arm-none-eabi/4.8.3/../../../../arm-none-eabi/lib/armv7-m\libc.a(lib_a-init.o)
                0x0800894c                __libc_init_array
 .text.malloc   0x0800899c       0x10 c:/users/administrator/appdata/local/arduino15/packages/arduino/tools/arm-none-eabi-gcc/4.8.3-2014q1/bin/../lib/gcc/arm-none-eabi/4.8.3/../../../../arm-none-eabi/lib/armv7-m\libc.a(lib_a-malloc.o)
                0x0800899c                malloc
 .text.free     0x080089ac       0x10 c:/users/administrator/appdata/local/arduino15/packages/arduino/tools/arm-none-eabi-gcc/4.8.3-2014q1/bin/../lib/gcc/arm-none-eabi/4.8.3/../../../../arm-none-eabi/lib/armv7-m\libc.a(lib_a-malloc.o)
                0x080089ac                free
 .text._malloc_r
                0x080089bc      0x538 c:/users/administrator/appdata/local/arduino15/packages/arduino/tools/arm-none-eabi-gcc/4.8.3-2014q1/bin/../lib/gcc/arm-none-eabi/4.8.3/../../../../arm-none-eabi/lib/armv7-m\libc.a(lib_a-mallocr.o)
                0x080089bc                _malloc_r
 .text.memmove  0x08008ef4       0xcc c:/users/administrator/appdata/local/arduino15/packages/arduino/tools/arm-none-eabi-gcc/4.8.3-2014q1/bin/../lib/gcc/arm-none-eabi/4.8.3/../../../../arm-none-eabi/lib/armv7-m\libc.a(lib_a-memmove.o)
                0x08008ef4                memmove
 .text.__malloc_lock
                0x08008fc0        0x4 c:/users/administrator/appdata/local/arduino15/packages/arduino/tools/arm-none-eabi-gcc/4.8.3-2014q1/bin/../lib/gcc/arm-none-eabi/4.8.3/../../../../arm-none-eabi/lib/armv7-m\libc.a(lib_a-mlock.o)
                0x08008fc0                __malloc_lock
 .text.__malloc_unlock
                0x08008fc4        0x4 c:/users/administrator/appdata/local/arduino15/packages/arduino/tools/arm-none-eabi-gcc/4.8.3-2014q1/bin/../lib/gcc/arm-none-eabi/4.8.3/../../../../arm-none-eabi/lib/armv7-m\libc.a(lib_a-mlock.o)
                0x08008fc4                __malloc_unlock
 .text.realloc  0x08008fc8       0x10 c:/users/administrator/appdata/local/arduino15/packages/arduino/tools/arm-none-eabi-gcc/4.8.3-2014q1/bin/../lib/gcc/arm-none-eabi/4.8.3/../../../../arm-none-eabi/lib/armv7-m\libc.a(lib_a-realloc.o)
                0x08008fc8                realloc
 .text._realloc_r
                0x08008fd8      0x3c0 c:/users/administrator/appdata/local/arduino15/packages/arduino/tools/arm-none-eabi-gcc/4.8.3-2014q1/bin/../lib/gcc/arm-none-eabi/4.8.3/../../../../arm-none-eabi/lib/armv7-m\libc.a(lib_a-reallocr.o)
                0x08008fd8                _realloc_r
 .text._sbrk_r  0x08009398       0x24 c:/users/administrator/appdata/local/arduino15/packages/arduino/tools/arm-none-eabi-gcc/4.8.3-2014q1/bin/../lib/gcc/arm-none-eabi/4.8.3/../../../../arm-none-eabi/lib/armv7-m\libc.a(lib_a-sbrkr.o)
                0x08009398                _sbrk_r
 .text.strcpy   0x080093bc       0xbc c:/users/administrator/appdata/local/arduino15/packages/arduino/tools/arm-none-eabi-gcc/4.8.3-2014q1/bin/../lib/gcc/arm-none-eabi/4.8.3/../../../../arm-none-eabi/lib/armv7-m\libc.a(lib_a-strcpy.o)
                0x080093bc                strcpy
 .text.strlen   0x08009478       0x60 c:/users/administrator/appdata/local/arduino15/packages/arduino/tools/arm-none-eabi-gcc/4.8.3-2014q1/bin/../lib/gcc/arm-none-eabi/4.8.3/../../../../arm-none-eabi/lib/armv7-m\libc.a(lib_a-strlen.o)
                0x08009478                strlen
 .text.__register_exitproc
                0x080094d8       0xa8 c:/users/administrator/appdata/local/arduino15/packages/arduino/tools/arm-none-eabi-gcc/4.8.3-2014q1/bin/../lib/gcc/arm-none-eabi/4.8.3/../../../../arm-none-eabi/lib/armv7-m\libc.a(lib_a-__atexit.o)
                0x080094d8                __register_exitproc
 .text.startup.register_fini
                0x08009580       0x14 c:/users/administrator/appdata/local/arduino15/packages/arduino/tools/arm-none-eabi-gcc/4.8.3-2014q1/bin/../lib/gcc/arm-none-eabi/4.8.3/../../../../arm-none-eabi/lib/armv7-m\libc.a(lib_a-__call_atexit.o)
 .text.__call_exitprocs
                0x08009594       0xf0 c:/users/administrator/appdata/local/arduino15/packages/arduino/tools/arm-none-eabi-gcc/4.8.3-2014q1/bin/../lib/gcc/arm-none-eabi/4.8.3/../../../../arm-none-eabi/lib/armv7-m\libc.a(lib_a-__call_atexit.o)
                0x08009594                __call_exitprocs
 .text.atexit   0x08009684        0xc c:/users/administrator/appdata/local/arduino15/packages/arduino/tools/arm-none-eabi-gcc/4.8.3-2014q1/bin/../lib/gcc/arm-none-eabi/4.8.3/../../../../arm-none-eabi/lib/armv7-m\libc.a(lib_a-atexit.o)
                0x08009684                atexit
 .text.__libc_fini_array
                0x08009690       0x30 c:/users/administrator/appdata/local/arduino15/packages/arduino/tools/arm-none-eabi-gcc/4.8.3-2014q1/bin/../lib/gcc/arm-none-eabi/4.8.3/../../../../arm-none-eabi/lib/armv7-m\libc.a(lib_a-fini.o)
                0x08009690                __libc_fini_array
 .text._malloc_trim_r
                0x080096c0       0x9c c:/users/administrator/appdata/local/arduino15/packages/arduino/tools/arm-none-eabi-gcc/4.8.3-2014q1/bin/../lib/gcc/arm-none-eabi/4.8.3/../../../../arm-none-eabi/lib/armv7-m\libc.a(lib_a-freer.o)
                0x080096c0                _malloc_trim_r
 .text._free_r  0x0800975c      0x198 c:/users/administrator/appdata/local/arduino15/packages/arduino/tools/arm-none-eabi-gcc/4.8.3-2014q1/bin/../lib/gcc/arm-none-eabi/4.8.3/../../../../arm-none-eabi/lib/armv7-m\libc.a(lib_a-freer.o)
                0x0800975c                _free_r
 *(.plt)
 *(.gnu.warning)
 *(.glue_7t)
 .glue_7t       0x00000000        0x0 linker stubs
 *(.glue_7)
 .glue_7        0x00000000        0x0 linker stubs
 *(.vfp11_veneer)
 .vfp11_veneer  0x00000000        0x0 linker stubs
 *(.ARM.extab* .gnu.linkonce.armextab.*)
 *(.gcc_except_table)
 *(.eh_frame_hdr)
 *(.eh_frame)
 .eh_frame      0x080098f4        0x0 c:/users/administrator/appdata/local/arduino15/packages/arduino/tools/arm-none-eabi-gcc/4.8.3-2014q1/bin/../lib/gcc/arm-none-eabi/4.8.3/armv7-m/crtbegin.o
                0x080098f4                . = ALIGN (0x4)
 *(.init)
 .init          0x080098f4        0x4 c:/users/administrator/appdata/local/arduino15/packages/arduino/tools/arm-none-eabi-gcc/4.8.3-2014q1/bin/../lib/gcc/arm-none-eabi/4.8.3/armv7-m/crti.o
                0x080098f4                _init
 .init          0x080098f8        0x8 c:/users/administrator/appdata/local/arduino15/packages/arduino/tools/arm-none-eabi-gcc/4.8.3-2014q1/bin/../lib/gcc/arm-none-eabi/4.8.3/armv7-m/crtn.o
                0x08009900                . = ALIGN (0x4)
                0x08009900                __preinit_array_start = .
 *(.preinit_array)
                0x08009900                __preinit_array_end = .
                0x08009900                . = ALIGN (0x4)
                0x08009900                __init_array_start = .
 *(SORT(.init_array.*))
 .init_array.00000
                0x08009900        0x4 c:/users/administrator/appdata/local/arduino15/packages/arduino/tools/arm-none-eabi-gcc/4.8.3-2014q1/bin/../lib/gcc/arm-none-eabi/4.8.3/../../../../arm-none-eabi/lib/armv7-m\libc.a(lib_a-__call_atexit.o)
 .init_array.00101
                0x08009904        0x4 C:\Users\Administrator\AppData\Local\Temp\VMBuilds\Solenoid_valve_may15\stm32duino_genericSTM32F103R\Release\core.a(main.cpp.o)
 *(.init_array)
 .init_array    0x08009908        0x4 c:/users/administrator/appdata/local/arduino15/packages/arduino/tools/arm-none-eabi-gcc/4.8.3-2014q1/bin/../lib/gcc/arm-none-eabi/4.8.3/armv7-m/crtbegin.o
 .init_array    0x0800990c        0x4 user_Character.cpp.o
 .init_array    0x08009910        0x4 EEPROM\EEPROM.cpp.o
 .init_array    0x08009914        0x4 C:\Users\Administrator\AppData\Local\Temp\VMBCore\arduino16x\c74e2264f1aa7eb6cce575dcb5028aff\variant\board.cpp.o
 .init_array    0x08009918        0x4 C:\Users\Administrator\AppData\Local\Temp\VMBuilds\Solenoid_valve_may15\stm32duino_genericSTM32F103R\Release\core.a(usb_serial.cpp.o)
                0x0800991c                __init_array_end = .
                0x0800991c                . = ALIGN (0x4)
 *crtbegin.o(.ctors)
 *(EXCLUDE_FILE(*crtend.o) .ctors)
 *(SORT(.ctors.*))
 *crtend.o(.ctors)
                0x0800991c                . = ALIGN (0x4)
 *(.fini)
 .fini          0x0800991c        0x4 c:/users/administrator/appdata/local/arduino15/packages/arduino/tools/arm-none-eabi-gcc/4.8.3-2014q1/bin/../lib/gcc/arm-none-eabi/4.8.3/armv7-m/crti.o
                0x0800991c                _fini
 .fini          0x08009920        0x8 c:/users/administrator/appdata/local/arduino15/packages/arduino/tools/arm-none-eabi-gcc/4.8.3-2014q1/bin/../lib/gcc/arm-none-eabi/4.8.3/armv7-m/crtn.o
                0x08009928                . = ALIGN (0x4)
                0x08009928                __fini_array_start = .
 *(.fini_array)
 .fini_array    0x08009928        0x4 c:/users/administrator/appdata/local/arduino15/packages/arduino/tools/arm-none-eabi-gcc/4.8.3-2014q1/bin/../lib/gcc/arm-none-eabi/4.8.3/armv7-m/crtbegin.o
 *(SORT(.fini_array.*))
                0x0800992c                __fini_array_end = .
 *crtbegin.o(.dtors)
 *(EXCLUDE_FILE(*crtend.o) .dtors)
 *(SORT(.dtors.*))
 *crtend.o(.dtors)

.v4_bx          0x0800992c        0x0
 .v4_bx         0x00000000        0x0 linker stubs

.iplt           0x0800992c        0x0
 .iplt          0x00000000        0x0 c:/users/administrator/appdata/local/arduino15/packages/arduino/tools/arm-none-eabi-gcc/4.8.3-2014q1/bin/../lib/gcc/arm-none-eabi/4.8.3/armv7-m/crtbegin.o

.text.align     0x0800992c        0x4
                0x08009930                . = ALIGN (0x8)
 *fill*         0x0800992c        0x4 
                0x08009930                __text_end__ = .
                0x08009930                __exidx_start = .

.ARM.exidx      0x08009930        0x8
 *(.ARM.exidx* .gnu.linkonce.armexidx.*)
 .ARM.exidx     0x08009930        0x8 C:\Users\Administrator\AppData\Local\Temp\VMBCore\arduino16x\c74e2264f1aa7eb6cce575dcb5028aff\variant\start.S.o
 .ARM.exidx.text.__aeabi_atexit
                0x08009938        0x0 c:/users/administrator/appdata/local/arduino15/packages/arduino/tools/arm-none-eabi-gcc/4.8.3-2014q1/bin/../lib/gcc/arm-none-eabi/4.8.3/../../../../arm-none-eabi/lib/armv7-m\libstdc++.a(atexit_arm.o)
                                  0x8 (size before relaxing)
 .ARM.exidx     0x08009938        0x0 c:/users/administrator/appdata/local/arduino15/packages/arduino/tools/arm-none-eabi-gcc/4.8.3-2014q1/bin/../lib/gcc/arm-none-eabi/4.8.3/armv7-m\libgcc.a(_divdi3.o)
                                  0x8 (size before relaxing)
 .ARM.exidx     0x08009938        0x0 c:/users/administrator/appdata/local/arduino15/packages/arduino/tools/arm-none-eabi-gcc/4.8.3-2014q1/bin/../lib/gcc/arm-none-eabi/4.8.3/armv7-m\libgcc.a(_udivdi3.o)
                                  0x8 (size before relaxing)
                0x08009938                __exidx_end = .

.data           0x20000000      0xf20 load address 0x08009938
                0x20000000                __data_start__ = .
                0x20000000        0x4 LONG 0x0
                0x20000008                . = ALIGN (0x8)
 *fill*         0x20000004        0x4 
 *(.got.plt)
 *(.got)
 *(.data .data.* .gnu.linkonce.d.*)