Archive member included to satisfy reference by file (symbol)

C:\Users\Administrator\AppData\Local\Temp\VMBuilds\Solenoid_valve_may15\Arduino_STM32-master_genericSTM32F103R\Release\core.a(exc.S.o)
                              (__exc_nmi)
C:\Users\Administrator\AppData\Local\Temp\VMBuilds\Solenoid_valve_may15\Arduino_STM32-master_genericSTM32F103R\Release\core.a(isrs.S.o)
                              (__stm32reservedexception7)
C:\Users\Administrator\AppData\Local\Temp\VMBuilds\Solenoid_valve_may15\Arduino_STM32-master_genericSTM32F103R\Release\core.a(vector_table.S.o)
                              (__stm32_vector_table)
C:\Users\Administrator\AppData\Local\Temp\VMBuilds\Solenoid_valve_may15\Arduino_STM32-master_genericSTM32F103R\Release\core.a(itoa.c.o)
                              user_test.cpp.o (itoa)
C:\Users\Administrator\AppData\Local\Temp\VMBuilds\Solenoid_valve_may15\Arduino_STM32-master_genericSTM32F103R\Release\core.a(adc.c.o)
                              C:\Users\Administrator\AppData\Local\Temp\VMBCore\arduino16x\26f9647b75fb80b091c2c1c5a86ae632\variant\boards.cpp.o (adc_set_sample_rate)
C:\Users\Administrator\AppData\Local\Temp\VMBuilds\Solenoid_valve_may15\Arduino_STM32-master_genericSTM32F103R\Release\core.a(adc_f1.c.o)
                              C:\Users\Administrator\AppData\Local\Temp\VMBuilds\Solenoid_valve_may15\Arduino_STM32-master_genericSTM32F103R\Release\core.a(vector_table.S.o) (__irq_adc)
C:\Users\Administrator\AppData\Local\Temp\VMBuilds\Solenoid_valve_may15\Arduino_STM32-master_genericSTM32F103R\Release\core.a(dma_f1.c.o)
                              C:\Users\Administrator\AppData\Local\Temp\VMBuilds\Solenoid_valve_may15\Arduino_STM32-master_genericSTM32F103R\Release\core.a(vector_table.S.o) (__irq_dma1_channel1)
C:\Users\Administrator\AppData\Local\Temp\VMBuilds\Solenoid_valve_may15\Arduino_STM32-master_genericSTM32F103R\Release\core.a(exti.c.o)
                              C:\Users\Administrator\AppData\Local\Temp\VMBuilds\Solenoid_valve_may15\Arduino_STM32-master_genericSTM32F103R\Release\core.a(vector_table.S.o) (__irq_exti0)
C:\Users\Administrator\AppData\Local\Temp\VMBuilds\Solenoid_valve_may15\Arduino_STM32-master_genericSTM32F103R\Release\core.a(exti_f1.c.o)
                              C:\Users\Administrator\AppData\Local\Temp\VMBuilds\Solenoid_valve_may15\Arduino_STM32-master_genericSTM32F103R\Release\core.a(exti.c.o) (exti_select)
C:\Users\Administrator\AppData\Local\Temp\VMBuilds\Solenoid_valve_may15\Arduino_STM32-master_genericSTM32F103R\Release\core.a(flash.c.o)
                              C:\Users\Administrator\AppData\Local\Temp\VMBCore\arduino16x\26f9647b75fb80b091c2c1c5a86ae632\variant\boards.cpp.o (flash_set_latency)
C:\Users\Administrator\AppData\Local\Temp\VMBuilds\Solenoid_valve_may15\Arduino_STM32-master_genericSTM32F103R\Release\core.a(gpio_f1.c.o)
                              C:\Users\Administrator\AppData\Local\Temp\VMBCore\arduino16x\26f9647b75fb80b091c2c1c5a86ae632\variant\boards_setup.cpp.o (gpio_init_all)
C:\Users\Administrator\AppData\Local\Temp\VMBuilds\Solenoid_valve_may15\Arduino_STM32-master_genericSTM32F103R\Release\core.a(i2c_f1.c.o)
                              C:\Users\Administrator\AppData\Local\Temp\VMBuilds\Solenoid_valve_may15\Arduino_STM32-master_genericSTM32F103R\Release\core.a(vector_table.S.o) (__irq_i2c1_ev)
C:\Users\Administrator\AppData\Local\Temp\VMBuilds\Solenoid_valve_may15\Arduino_STM32-master_genericSTM32F103R\Release\core.a(nvic.c.o)
                              C:\Users\Administrator\AppData\Local\Temp\VMBuilds\Solenoid_valve_may15\Arduino_STM32-master_genericSTM32F103R\Release\core.a(i2c_f1.c.o) (nvic_irq_set_priority)
C:\Users\Administrator\AppData\Local\Temp\VMBuilds\Solenoid_valve_may15\Arduino_STM32-master_genericSTM32F103R\Release\core.a(rcc.c.o)
                              C:\Users\Administrator\AppData\Local\Temp\VMBCore\arduino16x\26f9647b75fb80b091c2c1c5a86ae632\variant\boards.cpp.o (rcc_switch_sysclk)
C:\Users\Administrator\AppData\Local\Temp\VMBuilds\Solenoid_valve_may15\Arduino_STM32-master_genericSTM32F103R\Release\core.a(rcc_f1.c.o)
                              C:\Users\Administrator\AppData\Local\Temp\VMBCore\arduino16x\26f9647b75fb80b091c2c1c5a86ae632\variant\boards.cpp.o (rcc_configure_pll)
C:\Users\Administrator\AppData\Local\Temp\VMBuilds\Solenoid_valve_may15\Arduino_STM32-master_genericSTM32F103R\Release\core.a(systick.c.o)
                              C:\Users\Administrator\AppData\Local\Temp\VMBCore\arduino16x\26f9647b75fb80b091c2c1c5a86ae632\variant\boards.cpp.o (systick_init)
C:\Users\Administrator\AppData\Local\Temp\VMBuilds\Solenoid_valve_may15\Arduino_STM32-master_genericSTM32F103R\Release\core.a(timer.c.o)
                              C:\Users\Administrator\AppData\Local\Temp\VMBCore\arduino16x\26f9647b75fb80b091c2c1c5a86ae632\variant\boards.cpp.o (timer_foreach)
[...]
Memory Configuration

Name             Origin             Length             Attributes
ram              0x20000000         0x0000c000         xrw
rom              0x08000000         0x00040000         xr
*default*        0x00000000         0xffffffff

Linker script and memory map

LOAD c:/users/administrator/appdata/local/arduino15/packages/arduino/tools/arm-none-eabi-gcc/7-2017q4/bin/../lib/gcc/arm-none-eabi/7.2.1/thumb/v7-m/crti.o
LOAD c:/users/administrator/appdata/local/arduino15/packages/arduino/tools/arm-none-eabi-gcc/7-2017q4/bin/../lib/gcc/arm-none-eabi/7.2.1/thumb/v7-m/crtbegin.o
LOAD c:/users/administrator/appdata/local/arduino15/packages/arduino/tools/arm-none-eabi-gcc/7-2017q4/bin/../lib/gcc/arm-none-eabi/7.2.1/../../../../arm-none-eabi/lib/thumb/v7-m/crt0.o
LOAD c:/users/administrator/appdata/local/arduino15/packages/arduino/tools/arm-none-eabi-gcc/7-2017q4/bin/../lib/gcc/arm-none-eabi/7.2.1/thumb/v7-m\libgcc.a
START GROUP
LOAD Solenoid_valve_may15.cpp.o
LOAD MODBUS_RTU_CRC16.cpp.o
LOAD user_A011_E011.cpp.o
LOAD user_A025receipt.cpp.o
LOAD user_Character.cpp.o
LOAD user_crc8.cpp.o
LOAD user_DECtoHEX.cpp.o
LOAD user_filter.cpp.o
LOAD user_HEXtoDEC.cpp.o
LOAD user_initialization.cpp.o
LOAD user_judgement.cpp.o
LOAD user_lorainit.cpp.o
LOAD user_test.cpp.o
LOAD EEPROM\flash_stm32.c.o
LOAD EEPROM\EEPROM.cpp.o
LOAD C:\Users\Administrator\AppData\Local\Temp\VMBCore\arduino16x\26f9647b75fb80b091c2c1c5a86ae632\variant\board.cpp.o
LOAD C:\Users\Administrator\AppData\Local\Temp\VMBCore\arduino16x\26f9647b75fb80b091c2c1c5a86ae632\variant\boards.cpp.o
LOAD C:\Users\Administrator\AppData\Local\Temp\VMBCore\arduino16x\26f9647b75fb80b091c2c1c5a86ae632\variant\boards_setup.cpp.o
LOAD C:\Users\Administrator\AppData\Local\Temp\VMBCore\arduino16x\26f9647b75fb80b091c2c1c5a86ae632\variant\start.S.o
LOAD C:\Users\Administrator\AppData\Local\Temp\VMBCore\arduino16x\26f9647b75fb80b091c2c1c5a86ae632\variant\start_c.c.o
LOAD C:\Users\Administrator\AppData\Local\Temp\VMBCore\arduino16x\26f9647b75fb80b091c2c1c5a86ae632\variant\syscalls.c.o
LOAD C:\Users\Administrator\AppData\Local\Temp\VMBuilds\Solenoid_valve_may15\Arduino_STM32-master_genericSTM32F103R\Release\core.a
END GROUP
LOAD c:/users/administrator/appdata/local/arduino15/packages/arduino/tools/arm-none-eabi-gcc/7-2017q4/bin/../lib/gcc/arm-none-eabi/7.2.1/../../../../arm-none-eabi/lib/thumb/v7-m\libstdc++.a
LOAD c:/users/administrator/appdata/local/arduino15/packages/arduino/tools/arm-none-eabi-gcc/7-2017q4/bin/../lib/gcc/arm-none-eabi/7.2.1/../../../../arm-none-eabi/lib/thumb/v7-m\libm.a
START GROUP
LOAD c:/users/administrator/appdata/local/arduino15/packages/arduino/tools/arm-none-eabi-gcc/7-2017q4/bin/../lib/gcc/arm-none-eabi/7.2.1/thumb/v7-m\libgcc.a
LOAD c:/users/administrator/appdata/local/arduino15/packages/arduino/tools/arm-none-eabi-gcc/7-2017q4/bin/../lib/gcc/arm-none-eabi/7.2.1/../../../../arm-none-eabi/lib/thumb/v7-m\libc.a
END GROUP
LOAD c:/users/administrator/appdata/local/arduino15/packages/arduino/tools/arm-none-eabi-gcc/7-2017q4/bin/../lib/gcc/arm-none-eabi/7.2.1/thumb/v7-m/crtend.o
LOAD c:/users/administrator/appdata/local/arduino15/packages/arduino/tools/arm-none-eabi-gcc/7-2017q4/bin/../lib/gcc/arm-none-eabi/7.2.1/thumb/v7-m/crtn.o
START GROUP
LOAD c:/users/administrator/appdata/local/arduino15/packages/arduino/tools/arm-none-eabi-gcc/7-2017q4/bin/../lib/gcc/arm-none-eabi/7.2.1/thumb/v7-m\libgcc.a
LOAD c:/users/administrator/appdata/local/arduino15/packages/arduino/tools/arm-none-eabi-gcc/7-2017q4/bin/../lib/gcc/arm-none-eabi/7.2.1/../../../../arm-none-eabi/lib/thumb/v7-m\libc.a
LOAD c:/users/administrator/appdata/local/arduino15/packages/arduino/tools/arm-none-eabi-gcc/7-2017q4/bin/../lib/gcc/arm-none-eabi/7.2.1/../../../../arm-none-eabi/lib/thumb/v7-m\libm.a
END GROUP
START GROUP
LOAD c:/users/administrator/appdata/local/arduino15/packages/arduino/tools/arm-none-eabi-gcc/7-2017q4/bin/../lib/gcc/arm-none-eabi/7.2.1/../../../../arm-none-eabi/lib/thumb/v7-m\libnosys.a
END GROUP
                0x2000c000                PROVIDE (__msp_init, (ORIGIN (ram) + LENGTH (ram)))
                0x08004518                PROVIDE (__exc_reset, __start__)

.text           0x08000000     0xc8a8
                0x08000000                __text_start__ = .
 *(.stm32.interrupt_vector)
 .stm32.interrupt_vector
                0x08000000      0x130 C:\Users\Administrator\AppData\Local\Temp\VMBuilds\Solenoid_valve_may15\Arduino_STM32-master_genericSTM32F103R\Release\core.a(vector_table.S.o)
                0x08000000                __stm32_vector_table
 *(.text .text.* .gnu.linkonce.t.*)
 .text          0x08000130       0x40 c:/users/administrator/appdata/local/arduino15/packages/arduino/tools/arm-none-eabi-gcc/7-2017q4/bin/../lib/gcc/arm-none-eabi/7.2.1/thumb/v7-m/crtbegin.o
 .text._Z5setupv
                0x08000170      0x120 Solenoid_valve_may15.cpp.o
                0x08000170                setup()
 .text._Z24Receive_information_lorav
                0x08000290      0x1b0 Solenoid_valve_may15.cpp.o
                0x08000290                Receive_information_lora()
 .text._Z23Receive_information_485v
                0x08000440      0x108 Solenoid_valve_may15.cpp.o
                0x08000440                Receive_information_485()
 .text._Z4loopv
                0x08000548       0xec Solenoid_valve_may15.cpp.o
                0x08000548                loop()
 .text._Z9E011_initv
                0x08000634      0x248 user_A011_E011.cpp.o
                0x08000634                E011_init()
 .text._Z9Send_E011i
                0x0800087c      0x338 user_A011_E011.cpp.o
                0x0800087c                Send_E011(int)
 .text._Z12Receive_A011Phi
                0x08000bb4       0xcc user_A011_E011.cpp.o
                0x08000bb4                Receive_A011(unsigned char*, int)
 .text._Z9E015_initv
                0x08000c80       0xd4 user_A025receipt.cpp.o
                0x08000c80                E015_init()
 .text._Z11Get_voltagev
                0x08000d54       0x38 user_A025receipt.cpp.o
                0x08000d54                Get_voltage()
 .text._Z9Get_Flow1v
                0x08000d8c      0x268 user_A025receipt.cpp.o
                0x08000d8c                Get_Flow1()
 .text._Z9Get_Flow2v
                0x08000ff4      0x3b0 user_A025receipt.cpp.o
                0x08000ff4                Get_Flow2()
 .text._Z18Report_informationf
                0x080013a4       0x9c user_A025receipt.cpp.o
                0x080013a4                Report_information(float)
 .text._Z9Send_E015iii
                0x08001440      0x238 user_A025receipt.cpp.o
                0x08001440                Send_E015(int, int, int)
 .text._Z12Receive_A012Phi
                0x08001678      0x218 user_A025receipt.cpp.o
                0x08001678                Receive_A012(unsigned char*, int)
 .text._Z12Receive_A013Phi
                0x08001890      0x28c user_A025receipt.cpp.o
                0x08001890                Receive_A013(unsigned char*, int)
 .text._Z9E014_easyv
                0x08001b1c      0x170 user_A025receipt.cpp.o
                0x08001b1c                E014_easy()
 .text._Z12Signal_queryv
                0x08001c8c      0x1f8 user_A025receipt.cpp.o
                0x08001c8c                Signal_query()
 .text._Z9E014_initv
                0x08001e84       0xc8 user_A025receipt.cpp.o
                0x08001e84                E014_init()
 .text._Z9Send_E014v
                0x08001f4c      0x278 user_A025receipt.cpp.o
                0x08001f4c                Send_E014()
 .text._Z12Receive_A014Phi
                0x080021c4      0x128 user_A025receipt.cpp.o
                0x080021c4                Receive_A014(unsigned char*, int)
 .text._Z9forswitchv
                0x080022ec      0x2e8 user_A025receipt.cpp.o
                0x080022ec                forswitch()
 .text._Z12Receive_A025Phi
                0x080025d4      0x78c user_A025receipt.cpp.o
                0x080025d4                Receive_A025(unsigned char*, int)
 .text.__tcf_0  0x08002d60       0x1c user_Character.cpp.o
 .text.startup._GLOBAL__sub_I_Char_buffer
                0x08002d7c       0x38 user_Character.cpp.o
 .text._Z7GetCrc8Phi
                0x08002db4       0x2c user_crc8.cpp.o
                0x08002db4                GetCrc8(unsigned char*, int)
 .text._Z14Initializationv
                0x08002de0      0x2a0 user_initialization.cpp.o
                0x08002de0                Initialization()
 .text._Z18Judgement_functionPhii
                0x08003080      0x18c user_judgement.cpp.o
                0x08003080                Judgement_function(unsigned char*, int, int)
 .text._Z19LORA_Initializationv
                0x0800320c      0xb40 user_lorainit.cpp.o
                0x0800320c                LORA_Initialization()
 .text.FLASH_GetStatus
                0x08003d4c       0x34 EEPROM\flash_stm32.c.o
                0x08003d4c                FLASH_GetStatus
 .text.FLASH_WaitForLastOperation
                0x08003d80       0x38 EEPROM\flash_stm32.c.o
                0x08003d80                FLASH_WaitForLastOperation
 .text.FLASH_ErasePage
                0x08003db8       0x44 EEPROM\flash_stm32.c.o
                0x08003db8                FLASH_ErasePage
 .text.FLASH_ProgramHalfWord
                0x08003dfc       0x4c EEPROM\flash_stm32.c.o
                0x08003dfc                FLASH_ProgramHalfWord
 .text.FLASH_Unlock
                0x08003e48       0x18 EEPROM\flash_stm32.c.o
                0x08003e48                FLASH_Unlock
 .text._ZN11EEPROMClass12EE_CheckPageEmt
                0x08003e60       0x2e EEPROM\EEPROM.cpp.o
                0x08003e60                EEPROMClass::EE_CheckPage(unsigned long, unsigned short)
 .text._ZN11EEPROMClass12EE_ErasePageEm
                0x08003e8e       0x3e EEPROM\EEPROM.cpp.o
                0x08003e8e                EEPROMClass::EE_ErasePage(unsigned long)
 .text._ZN11EEPROMClass17EE_CheckErasePageEmt
                0x08003ecc       0x2c EEPROM\EEPROM.cpp.o
                0x08003ecc                EEPROMClass::EE_CheckErasePage(unsigned long, unsigned short)
 .text._ZN11EEPROMClass16EE_FindValidPageEv
                0x08003ef8       0x30 EEPROM\EEPROM.cpp.o
                0x08003ef8                EEPROMClass::EE_FindValidPage()
 .text._ZN11EEPROMClass20EE_GetVariablesCountEmt
                0x08003f28       0x38 EEPROM\EEPROM.cpp.o
                0x08003f28                EEPROMClass::EE_GetVariablesCount(unsigned long, unsigned short)
 .text._ZN11EEPROMClass15EE_PageTransferEmmt
                0x08003f60       0xaa EEPROM\EEPROM.cpp.o
                0x08003f60                EEPROMClass::EE_PageTransfer(unsigned long, unsigned long, unsigned short)
 .text._ZN11EEPROMClass30EE_VerifyPageFullWriteVariableEtt
                0x0800400a       0xdc EEPROM\EEPROM.cpp.o
                0x0800400a                EEPROMClass::EE_VerifyPageFullWriteVariable(unsigned short, unsigned short)
 .text._ZN11EEPROMClass6formatEv
                0x080040e6       0x40 EEPROM\EEPROM.cpp.o
                0x080040e6                EEPROMClass::format()
 .text._ZN11EEPROMClass4initEv
                0x08004126       0xbe EEPROM\EEPROM.cpp.o
                0x08004126                EEPROMClass::init()
 .text._ZN11EEPROMClass4readEtPt
                0x080041e4       0x4e EEPROM\EEPROM.cpp.o
                0x080041e4                EEPROMClass::read(unsigned short, unsigned short*)
 .text._ZN11EEPROMClass4readEt
                0x08004232       0x14 EEPROM\EEPROM.cpp.o
                0x08004232                EEPROMClass::read(unsigned short)
 .text._ZN11EEPROMClass5writeEtt
                0x08004246       0x32 EEPROM\EEPROM.cpp.o
                0x08004246                EEPROMClass::write(unsigned short, unsigned short)
 .text.startup._GLOBAL__sub_I__ZN11EEPROMClass12EE_CheckPageEmt
                0x08004278       0x20 EEPROM\EEPROM.cpp.o
 .text.startup._GLOBAL__sub_I_PIN_MAP
                0x08004298       0x74 C:\Users\Administrator\AppData\Local\Temp\VMBCore\arduino16x\26f9647b75fb80b091c2c1c5a86ae632\variant\board.cpp.o
 .text._ZL18adc_default_configP7adc_dev
                0x0800430c       0x1c C:\Users\Administrator\AppData\Local\Temp\VMBCore\arduino16x\26f9647b75fb80b091c2c1c5a86ae632\variant\boards.cpp.o
 .text._ZL20timer_default_configP9timer_dev
                0x08004328       0xa8 C:\Users\Administrator\AppData\Local\Temp\VMBCore\arduino16x\26f9647b75fb80b091c2c1c5a86ae632\variant\boards.cpp.o
 .text._Z9boardInitv
                0x080043d0        0x2 C:\Users\Administrator\AppData\Local\Temp\VMBCore\arduino16x\26f9647b75fb80b091c2c1c5a86ae632\variant\boards.cpp.o
                0x080043d0                boardInit()
 *fill*         0x080043d2        0x2 
 .text._Z4initv
                0x080043d4       0xbc C:\Users\Administrator\AppData\Local\Temp\VMBCore\arduino16x\26f9647b75fb80b091c2c1c5a86ae632\variant\boards.cpp.o
                0x080043d4                init()
 .text._ZN6wirish4priv15board_reset_pllEv
                0x08004490        0x2 C:\Users\Administrator\AppData\Local\Temp\VMBCore\arduino16x\26f9647b75fb80b091c2c1c5a86ae632\variant\boards_setup.cpp.o
                0x08004490                wirish::priv::board_reset_pll()
 .text._ZN6wirish4priv28board_setup_clock_prescalersEv
                0x08004492       0x2e C:\Users\Administrator\AppData\Local\Temp\VMBCore\arduino16x\26f9647b75fb80b091c2c1c5a86ae632\variant\boards_setup.cpp.o
                0x08004492                wirish::priv::board_setup_clock_prescalers()
 .text._ZN6wirish4priv16board_setup_gpioEv
                0x080044c0        0x4 C:\Users\Administrator\AppData\Local\Temp\VMBCore\arduino16x\26f9647b75fb80b091c2c1c5a86ae632\variant\boards_setup.cpp.o
                0x080044c0                wirish::priv::board_setup_gpio()
 .text._ZN6wirish4priv15board_setup_usbEv
                0x080044c4       0x50 C:\Users\Administrator\AppData\Local\Temp\VMBCore\arduino16x\26f9647b75fb80b091c2c1c5a86ae632\variant\boards_setup.cpp.o
                0x080044c4                wirish::priv::board_setup_usb()
 .text._ZN6wirish4priv11series_initEv
                0x08004514        0x4 C:\Users\Administrator\AppData\Local\Temp\VMBCore\arduino16x\26f9647b75fb80b091c2c1c5a86ae632\variant\boards_setup.cpp.o
                0x08004514                wirish::priv::series_init()
 .text          0x08004518       0x10 C:\Users\Administrator\AppData\Local\Temp\VMBCore\arduino16x\26f9647b75fb80b091c2c1c5a86ae632\variant\start.S.o
                0x08004518                __start__
 .text.start_c  0x08004528       0x60 C:\Users\Administrator\AppData\Local\Temp\VMBCore\arduino16x\26f9647b75fb80b091c2c1c5a86ae632\variant\start_c.c.o
                0x08004528                start_c
 .text._sbrk    0x08004588       0x44 C:\Users\Administrator\AppData\Local\Temp\VMBCore\arduino16x\26f9647b75fb80b091c2c1c5a86ae632\variant\syscalls.c.o
                0x08004588                _sbrk
 .text._exit    0x080045cc        0x2 C:\Users\Administrator\AppData\Local\Temp\VMBCore\arduino16x\26f9647b75fb80b091c2c1c5a86ae632\variant\syscalls.c.o
                0x080045cc                _exit
 *fill*         0x080045ce        0x2 
 .text          0x080045d0       0x54 C:\Users\Administrator\AppData\Local\Temp\VMBuilds\Solenoid_valve_may15\Arduino_STM32-master_genericSTM32F103R\Release\core.a(exc.S.o)
                0x080045d0                __exc_nmi
                0x080045d4                __exc_hardfault
                0x080045d8                __exc_memmanage
                0x080045dc                __exc_busfault
                0x080045e0                __exc_usagefault
 .text          0x08004624        0x2 C:\Users\Administrator\AppData\Local\Temp\VMBuilds\Solenoid_valve_may15\Arduino_STM32-master_genericSTM32F103R\Release\core.a(isrs.S.o)
                0x08004624                __stm32reservedexception9
                0x08004624                __irq_sdio
                0x08004624                __irq_fsmc
                0x08004624                __exc_debug_monitor
                0x08004624                __exc_svc
                0x08004624                __irq_can_rx1
                0x08004624                __irq_spi2
                0x08004624                __irq_can_sce
                0x08004624                __irq_pvd
                0x08004624                __irq_tamper
                0x08004624                __default_handler
                0x08004624                __irq_wwdg
                0x08004624                __stm32reservedexception10
                0x08004624                __irq_flash
                0x08004624                __stm32reservedexception13
                0x08004624                __irq_rtc
                0x08004624                __irq_spi1
                0x08004624                __stm32reservedexception7
                0x08004624                __irq_usb_hp_can_tx
                0x08004624                __irq_rtcalarm
                0x08004624                __irq_spi3
                0x08004624                __stm32reservedexception8
                0x08004624                __exc_pendsv
                0x08004624                __irq_usbwakeup
                0x08004624                __irq_rcc
 .text.ltoa     0x08004626       0x70 C:\Users\Administrator\AppData\Local\Temp\VMBuilds\Solenoid_valve_may15\Arduino_STM32-master_genericSTM32F103R\Release\core.a(itoa.c.o)
                0x08004626                ltoa
 .text.itoa     0x08004696        0x4 C:\Users\Administrator\AppData\Local\Temp\VMBuilds\Solenoid_valve_may15\Arduino_STM32-master_genericSTM32F103R\Release\core.a(itoa.c.o)
                0x08004696                itoa
 .text.ultoa    0x0800469a       0x52 C:\Users\Administrator\AppData\Local\Temp\VMBuilds\Solenoid_valve_may15\Arduino_STM32-master_genericSTM32F103R\Release\core.a(itoa.c.o)
                0x0800469a                ultoa
 .text.utoa     0x080046ec        0x4 C:\Users\Administrator\AppData\Local\Temp\VMBuilds\Solenoid_valve_may15\Arduino_STM32-master_genericSTM32F103R\Release\core.a(itoa.c.o)
                0x080046ec                utoa
 .text.adc_init
                0x080046f0       0x14 C:\Users\Administrator\AppData\Local\Temp\VMBuilds\Solenoid_valve_may15\Arduino_STM32-master_genericSTM32F103R\Release\core.a(adc.c.o)
                0x080046f0                adc_init
 .text.adc_set_extsel
                0x08004704       0x12 C:\Users\Administrator\AppData\Local\Temp\VMBuilds\Solenoid_valve_may15\Arduino_STM32-master_genericSTM32F103R\Release\core.a(adc.c.o)
                0x08004704                adc_set_extsel
 .text.adc_set_sample_rate
                0x08004716       0x2a C:\Users\Administrator\AppData\Local\Temp\VMBuilds\Solenoid_valve_may15\Arduino_STM32-master_genericSTM32F103R\Release\core.a(adc.c.o)
                0x08004716                adc_set_sample_rate
 .text.adc_read
                0x08004740       0x20 C:\Users\Administrator\AppData\Local\Temp\VMBuilds\Solenoid_valve_may15\Arduino_STM32-master_genericSTM32F103R\Release\core.a(adc.c.o)
                0x08004740                adc_read
 .text.__irq_adc
                0x08004760       0x54 C:\Users\Administrator\AppData\Local\Temp\VMBuilds\Solenoid_valve_may15\Arduino_STM32-master_genericSTM32F103R\Release\core.a(adc_f1.c.o)
                0x08004760                __irq_adc
 .text.__irq_adc3
                0x080047b4       0x54 C:\Users\Administrator\AppData\Local\Temp\VMBuilds\Solenoid_valve_may15\Arduino_STM32-master_genericSTM32F103R\Release\core.a(adc_f1.c.o)
                0x080047b4                __irq_adc3
 .text.adc_calibrate
                0x08004808       0x24 C:\Users\Administrator\AppData\Local\Temp\VMBuilds\Solenoid_valve_may15\Arduino_STM32-master_genericSTM32F103R\Release\core.a(adc_f1.c.o)
                0x08004808                adc_calibrate
 .text.adc_set_prescaler
                0x0800482c        0x8 C:\Users\Administrator\AppData\Local\Temp\VMBuilds\Solenoid_valve_may15\Arduino_STM32-master_genericSTM32F103R\Release\core.a(adc_f1.c.o)
                0x0800482c                adc_set_prescaler
 .text.adc_foreach
                0x08004834       0x28 C:\Users\Administrator\AppData\Local\Temp\VMBuilds\Solenoid_valve_may15\Arduino_STM32-master_genericSTM32F103R\Release\core.a(adc_f1.c.o)
                0x08004834                adc_foreach
 .text.adc_enable_single_swstart
                0x0800485c       0x36 C:\Users\Administrator\AppData\Local\Temp\VMBuilds\Solenoid_valve_may15\Arduino_STM32-master_genericSTM32F103R\Release\core.a(adc_f1.c.o)
                0x0800485c                adc_enable_single_swstart
 *fill*         0x08004892        0x2 
 .text.__irq_dma1_channel1
                0x08004894       0x18 C:\Users\Administrator\AppData\Local\Temp\VMBuilds\Solenoid_valve_may15\Arduino_STM32-master_genericSTM32F103R\Release\core.a(dma_f1.c.o)
                0x08004894                __irq_dma1_channel1
 .text.__irq_dma1_channel2
                0x080048ac       0x18 C:\Users\Administrator\AppData\Local\Temp\VMBuilds\Solenoid_valve_may15\Arduino_STM32-master_genericSTM32F103R\Release\core.a(dma_f1.c.o)
                0x080048ac                __irq_dma1_channel2
 .text.__irq_dma1_channel3
                0x080048c4       0x1c C:\Users\Administrator\AppData\Local\Temp\VMBuilds\Solenoid_valve_may15\Arduino_STM32-master_genericSTM32F103R\Release\core.a(dma_f1.c.o)
                0x080048c4                __irq_dma1_channel3
 .text.__irq_dma1_channel4
                0x080048e0       0x1c C:\Users\Administrator\AppData\Local\Temp\VMBuilds\Solenoid_valve_may15\Arduino_STM32-master_genericSTM32F103R\Release\core.a(dma_f1.c.o)
                0x080048e0                __irq_dma1_channel4
 .text.__irq_dma1_channel5
                0x080048fc       0x1c C:\Users\Administrator\AppData\Local\Temp\VMBuilds\Solenoid_valve_may15\Arduino_STM32-master_genericSTM32F103R\Release\core.a(dma_f1.c.o)
                0x080048fc                __irq_dma1_channel5
 .text.__irq_dma1_channel6
                0x08004918       0x1c C:\Users\Administrator\AppData\Local\Temp\VMBuilds\Solenoid_valve_may15\Arduino_STM32-master_genericSTM32F103R\Release\core.a(dma_f1.c.o)
                0x08004918                __irq_dma1_channel6
 .text.__irq_dma1_channel7
                0x08004934       0x1c C:\Users\Administrator\AppData\Local\Temp\VMBuilds\Solenoid_valve_may15\Arduino_STM32-master_genericSTM32F103R\Release\core.a(dma_f1.c.o)
                0x08004934                __irq_dma1_channel7
 .text.__irq_dma2_channel1
                0x08004950       0x18 C:\Users\Administrator\AppData\Local\Temp\VMBuilds\Solenoid_valve_may15\Arduino_STM32-master_genericSTM32F103R\Release\core.a(dma_f1.c.o)
                0x08004950                __irq_dma2_channel1
 .text.__irq_dma2_channel2
                0x08004968       0x18 C:\Users\Administrator\AppData\Local\Temp\VMBuilds\Solenoid_valve_may15\Arduino_STM32-master_genericSTM32F103R\Release\core.a(dma_f1.c.o)
                0x08004968                __irq_dma2_channel2
 .text.__irq_dma2_channel3
                0x08004980       0x1c C:\Users\Administrator\AppData\Local\Temp\VMBuilds\Solenoid_valve_may15\Arduino_STM32-master_genericSTM32F103R\Release\core.a(dma_f1.c.o)
                0x08004980                __irq_dma2_channel3
 .text.__irq_dma2_channel4_5
                0x0800499c       0x4c C:\Users\Administrator\AppData\Local\Temp\VMBuilds\Solenoid_valve_may15\Arduino_STM32-master_genericSTM32F103R\Release\core.a(dma_f1.c.o)
                0x0800499c                __irq_dma2_channel4_5
 .text.__irq_exti0
                0x080049e8       0x20 C:\Users\Administrator\AppData\Local\Temp\VMBuilds\Solenoid_valve_may15\Arduino_STM32-master_genericSTM32F103R\Release\core.a(exti.c.o)
                0x080049e8                __irq_exti0
 .text.__irq_exti1
                0x08004a08       0x20 C:\Users\Administrator\AppData\Local\Temp\VMBuilds\Solenoid_valve_may15\Arduino_STM32-master_genericSTM32F103R\Release\core.a(exti.c.o)
                0x08004a08                __irq_exti1
 .text.__irq_exti2
                0x08004a28       0x20 C:\Users\Administrator\AppData\Local\Temp\VMBuilds\Solenoid_valve_may15\Arduino_STM32-master_genericSTM32F103R\Release\core.a(exti.c.o)
                0x08004a28                __irq_exti2
 .text.__irq_exti3
                0x08004a48       0x20 C:\Users\Administrator\AppData\Local\Temp\VMBuilds\Solenoid_valve_may15\Arduino_STM32-master_genericSTM32F103R\Release\core.a(exti.c.o)
                0x08004a48                __irq_exti3
 .text.__irq_exti4
                0x08004a68       0x20 C:\Users\Administrator\AppData\Local\Temp\VMBuilds\Solenoid_valve_may15\Arduino_STM32-master_genericSTM32F103R\Release\core.a(exti.c.o)
                0x08004a68                __irq_exti4
 .text.__irq_exti9_5
                0x08004a88       0x48 C:\Users\Administrator\AppData\Local\Temp\VMBuilds\Solenoid_valve_may15\Arduino_STM32-master_genericSTM32F103R\Release\core.a(exti.c.o)
                0x08004a88                __irq_exti9_5
 .text.__irq_exti15_10
                0x08004ad0       0x48 C:\Users\Administrator\AppData\Local\Temp\VMBuilds\Solenoid_valve_may15\Arduino_STM32-master_genericSTM32F103R\Release\core.a(exti.c.o)
                0x08004ad0                __irq_exti15_10
 .text.flash_set_latency
                0x08004b18       0x14 C:\Users\Administrator\AppData\Local\Temp\VMBuilds\Solenoid_valve_may15\Arduino_STM32-master_genericSTM32F103R\Release\core.a(flash.c.o)
                0x08004b18                flash_set_latency
 .text.gpio_init_all
                0x08004b2c       0x30 C:\Users\Administrator\AppData\Local\Temp\VMBuilds\Solenoid_valve_may15\Arduino_STM32-master_genericSTM32F103R\Release\core.a(gpio_f1.c.o)
                0x08004b2c                gpio_init_all
 .text.gpio_set_mode
                0x08004b5c       0x4e C:\Users\Administrator\AppData\Local\Temp\VMBuilds\Solenoid_valve_may15\Arduino_STM32-master_genericSTM32F103R\Release\core.a(gpio_f1.c.o)
                0x08004b5c                gpio_set_mode
 .text.afio_init
                0x08004baa       0x12 C:\Users\Administrator\AppData\Local\Temp\VMBuilds\Solenoid_valve_may15\Arduino_STM32-master_genericSTM32F103R\Release\core.a(gpio_f1.c.o)
                0x08004baa                afio_init
 .text.__irq_i2c1_ev
                0x08004bbc        0xc C:\Users\Administrator\AppData\Local\Temp\VMBuilds\Solenoid_valve_may15\Arduino_STM32-master_genericSTM32F103R\Release\core.a(i2c_f1.c.o)
                0x08004bbc                __irq_i2c1_ev
 .text.__irq_i2c2_ev
                0x08004bc8        0xc C:\Users\Administrator\AppData\Local\Temp\VMBuilds\Solenoid_valve_may15\Arduino_STM32-master_genericSTM32F103R\Release\core.a(i2c_f1.c.o)
                0x08004bc8                __irq_i2c2_ev
 .text.__irq_i2c1_er
                0x08004bd4        0xc C:\Users\Administrator\AppData\Local\Temp\VMBuilds\Solenoid_valve_may15\Arduino_STM32-master_genericSTM32F103R\Release\core.a(i2c_f1.c.o)
                0x08004bd4                __irq_i2c1_er
 .text.__irq_i2c2_er
                0x08004be0        0xc C:\Users\Administrator\AppData\Local\Temp\VMBuilds\Solenoid_valve_may15\Arduino_STM32-master_genericSTM32F103R\Release\core.a(i2c_f1.c.o)
                0x08004be0                __irq_i2c2_er
 .text._i2c_irq_priority_fixup
                0x08004bec       0x1c C:\Users\Administrator\AppData\Local\Temp\VMBuilds\Solenoid_valve_may15\Arduino_STM32-master_genericSTM32F103R\Release\core.a(i2c_f1.c.o)
                0x08004bec                _i2c_irq_priority_fixup
 .text.nvic_irq_set_priority
                0x08004c08       0x28 C:\Users\Administrator\AppData\Local\Temp\VMBuilds\Solenoid_valve_may15\Arduino_STM32-master_genericSTM32F103R\Release\core.a(nvic.c.o)
                0x08004c08                nvic_irq_set_priority
 .text.nvic_init
                0x08004c30       0x2c C:\Users\Administrator\AppData\Local\Temp\VMBuilds\Solenoid_valve_may15\Arduino_STM32-master_genericSTM32F103R\Release\core.a(nvic.c.o)
                0x08004c30                nvic_init
 .text.nvic_sys_reset
                0x08004c5c       0x1c C:\Users\Administrator\AppData\Local\Temp\VMBuilds\Solenoid_valve_may15\Arduino_STM32-master_genericSTM32F103R\Release\core.a(nvic.c.o)
                0x08004c5c                nvic_sys_reset
 .text.rcc_dev_clk
                0x08004c78        0xc C:\Users\Administrator\AppData\Local\Temp\VMBuilds\Solenoid_valve_may15\Arduino_STM32-master_genericSTM32F103R\Release\core.a(rcc.c.o)
                0x08004c78                rcc_dev_clk
 .text.rcc_switch_sysclk
                0x08004c84       0x20 C:\Users\Administrator\AppData\Local\Temp\VMBuilds\Solenoid_valve_may15\Arduino_STM32-master_genericSTM32F103R\Release\core.a(rcc.c.o)
                0x08004c84                rcc_switch_sysclk
 .text.rcc_turn_on_clk
                0x08004ca4       0x18 C:\Users\Administrator\AppData\Local\Temp\VMBuilds\Solenoid_valve_may15\Arduino_STM32-master_genericSTM32F103R\Release\core.a(rcc.c.o)
                0x08004ca4                rcc_turn_on_clk
 .text.rcc_turn_off_clk
                0x08004cbc       0x1c C:\Users\Administrator\AppData\Local\Temp\VMBuilds\Solenoid_valve_may15\Arduino_STM32-master_genericSTM32F103R\Release\core.a(rcc.c.o)
                0x08004cbc                rcc_turn_off_clk
 .text.rcc_is_clk_ready
                0x08004cd8       0x18 C:\Users\Administrator\AppData\Local\Temp\VMBuilds\Solenoid_valve_may15\Arduino_STM32-master_genericSTM32F103R\Release\core.a(rcc.c.o)
                0x08004cd8                rcc_is_clk_ready
 .text.rcc_configure_pll
                0x08004cf0       0x1c C:\Users\Administrator\AppData\Local\Temp\VMBuilds\Solenoid_valve_may15\Arduino_STM32-master_genericSTM32F103R\Release\core.a(rcc_f1.c.o)
                0x08004cf0                rcc_configure_pll
 .text.rcc_clk_enable
                0x08004d0c       0x30 C:\Users\Administrator\AppData\Local\Temp\VMBuilds\Solenoid_valve_may15\Arduino_STM32-master_genericSTM32F103R\Release\core.a(rcc_f1.c.o)
                0x08004d0c                rcc_clk_enable
 .text.rcc_reset_dev
                0x08004d3c       0x34 C:\Users\Administrator\AppData\Local\Temp\VMBuilds\Solenoid_valve_may15\Arduino_STM32-master_genericSTM32F103R\Release\core.a(rcc_f1.c.o)
                0x08004d3c                rcc_reset_dev
 .text.rcc_set_prescaler
                0x08004d70       0x20 C:\Users\Administrator\AppData\Local\Temp\VMBuilds\Solenoid_valve_may15\Arduino_STM32-master_genericSTM32F103R\Release\core.a(rcc_f1.c.o)
                0x08004d70                rcc_set_prescaler
 .text.rcc_clk_disable
                0x08004d90       0x30 C:\Users\Administrator\AppData\Local\Temp\VMBuilds\Solenoid_valve_may15\Arduino_STM32-master_genericSTM32F103R\Release\core.a(rcc_f1.c.o)
                0x08004d90                rcc_clk_disable
 .text.systick_init
                0x08004dc0       0x10 C:\Users\Administrator\AppData\Local\Temp\VMBuilds\Solenoid_valve_may15\Arduino_STM32-master_genericSTM32F103R\Release\core.a(systick.c.o)
                0x08004dc0                systick_init
 .text.__exc_systick
                0x08004dd0       0x1c C:\Users\Administrator\AppData\Local\Temp\VMBuilds\Solenoid_valve_may15\Arduino_STM32-master_genericSTM32F103R\Release\core.a(systick.c.o)
                0x08004dd0                __exc_systick
 .text.timer_oc_set_mode
                0x08004dec       0x32 C:\Users\Administrator\AppData\Local\Temp\VMBuilds\Solenoid_valve_may15\Arduino_STM32-master_genericSTM32F103R\Release\core.a(timer.c.o)
 .text.timer_cc_enable
                0x08004e1e       0x1c C:\Users\Administrator\AppData\Local\Temp\VMBuilds\Solenoid_valve_may15\Arduino_STM32-master_genericSTM32F103R\Release\core.a(timer.c.o)
 *fill*         0x08004e3a        0x2 
 .text.timer_foreach
                0x08004e3c       0x4c C:\Users\Administrator\AppData\Local\Temp\VMBuilds\Solenoid_valve_may15\Arduino_STM32-master_genericSTM32F103R\Release\core.a(timer.c.o)
                0x08004e3c                timer_foreach
 .text.timer_init
                0x08004e88       0x14 C:\Users\Administrator\AppData\Local\Temp\VMBuilds\Solenoid_valve_may15\Arduino_STM32-master_genericSTM32F103R\Release\core.a(timer.c.o)
                0x08004e88                timer_init
 .text.timer_has_cc_channel
                0x08004e9c       0x30 C:\Users\Administrator\AppData\Local\Temp\VMBuilds\Solenoid_valve_may15\Arduino_STM32-master_genericSTM32F103R\Release\core.a(timer.c.o)
                0x08004e9c                timer_has_cc_channel
 .text.timer_detach_interrupt
                0x08004ecc       0x1e C:\Users\Administrator\AppData\Local\Temp\VMBuilds\Solenoid_valve_may15\Arduino_STM32-master_genericSTM32F103R\Release\core.a(timer.c.o)
                0x08004ecc                timer_detach_interrupt
 .text.input_capture_mode
                0x08004eea       0x1a C:\Users\Administrator\AppData\Local\Temp\VMBuilds\Solenoid_valve_may15\Arduino_STM32-master_genericSTM32F103R\Release\core.a(timer.c.o)
                0x08004eea                input_capture_mode
 .text.timer_set_mode
                0x08004f04       0x8e C:\Users\Administrator\AppData\Local\Temp\VMBuilds\Solenoid_valve_may15\Arduino_STM32-master_genericSTM32F103R\Release\core.a(timer.c.o)
                0x08004f04                timer_set_mode
 *fill*         0x08004f92        0x2 
 .text.__irq_tim1_brk
                0x08004f94       0x24 C:\Users\Administrator\AppData\Local\Temp\VMBuilds\Solenoid_valve_may15\Arduino_STM32-master_genericSTM32F103R\Release\core.a(timer.c.o)
                0x08004f94                __irq_tim1_brk
 .text.__irq_tim1_up
                0x08004fb8       0x24 C:\Users\Administrator\AppData\Local\Temp\VMBuilds\Solenoid_valve_may15\Arduino_STM32-master_genericSTM32F103R\Release\core.a(timer.c.o)
                0x08004fb8                __irq_tim1_up
 .text.__irq_tim1_trg_com
                0x08004fdc       0x38 C:\Users\Administrator\AppData\Local\Temp\VMBuilds\Solenoid_valve_may15\Arduino_STM32-master_genericSTM32F103R\Release\core.a(timer.c.o)
                0x08004fdc                __irq_tim1_trg_com
 .text.__irq_tim1_cc
                0x08005014       0x54 C:\Users\Administrator\AppData\Local\Temp\VMBuilds\Solenoid_valve_may15\Arduino_STM32-master_genericSTM32F103R\Release\core.a(timer.c.o)
                0x08005014                __irq_tim1_cc
 .text.__irq_tim2
                0x08005068       0x70 C:\Users\Administrator\AppData\Local\Temp\VMBuilds\Solenoid_valve_may15\Arduino_STM32-master_genericSTM32F103R\Release\core.a(timer.c.o)
                0x08005068                __irq_tim2
 .text.__irq_tim3
                0x080050d8       0x70 C:\Users\Administrator\AppData\Local\Temp\VMBuilds\Solenoid_valve_may15\Arduino_STM32-master_genericSTM32F103R\Release\core.a(timer.c.o)
                0x080050d8                __irq_tim3
 .text.__irq_tim4
                0x08005148       0x70 C:\Users\Administrator\AppData\Local\Temp\VMBuilds\Solenoid_valve_may15\Arduino_STM32-master_genericSTM32F103R\Release\core.a(timer.c.o)
                0x08005148                __irq_tim4
 .text.__irq_tim5
                0x080051b8       0x70 C:\Users\Administrator\AppData\Local\Temp\VMBuilds\Solenoid_valve_may15\Arduino_STM32-master_genericSTM32F103R\Release\core.a(timer.c.o)
                0x080051b8                __irq_tim5
 .text.__irq_tim6
                0x08005228       0x24 C:\Users\Administrator\AppData\Local\Temp\VMBuilds\Solenoid_valve_may15\Arduino_STM32-master_genericSTM32F103R\Release\core.a(timer.c.o)
                0x08005228                __irq_tim6
 .text.__irq_tim7
                0x0800524c       0x24 C:\Users\Administrator\AppData\Local\Temp\VMBuilds\Solenoid_valve_may15\Arduino_STM32-master_genericSTM32F103R\Release\core.a(timer.c.o)
                0x0800524c                __irq_tim7
 .text.__irq_tim8_brk
                0x08005270       0x24 C:\Users\Administrator\AppData\Local\Temp\VMBuilds\Solenoid_valve_may15\Arduino_STM32-master_genericSTM32F103R\Release\core.a(timer.c.o)
                0x08005270                __irq_tim8_brk
 .text.__irq_tim8_up
                0x08005294       0x24 C:\Users\Administrator\AppData\Local\Temp\VMBuilds\Solenoid_valve_may15\Arduino_STM32-master_genericSTM32F103R\Release\core.a(timer.c.o)
                0x08005294                __irq_tim8_up
 .text.__irq_tim8_trg_com
                0x080052b8       0x38 C:\Users\Administrator\AppData\Local\Temp\VMBuilds\Solenoid_valve_may15\Arduino_STM32-master_genericSTM32F103R\Release\core.a(timer.c.o)
                0x080052b8                __irq_tim8_trg_com
 .text.__irq_tim8_cc
                0x080052f0       0x54 C:\Users\Administrator\AppData\Local\Temp\VMBuilds\Solenoid_valve_may15\Arduino_STM32-master_genericSTM32F103R\Release\core.a(timer.c.o)
                0x080052f0                __irq_tim8_cc
 .text.rb_remove
                0x08005344       0x22 C:\Users\Administrator\AppData\Local\Temp\VMBuilds\Solenoid_valve_may15\Arduino_STM32-master_genericSTM32F103R\Release\core.a(usart_f1.c.o)
 .text.rb_push_insert
                0x08005366       0x4a C:\Users\Administrator\AppData\Local\Temp\VMBuilds\Solenoid_valve_may15\Arduino_STM32-master_genericSTM32F103R\Release\core.a(usart_f1.c.o)
 .text.usart_config_gpios_async
                0x080053b0       0x4a C:\Users\Administrator\AppData\Local\Temp\VMBuilds\Solenoid_valve_may15\Arduino_STM32-master_genericSTM32F103R\Release\core.a(usart_f1.c.o)
                0x080053b0                usart_config_gpios_async
 .text.usart_set_baud_rate
                0x080053fa       0x3a C:\Users\Administrator\AppData\Local\Temp\VMBuilds\Solenoid_valve_may15\Arduino_STM32-master_genericSTM32F103R\Release\core.a(usart_f1.c.o)
                0x080053fa                usart_set_baud_rate
 .text.__irq_usart1
                0x08005434       0x50 C:\Users\Administrator\AppData\Local\Temp\VMBuilds\Solenoid_valve_may15\Arduino_STM32-master_genericSTM32F103R\Release\core.a(usart_f1.c.o)
                0x08005434                __irq_usart1
 .text.__irq_usart2
                0x08005484       0x50 C:\Users\Administrator\AppData\Local\Temp\VMBuilds\Solenoid_valve_may15\Arduino_STM32-master_genericSTM32F103R\Release\core.a(usart_f1.c.o)
                0x08005484                __irq_usart2
 .text.__irq_usart3
                0x080054d4       0x50 C:\Users\Administrator\AppData\Local\Temp\VMBuilds\Solenoid_valve_may15\Arduino_STM32-master_genericSTM32F103R\Release\core.a(usart_f1.c.o)
                0x080054d4                __irq_usart3
 .text.__irq_uart4
                0x08005524       0x50 C:\Users\Administrator\AppData\Local\Temp\VMBuilds\Solenoid_valve_may15\Arduino_STM32-master_genericSTM32F103R\Release\core.a(usart_f1.c.o)
                0x08005524                __irq_uart4
 .text.__irq_uart5
                0x08005574       0x50 C:\Users\Administrator\AppData\Local\Temp\VMBuilds\Solenoid_valve_may15\Arduino_STM32-master_genericSTM32F103R\Release\core.a(usart_f1.c.o)
                0x08005574                __irq_uart5
 .text._usart_clock_freq
                0x080055c4       0x24 C:\Users\Administrator\AppData\Local\Temp\VMBuilds\Solenoid_valve_may15\Arduino_STM32-master_genericSTM32F103R\Release\core.a(usart_private.c.o)
                0x080055c4                _usart_clock_freq
 .text.throb    0x080055e8       0x54 C:\Users\Administrator\AppData\Local\Temp\VMBuilds\Solenoid_valve_may15\Arduino_STM32-master_genericSTM32F103R\Release\core.a(util.c.o)
                0x080055e8                throb
 .text.__error  0x0800563c       0x14 C:\Users\Administrator\AppData\Local\Temp\VMBuilds\Solenoid_valve_may15\Arduino_STM32-master_genericSTM32F103R\Release\core.a(util.c.o)
                0x0800563c                __error
 .text.set_rx_tx_status0
                0x08005650       0x30 C:\Users\Administrator\AppData\Local\Temp\VMBuilds\Solenoid_valve_may15\Arduino_STM32-master_genericSTM32F103R\Release\core.a(usb.c.o)
 .text.usb_resume
                0x08005680       0xb0 C:\Users\Administrator\AppData\Local\Temp\VMBuilds\Solenoid_valve_may15\Arduino_STM32-master_genericSTM32F103R\Release\core.a(usb.c.o)
 .text.usb_init_usblib
                0x08005730       0x48 C:\Users\Administrator\AppData\Local\Temp\VMBuilds\Solenoid_valve_may15\Arduino_STM32-master_genericSTM32F103R\Release\core.a(usb.c.o)
                0x08005730                usb_init_usblib
 .text.__irq_usb_lp_can_rx0
                0x08005778      0x18c C:\Users\Administrator\AppData\Local\Temp\VMBuilds\Solenoid_valve_may15\Arduino_STM32-master_genericSTM32F103R\Release\core.a(usb.c.o)
                0x08005778                __irq_usb_lp_can_rx0
 .text.usb_set_ep_rx_stat
                0x08005904       0x22 C:\Users\Administrator\AppData\Local\Temp\VMBuilds\Solenoid_valve_may15\Arduino_STM32-master_genericSTM32F103R\Release\core.a(usb_cdcacm.c.o)
 *fill*         0x08005926        0x2 
 .text.vcomGetSetLineCoding
                0x08005928       0x18 C:\Users\Administrator\AppData\Local\Temp\VMBuilds\Solenoid_valve_may15\Arduino_STM32-master_genericSTM32F103R\Release\core.a(usb_cdcacm.c.o)
 .text.usbInit  0x08005940       0x44 C:\Users\Administrator\AppData\Local\Temp\VMBuilds\Solenoid_valve_may15\Arduino_STM32-master_genericSTM32F103R\Release\core.a(usb_cdcacm.c.o)
 .text.usbNoDataSetup
                0x08005984       0x50 C:\Users\Administrator\AppData\Local\Temp\VMBuilds\Solenoid_valve_may15\Arduino_STM32-master_genericSTM32F103R\Release\core.a(usb_cdcacm.c.o)
 .text.usbGetInterfaceSetting
                0x080059d4       0x10 C:\Users\Administrator\AppData\Local\Temp\VMBuilds\Solenoid_valve_may15\Arduino_STM32-master_genericSTM32F103R\Release\core.a(usb_cdcacm.c.o)
 .text.usbSetConfiguration
                0x080059e4       0x1c C:\Users\Administrator\AppData\Local\Temp\VMBuilds\Solenoid_valve_may15\Arduino_STM32-master_genericSTM32F103R\Release\core.a(usb_cdcacm.c.o)
 .text.usbSetDeviceAddress
                0x08005a00       0x10 C:\Users\Administrator\AppData\Local\Temp\VMBuilds\Solenoid_valve_may15\Arduino_STM32-master_genericSTM32F103R\Release\core.a(usb_cdcacm.c.o)
 .text.usbGetStringDescriptor
                0x08005a10       0x20 C:\Users\Administrator\AppData\Local\Temp\VMBuilds\Solenoid_valve_may15\Arduino_STM32-master_genericSTM32F103R\Release\core.a(usb_cdcacm.c.o)
 .text.usbGetConfigDescriptor
                0x08005a30        0xc C:\Users\Administrator\AppData\Local\Temp\VMBuilds\Solenoid_valve_may15\Arduino_STM32-master_genericSTM32F103R\Release\core.a(usb_cdcacm.c.o)
 .text.usbGetDeviceDescriptor
                0x08005a3c        0xc C:\Users\Administrator\AppData\Local\Temp\VMBuilds\Solenoid_valve_may15\Arduino_STM32-master_genericSTM32F103R\Release\core.a(usb_cdcacm.c.o)
 .text.usbDataSetup
                0x08005a48       0x54 C:\Users\Administrator\AppData\Local\Temp\VMBuilds\Solenoid_valve_may15\Arduino_STM32-master_genericSTM32F103R\Release\core.a(usb_cdcacm.c.o)
 .text.vcomDataRxCb
                0x08005a9c       0x8c C:\Users\Administrator\AppData\Local\Temp\VMBuilds\Solenoid_valve_may15\Arduino_STM32-master_genericSTM32F103R\Release\core.a(usb_cdcacm.c.o)
 .text.vcomDataTxCb
                0x08005b28       0xa0 C:\Users\Administrator\AppData\Local\Temp\VMBuilds\Solenoid_valve_may15\Arduino_STM32-master_genericSTM32F103R\Release\core.a(usb_cdcacm.c.o)
 .text.usb_cdcacm_tx.part.2
                0x08005bc8       0x54 C:\Users\Administrator\AppData\Local\Temp\VMBuilds\Solenoid_valve_may15\Arduino_STM32-master_genericSTM32F103R\Release\core.a(usb_cdcacm.c.o)
 .text.usbReset
                0x08005c1c      0x15c C:\Users\Administrator\AppData\Local\Temp\VMBuilds\Solenoid_valve_may15\Arduino_STM32-master_genericSTM32F103R\Release\core.a(usb_cdcacm.c.o)
 .text.usb_cdcacm_set_hooks
                0x08005d78       0x1c C:\Users\Administrator\AppData\Local\Temp\VMBuilds\Solenoid_valve_may15\Arduino_STM32-master_genericSTM32F103R\Release\core.a(usb_cdcacm.c.o)
                0x08005d78                usb_cdcacm_set_hooks
 .text.usb_cdcacm_enable
                0x08005d94       0x34 C:\Users\Administrator\AppData\Local\Temp\VMBuilds\Solenoid_valve_may15\Arduino_STM32-master_genericSTM32F103R\Release\core.a(usb_cdcacm.c.o)
                0x08005d94                usb_cdcacm_enable
 .text.usb_cdcacm_tx
                0x08005dc8        0xa C:\Users\Administrator\AppData\Local\Temp\VMBuilds\Solenoid_valve_may15\Arduino_STM32-master_genericSTM32F103R\Release\core.a(usb_cdcacm.c.o)
                0x08005dc8                usb_cdcacm_tx
 *fill*         0x08005dd2        0x2 
 .text.usb_cdcacm_data_available
                0x08005dd4       0x18 C:\Users\Administrator\AppData\Local\Temp\VMBuilds\Solenoid_valve_may15\Arduino_STM32-master_genericSTM32F103R\Release\core.a(usb_cdcacm.c.o)
                0x08005dd4                usb_cdcacm_data_available
 .text.usb_cdcacm_peek
                0x08005dec       0x38 C:\Users\Administrator\AppData\Local\Temp\VMBuilds\Solenoid_valve_may15\Arduino_STM32-master_genericSTM32F103R\Release\core.a(usb_cdcacm.c.o)
                0x08005dec                usb_cdcacm_peek
 .text.usb_cdcacm_rx
                0x08005e24       0x34 C:\Users\Administrator\AppData\Local\Temp\VMBuilds\Solenoid_valve_may15\Arduino_STM32-master_genericSTM32F103R\Release\core.a(usb_cdcacm.c.o)
                0x08005e24                usb_cdcacm_rx
 .text.usb_cdcacm_peek_ex
                0x08005e58       0x40 C:\Users\Administrator\AppData\Local\Temp\VMBuilds\Solenoid_valve_may15\Arduino_STM32-master_genericSTM32F103R\Release\core.a(usb_cdcacm.c.o)
                0x08005e58                usb_cdcacm_peek_ex
 .text.usb_cdcacm_get_dtr
                0x08005e98       0x10 C:\Users\Administrator\AppData\Local\Temp\VMBuilds\Solenoid_valve_may15\Arduino_STM32-master_genericSTM32F103R\Release\core.a(usb_cdcacm.c.o)
                0x08005e98                usb_cdcacm_get_dtr
 .text.usb_set_ep_rx_count
                0x08005ea8       0x40 C:\Users\Administrator\AppData\Local\Temp\VMBuilds\Solenoid_valve_may15\Arduino_STM32-master_genericSTM32F103R\Release\core.a(usb_reg_map.c.o)
                0x08005ea8                usb_set_ep_rx_count
 .text.Standard_GetConfiguration
                0x08005ee8       0x24 C:\Users\Administrator\AppData\Local\Temp\VMBuilds\Solenoid_valve_may15\Arduino_STM32-master_genericSTM32F103R\Release\core.a(usb_core.c.o)
                0x08005ee8                Standard_GetConfiguration
 .text.Standard_GetInterface
                0x08005f0c       0x24 C:\Users\Administrator\AppData\Local\Temp\VMBuilds\Solenoid_valve_may15\Arduino_STM32-master_genericSTM32F103R\Release\core.a(usb_core.c.o)
                0x08005f0c                Standard_GetInterface
 .text.Standard_GetStatus
                0x08005f30       0x88 C:\Users\Administrator\AppData\Local\Temp\VMBuilds\Solenoid_valve_may15\Arduino_STM32-master_genericSTM32F103R\Release\core.a(usb_core.c.o)
                0x08005f30                Standard_GetStatus
 .text.DataStageIn
                0x08005fb8       0xac C:\Users\Administrator\AppData\Local\Temp\VMBuilds\Solenoid_valve_may15\Arduino_STM32-master_genericSTM32F103R\Release\core.a(usb_core.c.o)
 .text.Standard_SetConfiguration
                0x08006064       0x38 C:\Users\Administrator\AppData\Local\Temp\VMBuilds\Solenoid_valve_may15\Arduino_STM32-master_genericSTM32F103R\Release\core.a(usb_core.c.o)
                0x08006064                Standard_SetConfiguration
 .text.Standard_SetInterface
                0x0800609c       0x4c C:\Users\Administrator\AppData\Local\Temp\VMBuilds\Solenoid_valve_may15\Arduino_STM32-master_genericSTM32F103R\Release\core.a(usb_core.c.o)
                0x0800609c                Standard_SetInterface
 .text.Standard_ClearFeature
                0x080060e8       0xc4 C:\Users\Administrator\AppData\Local\Temp\VMBuilds\Solenoid_valve_may15\Arduino_STM32-master_genericSTM32F103R\Release\core.a(usb_core.c.o)
                0x080060e8                Standard_ClearFeature
 .text.Standard_SetEndPointFeature
                0x080061ac       0x7c C:\Users\Administrator\AppData\Local\Temp\VMBuilds\Solenoid_valve_may15\Arduino_STM32-master_genericSTM32F103R\Release\core.a(usb_core.c.o)
                0x080061ac                Standard_SetEndPointFeature
 .text.Standard_SetDeviceFeature
                0x08006228       0x24 C:\Users\Administrator\AppData\Local\Temp\VMBuilds\Solenoid_valve_may15\Arduino_STM32-master_genericSTM32F103R\Release\core.a(usb_core.c.o)
                0x08006228                Standard_SetDeviceFeature
 .text.Standard_GetDescriptorData
                0x0800624c       0x1c C:\Users\Administrator\AppData\Local\Temp\VMBuilds\Solenoid_valve_may15\Arduino_STM32-master_genericSTM32F103R\Release\core.a(usb_core.c.o)
                0x0800624c                Standard_GetDescriptorData
 .text.Post0_Process
                0x08006268       0x40 C:\Users\Administrator\AppData\Local\Temp\VMBuilds\Solenoid_valve_may15\Arduino_STM32-master_genericSTM32F103R\Release\core.a(usb_core.c.o)
                0x08006268                Post0_Process
 .text.Setup0_Process
                0x080062a8      0x2b8 C:\Users\Administrator\AppData\Local\Temp\VMBuilds\Solenoid_valve_may15\Arduino_STM32-master_genericSTM32F103R\Release\core.a(usb_core.c.o)
                0x080062a8                Setup0_Process
 .text.Out0_Process
                0x08006560       0xc0 C:\Users\Administrator\AppData\Local\Temp\VMBuilds\Solenoid_valve_may15\Arduino_STM32-master_genericSTM32F103R\Release\core.a(usb_core.c.o)
                0x08006560                Out0_Process
 .text.SetDeviceAddress
                0x08006620       0x38 C:\Users\Administrator\AppData\Local\Temp\VMBuilds\Solenoid_valve_may15\Arduino_STM32-master_genericSTM32F103R\Release\core.a(usb_core.c.o)
                0x08006620                SetDeviceAddress
 .text.In0_Process
                0x08006658       0x5c C:\Users\Administrator\AppData\Local\Temp\VMBuilds\Solenoid_valve_may15\Arduino_STM32-master_genericSTM32F103R\Release\core.a(usb_core.c.o)
                0x08006658                In0_Process
 .text.NOP_Process
                0x080066b4        0x2 C:\Users\Administrator\AppData\Local\Temp\VMBuilds\Solenoid_valve_may15\Arduino_STM32-master_genericSTM32F103R\Release\core.a(usb_core.c.o)
                0x080066b4                NOP_Process
 .text.UserToPMABufferCopy
                0x080066b6       0x1e C:\Users\Administrator\AppData\Local\Temp\VMBuilds\Solenoid_valve_may15\Arduino_STM32-master_genericSTM32F103R\Release\core.a(usb_mem.c.o)
                0x080066b6                UserToPMABufferCopy
 .text.PMAToUserBufferCopy
                0x080066d4       0x24 C:\Users\Administrator\AppData\Local\Temp\VMBuilds\Solenoid_valve_may15\Arduino_STM32-master_genericSTM32F103R\Release\core.a(usb_mem.c.o)
                0x080066d4                PMAToUserBufferCopy
 .text.SetEPTxStatus
                0x080066f8       0x2a C:\Users\Administrator\AppData\Local\Temp\VMBuilds\Solenoid_valve_may15\Arduino_STM32-master_genericSTM32F103R\Release\core.a(usb_regs.c.o)
                0x080066f8                SetEPTxStatus
 .text.ClearDTOG_RX
                0x08006722       0x26 C:\Users\Administrator\AppData\Local\Temp\VMBuilds\Solenoid_valve_may15\Arduino_STM32-master_genericSTM32F103R\Release\core.a(usb_regs.c.o)
                0x08006722                ClearDTOG_RX
 .text.ClearDTOG_TX
                0x08006748       0x26 C:\Users\Administrator\AppData\Local\Temp\VMBuilds\Solenoid_valve_may15\Arduino_STM32-master_genericSTM32F103R\Release\core.a(usb_regs.c.o)
                0x08006748                ClearDTOG_TX
 *fill*         0x0800676e        0x2 
 .text.GetEPTxAddr
                0x08006770       0x1c C:\Users\Administrator\AppData\Local\Temp\VMBuilds\Solenoid_valve_may15\Arduino_STM32-master_genericSTM32F103R\Release\core.a(usb_regs.c.o)
                0x08006770                GetEPTxAddr
 .text.GetEPRxAddr
                0x0800678c       0x1c C:\Users\Administrator\AppData\Local\Temp\VMBuilds\Solenoid_valve_may15\Arduino_STM32-master_genericSTM32F103R\Release\core.a(usb_regs.c.o)
                0x0800678c                GetEPRxAddr
 .text.SetEPTxCount
                0x080067a8       0x1c C:\Users\Administrator\AppData\Local\Temp\VMBuilds\Solenoid_valve_may15\Arduino_STM32-master_genericSTM32F103R\Release\core.a(usb_regs.c.o)
                0x080067a8                SetEPTxCount
 .text.SetEPRxCount
                0x080067c4       0x40 C:\Users\Administrator\AppData\Local\Temp\VMBuilds\Solenoid_valve_may15\Arduino_STM32-master_genericSTM32F103R\Release\core.a(usb_regs.c.o)
                0x080067c4                SetEPRxCount
 .text.rb_full_count
                0x08006804       0x18 C:\Users\Administrator\AppData\Local\Temp\VMBuilds\Solenoid_valve_may15\Arduino_STM32-master_genericSTM32F103R\Release\core.a(HardwareSerial.cpp.o)
 .text._ZN14HardwareSerial4readEv
                0x0800681c       0x38 C:\Users\Administrator\AppData\Local\Temp\VMBuilds\Solenoid_valve_may15\Arduino_STM32-master_genericSTM32F103R\Release\core.a(HardwareSerial.cpp.o)
                0x0800681c                HardwareSerial::read()
 .text._ZN14HardwareSerial9availableEv
                0x08006854        0xc C:\Users\Administrator\AppData\Local\Temp\VMBuilds\Solenoid_valve_may15\Arduino_STM32-master_genericSTM32F103R\Release\core.a(HardwareSerial.cpp.o)
                0x08006854                HardwareSerial::available()
 .text._ZN14HardwareSerial4peekEv
                0x08006860       0x20 C:\Users\Administrator\AppData\Local\Temp\VMBuilds\Solenoid_valve_may15\Arduino_STM32-master_genericSTM32F103R\Release\core.a(HardwareSerial.cpp.o)
                0x08006860                HardwareSerial::peek()
 .text._ZN14HardwareSerial5flushEv
                0x08006880       0x18 C:\Users\Administrator\AppData\Local\Temp\VMBuilds\Solenoid_valve_may15\Arduino_STM32-master_genericSTM32F103R\Release\core.a(HardwareSerial.cpp.o)
                0x08006880                HardwareSerial::flush()
 .text._ZN14HardwareSerial5writeEh
                0x08006898       0x1e C:\Users\Administrator\AppData\Local\Temp\VMBuilds\Solenoid_valve_may15\Arduino_STM32-master_genericSTM32F103R\Release\core.a(HardwareSerial.cpp.o)
                0x08006898                HardwareSerial::write(unsigned char)
 *fill*         0x080068b6        0x2 
 .text._ZN14HardwareSerialC2EP9usart_devhh
                0x080068b8       0x20 C:\Users\Administrator\AppData\Local\Temp\VMBuilds\Solenoid_valve_may15\Arduino_STM32-master_genericSTM32F103R\Release\core.a(HardwareSerial.cpp.o)
                0x080068b8                HardwareSerial::HardwareSerial(usart_dev*, unsigned char, unsigned char)
                0x080068b8                HardwareSerial::HardwareSerial(usart_dev*, unsigned char, unsigned char)
 .text._ZN14HardwareSerial5beginEmh
                0x080068d8       0x68 C:\Users\Administrator\AppData\Local\Temp\VMBuilds\Solenoid_valve_may15\Arduino_STM32-master_genericSTM32F103R\Release\core.a(HardwareSerial.cpp.o)
                0x080068d8                HardwareSerial::begin(unsigned long, unsigned char)
 .text._ZN14HardwareSerial5beginEm
                0x08006940        0x6 C:\Users\Administrator\AppData\Local\Temp\VMBuilds\Solenoid_valve_may15\Arduino_STM32-master_genericSTM32F103R\Release\core.a(HardwareSerial.cpp.o)
                0x08006940                HardwareSerial::begin(unsigned long)
 .text.startup._Z7premainv
                0x08006946        0x4 C:\Users\Administrator\AppData\Local\Temp\VMBuilds\Solenoid_valve_may15\Arduino_STM32-master_genericSTM32F103R\Release\core.a(main.cpp.o)
                0x08006946                premain()
 .text.startup.main
                0x0800694a        0xc C:\Users\Administrator\AppData\Local\Temp\VMBuilds\Solenoid_valve_may15\Arduino_STM32-master_genericSTM32F103R\Release\core.a(main.cpp.o)
                0x0800694a                main
 .text._ZN5Print5writeEPKvm
                0x08006956       0x20 C:\Users\Administrator\AppData\Local\Temp\VMBuilds\Solenoid_valve_may15\Arduino_STM32-master_genericSTM32F103R\Release\core.a(Print.cpp.o)
                0x08006956                Print::write(void const*, unsigned long)
 .text._ZN5Print5writeEPKc
                0x08006976       0x20 C:\Users\Administrator\AppData\Local\Temp\VMBuilds\Solenoid_valve_may15\Arduino_STM32-master_genericSTM32F103R\Release\core.a(Print.cpp.o)
                0x08006976                Print::write(char const*)
 .text._ZN5Print5printERK6String
                0x08006996        0xa C:\Users\Administrator\AppData\Local\Temp\VMBuilds\Solenoid_valve_may15\Arduino_STM32-master_genericSTM32F103R\Release\core.a(Print.cpp.o)
                0x08006996                Print::print(String const&)
 .text._ZN5Print5printEc
                0x080069a0        0x6 C:\Users\Administrator\AppData\Local\Temp\VMBuilds\Solenoid_valve_may15\Arduino_STM32-master_genericSTM32F103R\Release\core.a(Print.cpp.o)
                0x080069a0                Print::print(char)
 .text._ZN5Print5printEPKc
                0x080069a6        0x6 C:\Users\Administrator\AppData\Local\Temp\VMBuilds\Solenoid_valve_may15\Arduino_STM32-master_genericSTM32F103R\Release\core.a(Print.cpp.o)
                0x080069a6                Print::print(char const*)
 .text._ZN5Print7printlnEv
                0x080069ac       0x18 C:\Users\Administrator\AppData\Local\Temp\VMBuilds\Solenoid_valve_may15\Arduino_STM32-master_genericSTM32F103R\Release\core.a(Print.cpp.o)
                0x080069ac                Print::println()
 .text._ZN5Print7printlnERK6String
                0x080069c4       0x14 C:\Users\Administrator\AppData\Local\Temp\VMBuilds\Solenoid_valve_may15\Arduino_STM32-master_genericSTM32F103R\Release\core.a(Print.cpp.o)
                0x080069c4                Print::println(String const&)
 .text._ZN5Print7printlnEPKc
                0x080069d8       0x14 C:\Users\Administrator\AppData\Local\Temp\VMBuilds\Solenoid_valve_may15\Arduino_STM32-master_genericSTM32F103R\Release\core.a(Print.cpp.o)
                0x080069d8                Print::println(char const*)
 .text._ZN5Print11printNumberEyh
                0x080069ec       0x6c C:\Users\Administrator\AppData\Local\Temp\VMBuilds\Solenoid_valve_may15\Arduino_STM32-master_genericSTM32F103R\Release\core.a(Print.cpp.o)
                0x080069ec                Print::printNumber(unsigned long long, unsigned char)
 .text._ZN5Print5printExi
                0x08006a58       0x32 C:\Users\Administrator\AppData\Local\Temp\VMBuilds\Solenoid_valve_may15\Arduino_STM32-master_genericSTM32F103R\Release\core.a(Print.cpp.o)
                0x08006a58                Print::print(long long, int)
 .text._ZN5Print5printEii
                0x08006a8a       0x12 C:\Users\Administrator\AppData\Local\Temp\VMBuilds\Solenoid_valve_may15\Arduino_STM32-master_genericSTM32F103R\Release\core.a(Print.cpp.o)
                0x08006a8a                Print::print(int, int)
 .text._ZN5Print7printlnEii
                0x08006a9c       0x14 C:\Users\Administrator\AppData\Local\Temp\VMBuilds\Solenoid_valve_may15\Arduino_STM32-master_genericSTM32F103R\Release\core.a(Print.cpp.o)
                0x08006a9c                Print::println(int, int)
 .text._ZN5Print5printEhi
                0x08006ab0       0x14 C:\Users\Administrator\AppData\Local\Temp\VMBuilds\Solenoid_valve_may15\Arduino_STM32-master_genericSTM32F103R\Release\core.a(Print.cpp.o)
                0x08006ab0                Print::print(unsigned char, int)
 .text._ZN5Print7printlnEhi
                0x08006ac4       0x14 C:\Users\Administrator\AppData\Local\Temp\VMBuilds\Solenoid_valve_may15\Arduino_STM32-master_genericSTM32F103R\Release\core.a(Print.cpp.o)
                0x08006ac4                Print::println(unsigned char, int)
 .text._ZN5Print7printlnEmi
                0x08006ad8       0x1e C:\Users\Administrator\AppData\Local\Temp\VMBuilds\Solenoid_valve_may15\Arduino_STM32-master_genericSTM32F103R\Release\core.a(Print.cpp.o)
                0x08006ad8                Print::println(unsigned long, int)
 *fill*         0x08006af6        0x2 
 .text._ZN5Print10printFloatEdh
                0x08006af8      0x160 C:\Users\Administrator\AppData\Local\Temp\VMBuilds\Solenoid_valve_may15\Arduino_STM32-master_genericSTM32F103R\Release\core.a(Print.cpp.o)
                0x08006af8                Print::printFloat(double, unsigned char)
 .text._ZN5Print5printEdi
                0x08006c58        0xa C:\Users\Administrator\AppData\Local\Temp\VMBuilds\Solenoid_valve_may15\Arduino_STM32-master_genericSTM32F103R\Release\core.a(Print.cpp.o)
                0x08006c58                Print::print(double, int)
 .text._ZN9USBSerial9availableEv
                0x08006c62        0x4 C:\Users\Administrator\AppData\Local\Temp\VMBuilds\Solenoid_valve_may15\Arduino_STM32-master_genericSTM32F103R\Release\core.a(usb_serial.cpp.o)
                0x08006c62                USBSerial::available()
 .text._ZN9USBSerial4peekEv
                0x08006c66       0x1e C:\Users\Administrator\AppData\Local\Temp\VMBuilds\Solenoid_valve_may15\Arduino_STM32-master_genericSTM32F103R\Release\core.a(usb_serial.cpp.o)
                0x08006c66                USBSerial::peek()
 .text._ZN9USBSerial4readEv
                0x08006c84       0x1e C:\Users\Administrator\AppData\Local\Temp\VMBuilds\Solenoid_valve_may15\Arduino_STM32-master_genericSTM32F103R\Release\core.a(usb_serial.cpp.o)
                0x08006c84                USBSerial::read()
 *fill*         0x08006ca2        0x2 
 .text._ZL14ifaceSetupHookjPv
                0x08006ca4       0x38 C:\Users\Administrator\AppData\Local\Temp\VMBuilds\Solenoid_valve_may15\Arduino_STM32-master_genericSTM32F103R\Release\core.a(usb_serial.cpp.o)
 .text._ZL6rxHookjPv
                0x08006cdc       0xa0 C:\Users\Administrator\AppData\Local\Temp\VMBuilds\Solenoid_valve_may15\Arduino_STM32-master_genericSTM32F103R\Release\core.a(usb_serial.cpp.o)
 .text._ZL10wait_resetv
                0x08006d7c       0x10 C:\Users\Administrator\AppData\Local\Temp\VMBuilds\Solenoid_valve_may15\Arduino_STM32-master_genericSTM32F103R\Release\core.a(usb_serial.cpp.o)
 .text._ZN9USBSerial5beginEv
                0x08006d8c       0x3c C:\Users\Administrator\AppData\Local\Temp\VMBuilds\Solenoid_valve_may15\Arduino_STM32-master_genericSTM32F103R\Release\core.a(usb_serial.cpp.o)
                0x08006d8c                USBSerial::begin()
 .text._ZN9USBSerial5beginEm
                0x08006dc8        0xc C:\Users\Administrator\AppData\Local\Temp\VMBuilds\Solenoid_valve_may15\Arduino_STM32-master_genericSTM32F103R\Release\core.a(usb_serial.cpp.o)
                0x08006dc8                USBSerial::begin(unsigned long)
 .text._ZN9USBSerial5writeEPKhm
                0x08006dd4       0x44 C:\Users\Administrator\AppData\Local\Temp\VMBuilds\Solenoid_valve_may15\Arduino_STM32-master_genericSTM32F103R\Release\core.a(usb_serial.cpp.o)
                0x08006dd4                USBSerial::write(unsigned char const*, unsigned long)
 .text._ZN9USBSerial5writeEh
                0x08006e18       0x16 C:\Users\Administrator\AppData\Local\Temp\VMBuilds\Solenoid_valve_may15\Arduino_STM32-master_genericSTM32F103R\Release\core.a(usb_serial.cpp.o)
                0x08006e18                USBSerial::write(unsigned char)
 .text._ZN9USBSerial5writeEPKc
                0x08006e2e       0x1a C:\Users\Administrator\AppData\Local\Temp\VMBuilds\Solenoid_valve_may15\Arduino_STM32-master_genericSTM32F103R\Release\core.a(usb_serial.cpp.o)
                0x08006e2e                USBSerial::write(char const*)
 .text._ZN9USBSerial4readEPhm
                0x08006e48       0x1c C:\Users\Administrator\AppData\Local\Temp\VMBuilds\Solenoid_valve_may15\Arduino_STM32-master_genericSTM32F103R\Release\core.a(usb_serial.cpp.o)
                0x08006e48                USBSerial::read(unsigned char*, unsigned long)
 .text._ZN9USBSerial5flushEv
                0x08006e64       0x1c C:\Users\Administrator\AppData\Local\Temp\VMBuilds\Solenoid_valve_may15\Arduino_STM32-master_genericSTM32F103R\Release\core.a(usb_serial.cpp.o)
                0x08006e64                USBSerial::flush()
 .text.startup._GLOBAL__sub_I__ZN9USBSerial9_hasBegunE
                0x08006e80       0x1c C:\Users\Administrator\AppData\Local\Temp\VMBuilds\Solenoid_valve_may15\Arduino_STM32-master_genericSTM32F103R\Release\core.a(usb_serial.cpp.o)
 .text._Z10analogReadh
                0x08006e9c       0x18 C:\Users\Administrator\AppData\Local\Temp\VMBuilds\Solenoid_valve_may15\Arduino_STM32-master_genericSTM32F103R\Release\core.a(wirish_analog.cpp.o)
                0x08006e9c                analogRead(unsigned char)
 .text._Z11digitalReadh
                0x08006eb4       0x28 C:\Users\Administrator\AppData\Local\Temp\VMBuilds\Solenoid_valve_may15\Arduino_STM32-master_genericSTM32F103R\Release\core.a(wirish_digital.cpp.o)
                0x08006eb4                digitalRead(unsigned char)
 .text._Z12digitalWritehh
                0x08006edc       0x2c C:\Users\Administrator\AppData\Local\Temp\VMBuilds\Solenoid_valve_may15\Arduino_STM32-master_genericSTM32F103R\Release\core.a(wirish_digital.cpp.o)
                0x08006edc                digitalWrite(unsigned char, unsigned char)
 .text._ZL6microsv
                0x08006f08       0x34 C:\Users\Administrator\AppData\Local\Temp\VMBuilds\Solenoid_valve_may15\Arduino_STM32-master_genericSTM32F103R\Release\core.a(wirish_time.cpp.o)
 .text._Z5delaym
                0x08006f3c       0x26 C:\Users\Administrator\AppData\Local\Temp\VMBuilds\Solenoid_valve_may15\Arduino_STM32-master_genericSTM32F103R\Release\core.a(wirish_time.cpp.o)
                0x08006f3c                delay(unsigned long)
 .text._ZN6StringD2Ev
                0x08006f62        0xe C:\Users\Administrator\AppData\Local\Temp\VMBuilds\Solenoid_valve_may15\Arduino_STM32-master_genericSTM32F103R\Release\core.a(WString.cpp.o)
                0x08006f62                String::~String()
                0x08006f62                String::~String()
 .text._ZN6String10invalidateEv
                0x08006f70       0x16 C:\Users\Administrator\AppData\Local\Temp\VMBuilds\Solenoid_valve_may15\Arduino_STM32-master_genericSTM32F103R\Release\core.a(WString.cpp.o)
                0x08006f70                String::invalidate()
 .text._ZN6String12changeBufferEj
                0x08006f86       0x18 C:\Users\Administrator\AppData\Local\Temp\VMBuilds\Solenoid_valve_may15\Arduino_STM32-master_genericSTM32F103R\Release\core.a(WString.cpp.o)
                0x08006f86                String::changeBuffer(unsigned int)
 .text._ZN6String7reserveEj
                0x08006f9e       0x28 C:\Users\Administrator\AppData\Local\Temp\VMBuilds\Solenoid_valve_may15\Arduino_STM32-master_genericSTM32F103R\Release\core.a(WString.cpp.o)
                0x08006f9e                String::reserve(unsigned int)
 .text._ZN6String4copyEPKcj
                0x08006fc6       0x26 C:\Users\Administrator\AppData\Local\Temp\VMBuilds\Solenoid_valve_may15\Arduino_STM32-master_genericSTM32F103R\Release\core.a(WString.cpp.o)
                0x08006fc6                String::copy(char const*, unsigned int)
 .text._ZN6StringC2EPKc
                0x08006fec       0x24 C:\Users\Administrator\AppData\Local\Temp\VMBuilds\Solenoid_valve_may15\Arduino_STM32-master_genericSTM32F103R\Release\core.a(WString.cpp.o)
                0x08006fec                String::String(char const*)
                0x08006fec                String::String(char const*)
 .text._ZN6StringaSEPKc.part.3
                0x08007010       0x1a C:\Users\Administrator\AppData\Local\Temp\VMBuilds\Solenoid_valve_may15\Arduino_STM32-master_genericSTM32F103R\Release\core.a(WString.cpp.o)
 .text._ZN6StringC2Eih
                0x0800702a       0x24 C:\Users\Administrator\AppData\Local\Temp\VMBuilds\Solenoid_valve_may15\Arduino_STM32-master_genericSTM32F103R\Release\core.a(WString.cpp.o)
                0x0800702a                String::String(int, unsigned char)
                0x0800702a                String::String(int, unsigned char)
 .text._ZN6StringC2Ejh
                0x0800704e       0x24 C:\Users\Administrator\AppData\Local\Temp\VMBuilds\Solenoid_valve_may15\Arduino_STM32-master_genericSTM32F103R\Release\core.a(WString.cpp.o)
                0x0800704e                String::String(unsigned int, unsigned char)
                0x0800704e                String::String(unsigned int, unsigned char)
 .text._ZN6StringC2Elh
                0x08007072       0x24 C:\Users\Administrator\AppData\Local\Temp\VMBuilds\Solenoid_valve_may15\Arduino_STM32-master_genericSTM32F103R\Release\core.a(WString.cpp.o)
                0x08007072                String::String(long, unsigned char)
                0x08007072                String::String(long, unsigned char)
 .text._ZN6StringaSERKS_
                0x08007096       0x1e C:\Users\Administrator\AppData\Local\Temp\VMBuilds\Solenoid_valve_may15\Arduino_STM32-master_genericSTM32F103R\Release\core.a(WString.cpp.o)
                0x08007096                String::operator=(String const&)
 .text._ZN6StringC2ERKS_
                0x080070b4       0x14 C:\Users\Administrator\AppData\Local\Temp\VMBuilds\Solenoid_valve_may15\Arduino_STM32-master_genericSTM32F103R\Release\core.a(WString.cpp.o)
                0x080070b4                String::String(String const&)
                0x080070b4                String::String(String const&)
 .text._ZN6StringaSEPKc
                0x080070c8       0x14 C:\Users\Administrator\AppData\Local\Temp\VMBuilds\Solenoid_valve_may15\Arduino_STM32-master_genericSTM32F103R\Release\core.a(WString.cpp.o)
                0x080070c8                String::operator=(char const*)
 .text._ZN6StringC2Efh
                0x080070dc       0x34 C:\Users\Administrator\AppData\Local\Temp\VMBuilds\Solenoid_valve_may15\Arduino_STM32-master_genericSTM32F103R\Release\core.a(WString.cpp.o)
                0x080070dc                String::String(float, unsigned char)
                0x080070dc                String::String(float, unsigned char)
 .text._ZN6String6concatEPKcj
                0x08007110       0x2e C:\Users\Administrator\AppData\Local\Temp\VMBuilds\Solenoid_valve_may15\Arduino_STM32-master_genericSTM32F103R\Release\core.a(WString.cpp.o)
                0x08007110                String::concat(char const*, unsigned int)
 .text._ZplRK15StringSumHelperRK6String
                0x0800713e       0x18 C:\Users\Administrator\AppData\Local\Temp\VMBuilds\Solenoid_valve_may15\Arduino_STM32-master_genericSTM32F103R\Release\core.a(WString.cpp.o)
                0x0800713e                operator+(StringSumHelper const&, String const&)
 *fill*         0x08007156        0x2 
 .text._Z7pulseInmmm
                0x08007158       0x90 C:\Users\Administrator\AppData\Local\Temp\VMBuilds\Solenoid_valve_may15\Arduino_STM32-master_genericSTM32F103R\Release\core.a(wiring_pulse_f1.cpp.o)
                0x08007158                pulseIn(unsigned long, unsigned long, unsigned long)
 .text._Z7pinModeh13WiringPinMode
                0x080071e8       0x84 C:\Users\Administrator\AppData\Local\Temp\VMBuilds\Solenoid_valve_may15\Arduino_STM32-master_genericSTM32F103R\Release\core.a(wirish_digital_f1.cpp.o)
                0x080071e8                pinMode(unsigned char, WiringPinMode)
 .text.__empty  0x0800726c        0x2 C:\Users\Administrator\AppData\Local\Temp\VMBuilds\Solenoid_valve_may15\Arduino_STM32-master_genericSTM32F103R\Release\core.a(hooks.c.o)
                0x0800726c                yield
 *fill*         0x0800726e        0x2 
 .text.dtostrf  0x08007270       0x28 C:\Users\Administrator\AppData\Local\Temp\VMBuilds\Solenoid_valve_may15\Arduino_STM32-master_genericSTM32F103R\Release\core.a(dtostrf.c.o)
                0x08007270                dtostrf
 .text.data_register
                0x08007298       0x28 C:\Users\Administrator\AppData\Local\Temp\VMBuilds\Solenoid_valve_may15\Arduino_STM32-master_genericSTM32F103R\Release\core.a(bkp_f1.c.o)
 .text.bkp_init
                0x080072c0       0x18 C:\Users\Administrator\AppData\Local\Temp\VMBuilds\Solenoid_valve_may15\Arduino_STM32-master_genericSTM32F103R\Release\core.a(bkp_f1.c.o)
                0x080072c0                bkp_init
 .text.bkp_enable_writes
                0x080072d8        0xc C:\Users\Administrator\AppData\Local\Temp\VMBuilds\Solenoid_valve_may15\Arduino_STM32-master_genericSTM32F103R\Release\core.a(bkp_f1.c.o)
                0x080072d8                bkp_enable_writes
 .text.bkp_disable_writes
                0x080072e4        0xc C:\Users\Administrator\AppData\Local\Temp\VMBuilds\Solenoid_valve_may15\Arduino_STM32-master_genericSTM32F103R\Release\core.a(bkp_f1.c.o)
                0x080072e4                bkp_disable_writes
 .text.bkp_write
                0x080072f0        0xc C:\Users\Administrator\AppData\Local\Temp\VMBuilds\Solenoid_valve_may15\Arduino_STM32-master_genericSTM32F103R\Release\core.a(bkp_f1.c.o)
                0x080072f0                bkp_write
 .text.gpio_init
                0x080072fc       0x14 C:\Users\Administrator\AppData\Local\Temp\VMBuilds\Solenoid_valve_may15\Arduino_STM32-master_genericSTM32F103R\Release\core.a(gpio.c.o)
                0x080072fc                gpio_init
 .text.i2c_start_condition
                0x08007310       0x14 C:\Users\Administrator\AppData\Local\Temp\VMBuilds\Solenoid_valve_may15\Arduino_STM32-master_genericSTM32F103R\Release\core.a(i2c.c.o)
 .text.i2c_stop_condition
                0x08007324       0x1c C:\Users\Administrator\AppData\Local\Temp\VMBuilds\Solenoid_valve_may15\Arduino_STM32-master_genericSTM32F103R\Release\core.a(i2c.c.o)
 .text._i2c_irq_handler
                0x08007340      0x170 C:\Users\Administrator\AppData\Local\Temp\VMBuilds\Solenoid_valve_may15\Arduino_STM32-master_genericSTM32F103R\Release\core.a(i2c.c.o)
                0x08007340                _i2c_irq_handler
 .text._i2c_irq_error_handler
                0x080074b0       0x28 C:\Users\Administrator\AppData\Local\Temp\VMBuilds\Solenoid_valve_may15\Arduino_STM32-master_genericSTM32F103R\Release\core.a(i2c.c.o)
                0x080074b0                _i2c_irq_error_handler
 .text.usart_init
                0x080074d8       0x4c C:\Users\Administrator\AppData\Local\Temp\VMBuilds\Solenoid_valve_may15\Arduino_STM32-master_genericSTM32F103R\Release\core.a(usart.c.o)
                0x080074d8                usart_init
 .text.usart_enable
                0x08007524       0x14 C:\Users\Administrator\AppData\Local\Temp\VMBuilds\Solenoid_valve_may15\Arduino_STM32-master_genericSTM32F103R\Release\core.a(usart.c.o)
                0x08007524                usart_enable
 .text.usart_tx
                0x08007538       0x8e C:\Users\Administrator\AppData\Local\Temp\VMBuilds\Solenoid_valve_may15\Arduino_STM32-master_genericSTM32F103R\Release\core.a(usart.c.o)
                0x08007538                usart_tx
 *fill*         0x080075c6        0x2 
 .text.__aeabi_atexit
                0x080075c8        0xc c:/users/administrator/appdata/local/arduino15/packages/arduino/tools/arm-none-eabi-gcc/7-2017q4/bin/../lib/gcc/arm-none-eabi/7.2.1/../../../../arm-none-eabi/lib/thumb/v7-m\libstdc++.a(atexit_arm.o)
                0x080075c8                __aeabi_atexit
 .text.floorf   0x080075d4       0x88 c:/users/administrator/appdata/local/arduino15/packages/arduino/tools/arm-none-eabi-gcc/7-2017q4/bin/../lib/gcc/arm-none-eabi/7.2.1/../../../../arm-none-eabi/lib/thumb/v7-m\libm.a(lib_a-sf_floor.o)
                0x080075d4                floorf
 .text          0x0800765c      0x378 c:/users/administrator/appdata/local/arduino15/packages/arduino/tools/arm-none-eabi-gcc/7-2017q4/bin/../lib/gcc/arm-none-eabi/7.2.1/thumb/v7-m\libgcc.a(_arm_addsubdf3.o)
                0x0800765c                __aeabi_drsub
                0x08007664                __aeabi_dsub
                0x08007664                __subdf3
                0x08007668                __aeabi_dadd
                0x08007668                __adddf3
                0x080078e0                __floatunsidf
                0x080078e0                __aeabi_ui2d
                0x08007900                __floatsidf
                0x08007900                __aeabi_i2d
                0x08007924                __aeabi_f2d
                0x08007924                __extendsfdf2
                0x08007968                __floatundidf
                0x08007968                __aeabi_ul2d
                0x08007978                __floatdidf
                0x08007978                __aeabi_l2d
 .text          0x080079d4      0x424 c:/users/administrator/appdata/local/arduino15/packages/arduino/tools/arm-none-eabi-gcc/7-2017q4/bin/../lib/gcc/arm-none-eabi/7.2.1/thumb/v7-m\libgcc.a(_arm_muldivdf3.o)
                0x080079d4                __aeabi_dmul
                0x080079d4                __muldf3
                0x08007c28                __divdf3
                0x08007c28                __aeabi_ddiv
 .text          0x08007df8      0x110 c:/users/administrator/appdata/local/arduino15/packages/arduino/tools/arm-none-eabi-gcc/7-2017q4/bin/../lib/gcc/arm-none-eabi/7.2.1/thumb/v7-m\libgcc.a(_arm_cmpdf2.o)
                0x08007df8                __gtdf2
                0x08007df8                __gedf2
                0x08007e00                __ltdf2
                0x08007e00                __ledf2
                0x08007e08                __nedf2
                0x08007e08                __eqdf2
                0x08007e08                __cmpdf2
                0x08007e84                __aeabi_cdrcmple
                0x08007e94                __aeabi_cdcmpeq
                0x08007e94                __aeabi_cdcmple
                0x08007ea4                __aeabi_dcmpeq
                0x08007eb8                __aeabi_dcmplt
                0x08007ecc                __aeabi_dcmple
                0x08007ee0                __aeabi_dcmpge
                0x08007ef4                __aeabi_dcmpgt
 .text          0x08007f08       0x50 c:/users/administrator/appdata/local/arduino15/packages/arduino/tools/arm-none-eabi-gcc/7-2017q4/bin/../lib/gcc/arm-none-eabi/7.2.1/thumb/v7-m\libgcc.a(_arm_fixdfsi.o)
                0x08007f08                __aeabi_d2iz
                0x08007f08                __fixdfsi
 .text          0x08007f58      0x21c c:/users/administrator/appdata/local/arduino15/packages/arduino/tools/arm-none-eabi-gcc/7-2017q4/bin/../lib/gcc/arm-none-eabi/7.2.1/thumb/v7-m\libgcc.a(_arm_addsubsf3.o)
                0x08007f58                __aeabi_frsub
                0x08007f60                __subsf3
                0x08007f60                __aeabi_fsub
                0x08007f64                __aeabi_fadd
                0x08007f64                __addsf3
                0x080080c4                __aeabi_ui2f
                0x080080c4                __floatunsisf
                0x080080cc                __aeabi_i2f
                0x080080cc                __floatsisf
                0x080080e8                __aeabi_ul2f
                0x080080e8                __floatundisf
                0x080080f8                __aeabi_l2f
                0x080080f8                __floatdisf
 .text          0x08008174      0x2a0 c:/users/administrator/appdata/local/arduino15/packages/arduino/tools/arm-none-eabi-gcc/7-2017q4/bin/../lib/gcc/arm-none-eabi/7.2.1/thumb/v7-m\libgcc.a(_arm_muldivsf3.o)
                0x08008174                __mulsf3
                0x08008174                __aeabi_fmul
                0x080082dc                __aeabi_fdiv
                0x080082dc                __divsf3
 .text          0x08008414       0xec c:/users/administrator/appdata/local/arduino15/packages/arduino/tools/arm-none-eabi-gcc/7-2017q4/bin/../lib/gcc/arm-none-eabi/7.2.1/thumb/v7-m\libgcc.a(_arm_cmpsf2.o)
                0x08008414                __gesf2
                0x08008414                __gtsf2
                0x0800841c                __lesf2
                0x0800841c                __ltsf2
                0x08008424                __nesf2
                0x08008424                __eqsf2
                0x08008424                __cmpsf2
                0x08008484                __aeabi_cfrcmple
                0x0800848c                __aeabi_cfcmpeq
                0x0800848c                __aeabi_cfcmple
                0x0800849c                __aeabi_fcmpeq
                0x080084b0                __aeabi_fcmplt
                0x080084c4                __aeabi_fcmple
                0x080084d8                __aeabi_fcmpge
                0x080084ec                __aeabi_fcmpgt
 .text          0x08008500       0x4c c:/users/administrator/appdata/local/arduino15/packages/arduino/tools/arm-none-eabi-gcc/7-2017q4/bin/../lib/gcc/arm-none-eabi/7.2.1/thumb/v7-m\libgcc.a(_arm_fixsfsi.o)
                0x08008500                __aeabi_f2iz
                0x08008500                __fixsfsi
 .text          0x0800854c       0x40 c:/users/administrator/appdata/local/arduino15/packages/arduino/tools/arm-none-eabi-gcc/7-2017q4/bin/../lib/gcc/arm-none-eabi/7.2.1/thumb/v7-m\libgcc.a(_arm_fixunssfsi.o)
                0x0800854c                __fixunssfsi
                0x0800854c                __aeabi_f2uiz
 .text          0x0800858c       0xa0 c:/users/administrator/appdata/local/arduino15/packages/arduino/tools/arm-none-eabi-gcc/7-2017q4/bin/../lib/gcc/arm-none-eabi/7.2.1/thumb/v7-m\libgcc.a(_aeabi_ldivmod.o)
                0x0800858c                __aeabi_ldivmod
 .text          0x0800862c       0x30 c:/users/administrator/appdata/local/arduino15/packages/arduino/tools/arm-none-eabi-gcc/7-2017q4/bin/../lib/gcc/arm-none-eabi/7.2.1/thumb/v7-m\libgcc.a(_aeabi_uldivmod.o)
                0x0800862c                __aeabi_uldivmod
 .text          0x0800865c       0x30 c:/users/administrator/appdata/local/arduino15/packages/arduino/tools/arm-none-eabi-gcc/7-2017q4/bin/../lib/gcc/arm-none-eabi/7.2.1/thumb/v7-m\libgcc.a(_fixdfdi.o)
                0x0800865c                __fixdfdi
                0x0800865c                __aeabi_d2lz
 .text          0x0800868c       0x44 c:/users/administrator/appdata/local/arduino15/packages/arduino/tools/arm-none-eabi-gcc/7-2017q4/bin/../lib/gcc/arm-none-eabi/7.2.1/thumb/v7-m\libgcc.a(_fixunsdfdi.o)
                0x0800868c                __fixunsdfdi
                0x0800868c                __aeabi_d2ulz
 .text          0x080086d0      0x2d0 c:/users/administrator/appdata/local/arduino15/packages/arduino/tools/arm-none-eabi-gcc/7-2017q4/bin/../lib/gcc/arm-none-eabi/7.2.1/thumb/v7-m\libgcc.a(_udivmoddi4.o)
                0x080086d0                __udivmoddi4
 .text          0x080089a0        0x4 c:/users/administrator/appdata/local/arduino15/packages/arduino/tools/arm-none-eabi-gcc/7-2017q4/bin/../lib/gcc/arm-none-eabi/7.2.1/thumb/v7-m\libgcc.a(_dvmd_tls.o)
                0x080089a0                __aeabi_idiv0
                0x080089a0                __aeabi_ldiv0
 .text          0x080089a4       0x40 c:/users/administrator/appdata/local/arduino15/packages/arduino/tools/arm-none-eabi-gcc/7-2017q4/bin/../lib/gcc/arm-none-eabi/7.2.1/thumb/v7-m\libgcc.a(_arm_fixunsdfsi.o)
                0x080089a4                __aeabi_d2uiz
                0x080089a4                __fixunsdfsi
 .text.__cxa_atexit
                0x080089e4        0xc c:/users/administrator/appdata/local/arduino15/packages/arduino/tools/arm-none-eabi-gcc/7-2017q4/bin/../lib/gcc/arm-none-eabi/7.2.1/../../../../arm-none-eabi/lib/thumb/v7-m\libc.a(lib_a-cxa_atexit.o)
                0x080089e4                __cxa_atexit
 .text.__errno  0x080089f0        0xc c:/users/administrator/appdata/local/arduino15/packages/arduino/tools/arm-none-eabi-gcc/7-2017q4/bin/../lib/gcc/arm-none-eabi/7.2.1/../../../../arm-none-eabi/lib/thumb/v7-m\libc.a(lib_a-errno.o)
                0x080089f0                __errno
 .text.exit     0x080089fc       0x20 c:/users/administrator/appdata/local/arduino15/packages/arduino/tools/arm-none-eabi-gcc/7-2017q4/bin/../lib/gcc/arm-none-eabi/7.2.1/../../../../arm-none-eabi/lib/thumb/v7-m\libc.a(lib_a-exit.o)
                0x080089fc                exit
 .text.__libc_init_array
                0x08008a1c       0x48 c:/users/administrator/appdata/local/arduino15/packages/arduino/tools/arm-none-eabi-gcc/7-2017q4/bin/../lib/gcc/arm-none-eabi/7.2.1/../../../../arm-none-eabi/lib/thumb/v7-m\libc.a(lib_a-init.o)
                0x08008a1c                __libc_init_array
 .text.malloc   0x08008a64       0x10 c:/users/administrator/appdata/local/arduino15/packages/arduino/tools/arm-none-eabi-gcc/7-2017q4/bin/../lib/gcc/arm-none-eabi/7.2.1/../../../../arm-none-eabi/lib/thumb/v7-m\libc.a(lib_a-malloc.o)
                0x08008a64                malloc
 .text.free     0x08008a74       0x10 c:/users/administrator/appdata/local/arduino15/packages/arduino/tools/arm-none-eabi-gcc/7-2017q4/bin/../lib/gcc/arm-none-eabi/7.2.1/../../../../arm-none-eabi/lib/thumb/v7-m\libc.a(lib_a-malloc.o)
                0x08008a74                free
 .text._malloc_r
                0x08008a84      0x524 c:/users/administrator/appdata/local/arduino15/packages/arduino/tools/arm-none-eabi-gcc/7-2017q4/bin/../lib/gcc/arm-none-eabi/7.2.1/../../../../arm-none-eabi/lib/thumb/v7-m\libc.a(lib_a-mallocr.o)
                0x08008a84                _malloc_r
 .text.__ascii_mbtowc
                0x08008fa8       0x2c c:/users/administrator/appdata/local/arduino15/packages/arduino/tools/arm-none-eabi-gcc/7-2017q4/bin/../lib/gcc/arm-none-eabi/7.2.1/../../../../arm-none-eabi/lib/thumb/v7-m\libc.a(lib_a-mbtowc_r.o)
                0x08008fa8                __ascii_mbtowc
 .text          0x08008fd4       0xec c:/users/administrator/appdata/local/arduino15/packages/arduino/tools/arm-none-eabi-gcc/7-2017q4/bin/../lib/gcc/arm-none-eabi/7.2.1/../../../../arm-none-eabi/lib/thumb/v7-m\libc.a(lib_a-memcpy.o)
                0x08008fd4                memcpy
 .text.memmove  0x080090c0       0xc4 c:/users/administrator/appdata/local/arduino15/packages/arduino/tools/arm-none-eabi-gcc/7-2017q4/bin/../lib/gcc/arm-none-eabi/7.2.1/../../../../arm-none-eabi/lib/thumb/v7-m\libc.a(lib_a-memmove.o)
                0x080090c0                memmove
 .text.memset   0x08009184       0x94 c:/users/administrator/appdata/local/arduino15/packages/arduino/tools/arm-none-eabi-gcc/7-2017q4/bin/../lib/gcc/arm-none-eabi/7.2.1/../../../../arm-none-eabi/lib/thumb/v7-m\libc.a(lib_a-memset.o)
                0x08009184                memset
 .text.__malloc_lock
                0x08009218        0xc c:/users/administrator/appdata/local/arduino15/packages/arduino/tools/arm-none-eabi-gcc/7-2017q4/bin/../lib/gcc/arm-none-eabi/7.2.1/../../../../arm-none-eabi/lib/thumb/v7-m\libc.a(lib_a-mlock.o)
                0x08009218                __malloc_lock
 .text.__malloc_unlock
                0x08009224        0xc c:/users/administrator/appdata/local/arduino15/packages/arduino/tools/arm-none-eabi-gcc/7-2017q4/bin/../lib/gcc/arm-none-eabi/7.2.1/../../../../arm-none-eabi/lib/thumb/v7-m\libc.a(lib_a-mlock.o)
                0x08009224                __malloc_unlock
 .text.realloc  0x08009230       0x10 c:/users/administrator/appdata/local/arduino15/packages/arduino/tools/arm-none-eabi-gcc/7-2017q4/bin/../lib/gcc/arm-none-eabi/7.2.1/../../../../arm-none-eabi/lib/thumb/v7-m\libc.a(lib_a-realloc.o)
                0x08009230                realloc
 .text._realloc_r
                0x08009240      0x374 c:/users/administrator/appdata/local/arduino15/packages/arduino/tools/arm-none-eabi-gcc/7-2017q4/bin/../lib/gcc/arm-none-eabi/7.2.1/../../../../arm-none-eabi/lib/thumb/v7-m\libc.a(lib_a-reallocr.o)
                0x08009240                _realloc_r
 .text._sbrk_r  0x080095b4       0x24 c:/users/administrator/appdata/local/arduino15/packages/arduino/tools/arm-none-eabi-gcc/7-2017q4/bin/../lib/gcc/arm-none-eabi/7.2.1/../../../../arm-none-eabi/lib/thumb/v7-m\libc.a(lib_a-sbrkr.o)
                0x080095b4                _sbrk_r
 .text.sprintf  0x080095d8       0x44 c:/users/administrator/appdata/local/arduino15/packages/arduino/tools/arm-none-eabi-gcc/7-2017q4/bin/../lib/gcc/arm-none-eabi/7.2.1/../../../../arm-none-eabi/lib/thumb/v7-m\libc.a(lib_a-sprintf.o)
                0x080095d8                sprintf
 .text.strcpy   0x0800961c       0xbc c:/users/administrator/appdata/local/arduino15/packages/arduino/tools/arm-none-eabi-gcc/7-2017q4/bin/../lib/gcc/arm-none-eabi/7.2.1/../../../../arm-none-eabi/lib/thumb/v7-m\libc.a(lib_a-strcpy.o)
                0x0800961c                strcpy
 .text.strlen   0x080096d8       0x5c c:/users/administrator/appdata/local/arduino15/packages/arduino/tools/arm-none-eabi-gcc/7-2017q4/bin/../lib/gcc/arm-none-eabi/7.2.1/../../../../arm-none-eabi/lib/thumb/v7-m\libc.a(lib_a-strlen-stub.o)
                0x080096d8                strlen
 .text._svfprintf_r
                0x08009734     0x14ec c:/users/administrator/appdata/local/arduino15/packages/arduino/tools/arm-none-eabi-gcc/7-2017q4/bin/../lib/gcc/arm-none-eabi/7.2.1/../../../../arm-none-eabi/lib/thumb/v7-m\libc.a(lib_a-svfprintf.o)
                0x08009734                _svfprintf_r
 .text.__ascii_wctomb
                0x0800ac20       0x18 c:/users/administrator/appdata/local/arduino15/packages/arduino/tools/arm-none-eabi-gcc/7-2017q4/bin/../lib/gcc/arm-none-eabi/7.2.1/../../../../arm-none-eabi/lib/thumb/v7-m\libc.a(lib_a-wctomb_r.o)
                0x0800ac20                __ascii_wctomb
 .text.__register_exitproc
                0x0800ac38       0xc0 c:/users/administrator/appdata/local/arduino15/packages/arduino/tools/arm-none-eabi-gcc/7-2017q4/bin/../lib/gcc/arm-none-eabi/7.2.1/../../../../arm-none-eabi/lib/thumb/v7-m\libc.a(lib_a-__atexit.o)
                0x0800ac38                __register_exitproc
 .text.startup.register_fini
                0x0800acf8       0x14 c:/users/administrator/appdata/local/arduino15/packages/arduino/tools/arm-none-eabi-gcc/7-2017q4/bin/../lib/gcc/arm-none-eabi/7.2.1/../../../../arm-none-eabi/lib/thumb/v7-m\libc.a(lib_a-__call_atexit.o)
 .text.__call_exitprocs
                0x0800ad0c       0xe8 c:/users/administrator/appdata/local/arduino15/packages/arduino/tools/arm-none-eabi-gcc/7-2017q4/bin/../lib/gcc/arm-none-eabi/7.2.1/../../../../arm-none-eabi/lib/thumb/v7-m\libc.a(lib_a-__call_atexit.o)
                0x0800ad0c                __call_exitprocs
 .text.atexit   0x0800adf4        0xc c:/users/administrator/appdata/local/arduino15/packages/arduino/tools/arm-none-eabi-gcc/7-2017q4/bin/../lib/gcc/arm-none-eabi/7.2.1/../../../../arm-none-eabi/lib/thumb/v7-m\libc.a(lib_a-atexit.o)
                0x0800adf4                atexit
 .text.quorem   0x0800ae00      0x124 c:/users/administrator/appdata/local/arduino15/packages/arduino/tools/arm-none-eabi-gcc/7-2017q4/bin/../lib/gcc/arm-none-eabi/7.2.1/../../../../arm-none-eabi/lib/thumb/v7-m\libc.a(lib_a-dtoa.o)
 *fill*         0x0800af24        0x4 
 .text._dtoa_r  0x0800af28      0xe30 c:/users/administrator/appdata/local/arduino15/packages/arduino/tools/arm-none-eabi-gcc/7-2017q4/bin/../lib/gcc/arm-none-eabi/7.2.1/../../../../arm-none-eabi/lib/thumb/v7-m\libc.a(lib_a-dtoa.o)
                0x0800af28                _dtoa_r
 .text.__libc_fini_array
                0x0800bd58       0x34 c:/users/administrator/appdata/local/arduino15/packages/arduino/tools/arm-none-eabi-gcc/7-2017q4/bin/../lib/gcc/arm-none-eabi/7.2.1/../../../../arm-none-eabi/lib/thumb/v7-m\libc.a(lib_a-fini.o)
                0x0800bd58                __libc_fini_array
 .text._malloc_trim_r
                0x0800bd8c       0xa0 c:/users/administrator/appdata/local/arduino15/packages/arduino/tools/arm-none-eabi-gcc/7-2017q4/bin/../lib/gcc/arm-none-eabi/7.2.1/../../../../arm-none-eabi/lib/thumb/v7-m\libc.a(lib_a-freer.o)
                0x0800bd8c                _malloc_trim_r
 .text._free_r  0x0800be2c      0x1e8 c:/users/administrator/appdata/local/arduino15/packages/arduino/tools/arm-none-eabi-gcc/7-2017q4/bin/../lib/gcc/arm-none-eabi/7.2.1/../../../../arm-none-eabi/lib/thumb/v7-m\libc.a(lib_a-freer.o)
                0x0800be2c                _free_r
 .text._localeconv_r
                0x0800c014       0x1c c:/users/administrator/appdata/local/arduino15/packages/arduino/tools/arm-none-eabi-gcc/7-2017q4/bin/../lib/gcc/arm-none-eabi/7.2.1/../../../../arm-none-eabi/lib/thumb/v7-m\libc.a(lib_a-localeconv.o)
                0x0800c014                _localeconv_r
 .text.__retarget_lock_acquire_recursive
                0x0800c030        0x4 c:/users/administrator/appdata/local/arduino15/packages/arduino/tools/arm-none-eabi-gcc/7-2017q4/bin/../lib/gcc/arm-none-eabi/7.2.1/../../../../arm-none-eabi/lib/thumb/v7-m\libc.a(lib_a-lock.o)
                0x0800c030                __retarget_lock_acquire_recursive
 .text.__retarget_lock_release_recursive
                0x0800c034        0x4 c:/users/administrator/appdata/local/arduino15/packages/arduino/tools/arm-none-eabi-gcc/7-2017q4/bin/../lib/gcc/arm-none-eabi/7.2.1/../../../../arm-none-eabi/lib/thumb/v7-m\libc.a(lib_a-lock.o)
                0x0800c034                __retarget_lock_release_recursive
 .text.memchr   0x0800c038       0x8c c:/users/administrator/appdata/local/arduino15/packages/arduino/tools/arm-none-eabi-gcc/7-2017q4/bin/../lib/gcc/arm-none-eabi/7.2.1/../../../../arm-none-eabi/lib/thumb/v7-m\libc.a(lib_a-memchr-stub.o)
                0x0800c038                memchr
 .text._Balloc  0x0800c0c4       0x4c c:/users/administrator/appdata/local/arduino15/packages/arduino/tools/arm-none-eabi-gcc/7-2017q4/bin/../lib/gcc/arm-none-eabi/7.2.1/../../../../arm-none-eabi/lib/thumb/v7-m\libc.a(lib_a-mprec.o)
                0x0800c0c4                _Balloc
 .text._Bfree   0x0800c110       0x14 c:/users/administrator/appdata/local/arduino15/packages/arduino/tools/arm-none-eabi-gcc/7-2017q4/bin/../lib/gcc/arm-none-eabi/7.2.1/../../../../arm-none-eabi/lib/thumb/v7-m\libc.a(lib_a-mprec.o)
                0x0800c110                _Bfree
 .text.__multadd
                0x0800c124       0x84 c:/users/administrator/appdata/local/arduino15/packages/arduino/tools/arm-none-eabi-gcc/7-2017q4/bin/../lib/gcc/arm-none-eabi/7.2.1/../../../../arm-none-eabi/lib/thumb/v7-m\libc.a(lib_a-mprec.o)
                0x0800c124                __multadd
 .text.__hi0bits