Archive member included to satisfy reference by file (symbol)

C:\Users\Administrator\AppData\Local\Temp\VMBuilds\Solenoid_valve_may15\Arduino_STM32-master_genericSTM32F103R\Release\core.a(exc.S.o)
                              (__exc_nmi)
C:\Users\Administrator\AppData\Local\Temp\VMBuilds\Solenoid_valve_may15\Arduino_STM32-master_genericSTM32F103R\Release\core.a(isrs.S.o)
                              (__stm32reservedexception7)
C:\Users\Administrator\AppData\Local\Temp\VMBuilds\Solenoid_valve_may15\Arduino_STM32-master_genericSTM32F103R\Release\core.a(vector_table.S.o)
                              (__stm32_vector_table)
C:\Users\Administrator\AppData\Local\Temp\VMBuilds\Solenoid_valve_may15\Arduino_STM32-master_genericSTM32F103R\Release\core.a(adc.c.o)
                              C:\Users\Administrator\AppData\Local\Temp\VMBCore\arduino16x\26f9647b75fb80b091c2c1c5a86ae632\variant\boards.cpp.o (adc_set_sample_rate)
C:\Users\Administrator\AppData\Local\Temp\VMBuilds\Solenoid_valve_may15\Arduino_STM32-master_genericSTM32F103R\Release\core.a(adc_f1.c.o)
                              C:\Users\Administrator\AppData\Local\Temp\VMBuilds\Solenoid_valve_may15\Arduino_STM32-master_genericSTM32F103R\Release\core.a(vector_table.S.o) (__irq_adc)
C:\Users\Administrator\AppData\Local\Temp\VMBuilds\Solenoid_valve_may15\Arduino_STM32-master_genericSTM32F103R\Release\core.a(dma_f1.c.o)
                              C:\Users\Administrator\AppData\Local\Temp\VMBuilds\Solenoid_valve_may15\Arduino_STM32-master_genericSTM32F103R\Release\core.a(vector_table.S.o) (__irq_dma1_channel1)
C:\Users\Administrator\AppData\Local\Temp\VMBuilds\Solenoid_valve_may15\Arduino_STM32-master_genericSTM32F103R\Release\core.a(exti.c.o)
                              C:\Users\Administrator\AppData\Local\Temp\VMBuilds\Solenoid_valve_may15\Arduino_STM32-master_genericSTM32F103R\Release\core.a(vector_table.S.o) (__irq_exti0)
C:\Users\Administrator\AppData\Local\Temp\VMBuilds\Solenoid_valve_may15\Arduino_STM32-master_genericSTM32F103R\Release\core.a(exti_f1.c.o)
                              C:\Users\Administrator\AppData\Local\Temp\VMBuilds\Solenoid_valve_may15\Arduino_STM32-master_genericSTM32F103R\Release\core.a(exti.c.o) (exti_select)
C:\Users\Administrator\AppData\Local\Temp\VMBuilds\Solenoid_valve_may15\Arduino_STM32-master_genericSTM32F103R\Release\core.a(flash.c.o)
                              C:\Users\Administrator\AppData\Local\Temp\VMBCore\arduino16x\26f9647b75fb80b091c2c1c5a86ae632\variant\boards.cpp.o (flash_set_latency)
C:\Users\Administrator\AppData\Local\Temp\VMBuilds\Solenoid_valve_may15\Arduino_STM32-master_genericSTM32F103R\Release\core.a(gpio_f1.c.o)
                              C:\Users\Administrator\AppData\Local\Temp\VMBCore\arduino16x\26f9647b75fb80b091c2c1c5a86ae632\variant\boards_setup.cpp.o (gpio_init_all)
C:\Users\Administrator\AppData\Local\Temp\VMBuilds\Solenoid_valve_may15\Arduino_STM32-master_genericSTM32F103R\Release\core.a(i2c_f1.c.o)
                              C:\Users\Administrator\AppData\Local\Temp\VMBuilds\Solenoid_valve_may15\Arduino_STM32-master_genericSTM32F103R\Release\core.a(vector_table.S.o) (__irq_i2c1_ev)
C:\Users\Administrator\AppData\Local\Temp\VMBuilds\Solenoid_valve_may15\Arduino_STM32-master_genericSTM32F103R\Release\core.a(nvic.c.o)
                              C:\Users\Administrator\AppData\Local\Temp\VMBuilds\Solenoid_valve_may15\Arduino_STM32-master_genericSTM32F103R\Release\core.a(i2c_f1.c.o) (nvic_irq_set_priority)
C:\Users\Administrator\AppData\Local\Temp\VMBuilds\Solenoid_valve_may15\Arduino_STM32-master_genericSTM32F103R\Release\core.a(rcc.c.o)
                              C:\Users\Administrator\AppData\Local\Temp\VMBCore\arduino16x\26f9647b75fb80b091c2c1c5a86ae632\variant\boards.cpp.o (rcc_switch_sysclk)
C:\Users\Administrator\AppData\Local\Temp\VMBuilds\Solenoid_valve_may15\Arduino_STM32-master_genericSTM32F103R\Release\core.a(rcc_f1.c.o)
                              C:\Users\Administrator\AppData\Local\Temp\VMBCore\arduino16x\26f9647b75fb80b091c2c1c5a86ae632\variant\boards.cpp.o (rcc_configure_pll)
C:\Users\Administrator\AppData\Local\Temp\VMBuilds\Solenoid_valve_may15\Arduino_STM32-master_genericSTM32F103R\Release\core.a(systick.c.o)
                              C:\Users\Administrator\AppData\Local\Temp\VMBCore\arduino16x\26f9647b75fb80b091c2c1c5a86ae632\variant\boards.cpp.o (systick_init)
C:\Users\Administrator\AppData\Local\Temp\VMBuilds\Solenoid_valve_may15\Arduino_STM32-master_genericSTM32F103R\Release\core.a(timer.c.o)
                              C:\Users\Administrator\AppData\Local\Temp\VMBCore\arduino16x\26f9647b75fb80b091c2c1c5a86ae632\variant\boards.cpp.o (timer_foreach)
C:\Users\Administrator\AppData\Local\Temp\VMBuilds\Solenoid_valve_may15\Arduino_STM32-master_genericSTM32F103R\Release\core.a(usart_f1.c.o)
[...]
Memory Configuration

Name             Origin             Length             Attributes
ram              0x20000000         0x0000c000         xrw
rom              0x08000000         0x00040000         xr
*default*        0x00000000         0xffffffff

Linker script and memory map

LOAD c:/users/administrator/appdata/local/arduino15/packages/arduino/tools/arm-none-eabi-gcc/7-2017q4/bin/../lib/gcc/arm-none-eabi/7.2.1/thumb/v7-m/crti.o
LOAD c:/users/administrator/appdata/local/arduino15/packages/arduino/tools/arm-none-eabi-gcc/7-2017q4/bin/../lib/gcc/arm-none-eabi/7.2.1/thumb/v7-m/crtbegin.o
LOAD c:/users/administrator/appdata/local/arduino15/packages/arduino/tools/arm-none-eabi-gcc/7-2017q4/bin/../lib/gcc/arm-none-eabi/7.2.1/../../../../arm-none-eabi/lib/thumb/v7-m/crt0.o
LOAD c:/users/administrator/appdata/local/arduino15/packages/arduino/tools/arm-none-eabi-gcc/7-2017q4/bin/../lib/gcc/arm-none-eabi/7.2.1/thumb/v7-m\libgcc.a
START GROUP
LOAD Solenoid_valve_may15.cpp.o
LOAD user_A011_E011.cpp.o
LOAD user_A025receipt.cpp.o
LOAD user_crc8.cpp.o
LOAD user_filter.cpp.o
LOAD user_initialization.cpp.o
LOAD user_judgement.cpp.o
LOAD user_lorainit.cpp.o
LOAD EEPROM\flash_stm32.c.o
LOAD EEPROM\EEPROM.cpp.o
LOAD C:\Users\Administrator\AppData\Local\Temp\VMBCore\arduino16x\26f9647b75fb80b091c2c1c5a86ae632\variant\board.cpp.o
LOAD C:\Users\Administrator\AppData\Local\Temp\VMBCore\arduino16x\26f9647b75fb80b091c2c1c5a86ae632\variant\boards.cpp.o
LOAD C:\Users\Administrator\AppData\Local\Temp\VMBCore\arduino16x\26f9647b75fb80b091c2c1c5a86ae632\variant\boards_setup.cpp.o
LOAD C:\Users\Administrator\AppData\Local\Temp\VMBCore\arduino16x\26f9647b75fb80b091c2c1c5a86ae632\variant\start.S.o
LOAD C:\Users\Administrator\AppData\Local\Temp\VMBCore\arduino16x\26f9647b75fb80b091c2c1c5a86ae632\variant\start_c.c.o
LOAD C:\Users\Administrator\AppData\Local\Temp\VMBCore\arduino16x\26f9647b75fb80b091c2c1c5a86ae632\variant\syscalls.c.o
LOAD C:\Users\Administrator\AppData\Local\Temp\VMBuilds\Solenoid_valve_may15\Arduino_STM32-master_genericSTM32F103R\Release\core.a
END GROUP
LOAD c:/users/administrator/appdata/local/arduino15/packages/arduino/tools/arm-none-eabi-gcc/7-2017q4/bin/../lib/gcc/arm-none-eabi/7.2.1/../../../../arm-none-eabi/lib/thumb/v7-m\libstdc++.a
LOAD c:/users/administrator/appdata/local/arduino15/packages/arduino/tools/arm-none-eabi-gcc/7-2017q4/bin/../lib/gcc/arm-none-eabi/7.2.1/../../../../arm-none-eabi/lib/thumb/v7-m\libm.a
START GROUP
LOAD c:/users/administrator/appdata/local/arduino15/packages/arduino/tools/arm-none-eabi-gcc/7-2017q4/bin/../lib/gcc/arm-none-eabi/7.2.1/thumb/v7-m\libgcc.a
LOAD c:/users/administrator/appdata/local/arduino15/packages/arduino/tools/arm-none-eabi-gcc/7-2017q4/bin/../lib/gcc/arm-none-eabi/7.2.1/../../../../arm-none-eabi/lib/thumb/v7-m\libc.a
END GROUP
LOAD c:/users/administrator/appdata/local/arduino15/packages/arduino/tools/arm-none-eabi-gcc/7-2017q4/bin/../lib/gcc/arm-none-eabi/7.2.1/thumb/v7-m/crtend.o
LOAD c:/users/administrator/appdata/local/arduino15/packages/arduino/tools/arm-none-eabi-gcc/7-2017q4/bin/../lib/gcc/arm-none-eabi/7.2.1/thumb/v7-m/crtn.o
START GROUP
LOAD c:/users/administrator/appdata/local/arduino15/packages/arduino/tools/arm-none-eabi-gcc/7-2017q4/bin/../lib/gcc/arm-none-eabi/7.2.1/thumb/v7-m\libgcc.a
LOAD c:/users/administrator/appdata/local/arduino15/packages/arduino/tools/arm-none-eabi-gcc/7-2017q4/bin/../lib/gcc/arm-none-eabi/7.2.1/../../../../arm-none-eabi/lib/thumb/v7-m\libc.a
LOAD c:/users/administrator/appdata/local/arduino15/packages/arduino/tools/arm-none-eabi-gcc/7-2017q4/bin/../lib/gcc/arm-none-eabi/7.2.1/../../../../arm-none-eabi/lib/thumb/v7-m\libm.a
END GROUP
START GROUP
LOAD c:/users/administrator/appdata/local/arduino15/packages/arduino/tools/arm-none-eabi-gcc/7-2017q4/bin/../lib/gcc/arm-none-eabi/7.2.1/../../../../arm-none-eabi/lib/thumb/v7-m\libnosys.a
END GROUP
                0x2000c000                PROVIDE (__msp_init, (ORIGIN (ram) + LENGTH (ram)))
                0x08004170                PROVIDE (__exc_reset, __start__)

.text           0x08000000     0x857c
                0x08000000                __text_start__ = .
 *(.stm32.interrupt_vector)
 .stm32.interrupt_vector
                0x08000000      0x130 C:\Users\Administrator\AppData\Local\Temp\VMBuilds\Solenoid_valve_may15\Arduino_STM32-master_genericSTM32F103R\Release\core.a(vector_table.S.o)
                0x08000000                __stm32_vector_table
 *(.text .text.* .gnu.linkonce.t.*)
 .text          0x08000130       0x40 c:/users/administrator/appdata/local/arduino15/packages/arduino/tools/arm-none-eabi-gcc/7-2017q4/bin/../lib/gcc/arm-none-eabi/7.2.1/thumb/v7-m/crtbegin.o
 .text._Z5setupv
                0x08000170      0x124 Solenoid_valve_may15.cpp.o
                0x08000170                setup()
 .text._Z19Receive_informationv
                0x08000294      0x1b0 Solenoid_valve_may15.cpp.o
                0x08000294                Receive_information()
 .text._Z4loopv
                0x08000444       0xec Solenoid_valve_may15.cpp.o
                0x08000444                loop()
 .text._Z9E011_initv
                0x08000530      0x248 user_A011_E011.cpp.o
                0x08000530                E011_init()
 .text._Z9Send_E011i
                0x08000778      0x320 user_A011_E011.cpp.o
                0x08000778                Send_E011(int)
 .text._Z12Receive_A011Phi
                0x08000a98       0xb4 user_A011_E011.cpp.o
                0x08000a98                Receive_A011(unsigned char*, int)
 .text._Z9E015_initv
                0x08000b4c       0xd4 user_A025receipt.cpp.o
                0x08000b4c                E015_init()
 .text._Z11Get_voltagev
                0x08000c20       0x38 user_A025receipt.cpp.o
                0x08000c20                Get_voltage()
 .text._Z15Water_pressure1v
                0x08000c58      0x1b0 user_A025receipt.cpp.o
                0x08000c58                Water_pressure1()
 .text._Z15Water_pressure2v
                0x08000e08      0x1bc user_A025receipt.cpp.o
                0x08000e08                Water_pressure2()
 .text._Z18Report_informationf
                0x08000fc4       0x9c user_A025receipt.cpp.o
                0x08000fc4                Report_information(float)
 .text._Z9Send_E015iii
                0x08001060      0x220 user_A025receipt.cpp.o
                0x08001060                Send_E015(int, int, int)
 .text._Z12Receive_A012Phi
                0x08001280      0x200 user_A025receipt.cpp.o
                0x08001280                Receive_A012(unsigned char*, int)
 .text._Z12Receive_A013Phi
                0x08001480      0x274 user_A025receipt.cpp.o
                0x08001480                Receive_A013(unsigned char*, int)
 .text._Z9E014_easyv
                0x080016f4      0x170 user_A025receipt.cpp.o
                0x080016f4                E014_easy()
 .text._Z12Signal_queryv
                0x08001864      0x1f8 user_A025receipt.cpp.o
                0x08001864                Signal_query()
 .text._Z9E014_initv
                0x08001a5c       0xc8 user_A025receipt.cpp.o
                0x08001a5c                E014_init()
 .text._Z9Send_E014v
                0x08001b24      0x278 user_A025receipt.cpp.o
                0x08001b24                Send_E014()
 .text._Z12Receive_A014Phi
                0x08001d9c      0x128 user_A025receipt.cpp.o
                0x08001d9c                Receive_A014(unsigned char*, int)
 .text._Z9forswitchv
                0x08001ec4      0x2e8 user_A025receipt.cpp.o
                0x08001ec4                forswitch()
 .text._Z12Receive_A025Phi
                0x080021ac      0x6d8 user_A025receipt.cpp.o
                0x080021ac                Receive_A025(unsigned char*, int)
 .text._Z7GetCrc8Phi
                0x08002884       0x2c user_crc8.cpp.o
                0x08002884                GetCrc8(unsigned char*, int)
 .text._Z6FilterPfi
                0x080028b0      0x224 user_filter.cpp.o
                0x080028b0                Filter(float*, int)
 .text._Z14Initializationv
                0x08002ad4      0x260 user_initialization.cpp.o
                0x08002ad4                Initialization()
 .text._Z18Judgement_functionPhii
                0x08002d34      0x18c user_judgement.cpp.o
                0x08002d34                Judgement_function(unsigned char*, int, int)
 .text._Z19LORA_Initializationv
                0x08002ec0      0xae4 user_lorainit.cpp.o
                0x08002ec0                LORA_Initialization()
 .text.FLASH_GetStatus
                0x080039a4       0x34 EEPROM\flash_stm32.c.o
                0x080039a4                FLASH_GetStatus
 .text.FLASH_WaitForLastOperation
                0x080039d8       0x38 EEPROM\flash_stm32.c.o
                0x080039d8                FLASH_WaitForLastOperation
 .text.FLASH_ErasePage
                0x08003a10       0x44 EEPROM\flash_stm32.c.o
                0x08003a10                FLASH_ErasePage
 .text.FLASH_ProgramHalfWord
                0x08003a54       0x4c EEPROM\flash_stm32.c.o
                0x08003a54                FLASH_ProgramHalfWord
 .text.FLASH_Unlock
                0x08003aa0       0x18 EEPROM\flash_stm32.c.o
                0x08003aa0                FLASH_Unlock
 .text._ZN11EEPROMClass12EE_CheckPageEmt
                0x08003ab8       0x2e EEPROM\EEPROM.cpp.o
                0x08003ab8                EEPROMClass::EE_CheckPage(unsigned long, unsigned short)
 .text._ZN11EEPROMClass12EE_ErasePageEm
                0x08003ae6       0x3e EEPROM\EEPROM.cpp.o
                0x08003ae6                EEPROMClass::EE_ErasePage(unsigned long)
 .text._ZN11EEPROMClass17EE_CheckErasePageEmt
                0x08003b24       0x2c EEPROM\EEPROM.cpp.o
                0x08003b24                EEPROMClass::EE_CheckErasePage(unsigned long, unsigned short)
 .text._ZN11EEPROMClass16EE_FindValidPageEv
                0x08003b50       0x30 EEPROM\EEPROM.cpp.o
                0x08003b50                EEPROMClass::EE_FindValidPage()
 .text._ZN11EEPROMClass20EE_GetVariablesCountEmt
                0x08003b80       0x38 EEPROM\EEPROM.cpp.o
                0x08003b80                EEPROMClass::EE_GetVariablesCount(unsigned long, unsigned short)
 .text._ZN11EEPROMClass15EE_PageTransferEmmt
                0x08003bb8       0xaa EEPROM\EEPROM.cpp.o
                0x08003bb8                EEPROMClass::EE_PageTransfer(unsigned long, unsigned long, unsigned short)
 .text._ZN11EEPROMClass30EE_VerifyPageFullWriteVariableEtt
                0x08003c62       0xdc EEPROM\EEPROM.cpp.o
                0x08003c62                EEPROMClass::EE_VerifyPageFullWriteVariable(unsigned short, unsigned short)
 .text._ZN11EEPROMClass6formatEv
                0x08003d3e       0x40 EEPROM\EEPROM.cpp.o
                0x08003d3e                EEPROMClass::format()
 .text._ZN11EEPROMClass4initEv
                0x08003d7e       0xbe EEPROM\EEPROM.cpp.o
                0x08003d7e                EEPROMClass::init()
 .text._ZN11EEPROMClass4readEtPt
                0x08003e3c       0x4e EEPROM\EEPROM.cpp.o
                0x08003e3c                EEPROMClass::read(unsigned short, unsigned short*)
 .text._ZN11EEPROMClass4readEt
                0x08003e8a       0x14 EEPROM\EEPROM.cpp.o
                0x08003e8a                EEPROMClass::read(unsigned short)
 .text._ZN11EEPROMClass5writeEtt
                0x08003e9e       0x32 EEPROM\EEPROM.cpp.o
                0x08003e9e                EEPROMClass::write(unsigned short, unsigned short)
 .text.startup._GLOBAL__sub_I__ZN11EEPROMClass12EE_CheckPageEmt
                0x08003ed0       0x20 EEPROM\EEPROM.cpp.o
 .text.startup._GLOBAL__sub_I_PIN_MAP
                0x08003ef0       0x74 C:\Users\Administrator\AppData\Local\Temp\VMBCore\arduino16x\26f9647b75fb80b091c2c1c5a86ae632\variant\board.cpp.o
 .text._ZL18adc_default_configP7adc_dev
                0x08003f64       0x1c C:\Users\Administrator\AppData\Local\Temp\VMBCore\arduino16x\26f9647b75fb80b091c2c1c5a86ae632\variant\boards.cpp.o
 .text._ZL20timer_default_configP9timer_dev
                0x08003f80       0xa8 C:\Users\Administrator\AppData\Local\Temp\VMBCore\arduino16x\26f9647b75fb80b091c2c1c5a86ae632\variant\boards.cpp.o
 .text._Z9boardInitv
                0x08004028        0x2 C:\Users\Administrator\AppData\Local\Temp\VMBCore\arduino16x\26f9647b75fb80b091c2c1c5a86ae632\variant\boards.cpp.o
                0x08004028                boardInit()
 *fill*         0x0800402a        0x2 
 .text._Z4initv
                0x0800402c       0xbc C:\Users\Administrator\AppData\Local\Temp\VMBCore\arduino16x\26f9647b75fb80b091c2c1c5a86ae632\variant\boards.cpp.o
                0x0800402c                init()
 .text._ZN6wirish4priv15board_reset_pllEv
                0x080040e8        0x2 C:\Users\Administrator\AppData\Local\Temp\VMBCore\arduino16x\26f9647b75fb80b091c2c1c5a86ae632\variant\boards_setup.cpp.o
                0x080040e8                wirish::priv::board_reset_pll()
 .text._ZN6wirish4priv28board_setup_clock_prescalersEv
                0x080040ea       0x2e C:\Users\Administrator\AppData\Local\Temp\VMBCore\arduino16x\26f9647b75fb80b091c2c1c5a86ae632\variant\boards_setup.cpp.o
                0x080040ea                wirish::priv::board_setup_clock_prescalers()
 .text._ZN6wirish4priv16board_setup_gpioEv
                0x08004118        0x4 C:\Users\Administrator\AppData\Local\Temp\VMBCore\arduino16x\26f9647b75fb80b091c2c1c5a86ae632\variant\boards_setup.cpp.o
                0x08004118                wirish::priv::board_setup_gpio()
 .text._ZN6wirish4priv15board_setup_usbEv
                0x0800411c       0x50 C:\Users\Administrator\AppData\Local\Temp\VMBCore\arduino16x\26f9647b75fb80b091c2c1c5a86ae632\variant\boards_setup.cpp.o
                0x0800411c                wirish::priv::board_setup_usb()
 .text._ZN6wirish4priv11series_initEv
                0x0800416c        0x4 C:\Users\Administrator\AppData\Local\Temp\VMBCore\arduino16x\26f9647b75fb80b091c2c1c5a86ae632\variant\boards_setup.cpp.o
                0x0800416c                wirish::priv::series_init()
 .text          0x08004170       0x10 C:\Users\Administrator\AppData\Local\Temp\VMBCore\arduino16x\26f9647b75fb80b091c2c1c5a86ae632\variant\start.S.o
                0x08004170                __start__
 .text.start_c  0x08004180       0x60 C:\Users\Administrator\AppData\Local\Temp\VMBCore\arduino16x\26f9647b75fb80b091c2c1c5a86ae632\variant\start_c.c.o
                0x08004180                start_c
 .text._exit    0x080041e0        0x2 C:\Users\Administrator\AppData\Local\Temp\VMBCore\arduino16x\26f9647b75fb80b091c2c1c5a86ae632\variant\syscalls.c.o
                0x080041e0                _exit
 *fill*         0x080041e2        0xe 
 .text          0x080041f0       0x54 C:\Users\Administrator\AppData\Local\Temp\VMBuilds\Solenoid_valve_may15\Arduino_STM32-master_genericSTM32F103R\Release\core.a(exc.S.o)
                0x080041f0                __exc_nmi
                0x080041f4                __exc_hardfault
                0x080041f8                __exc_memmanage
                0x080041fc                __exc_busfault
                0x08004200                __exc_usagefault
 .text          0x08004244        0x2 C:\Users\Administrator\AppData\Local\Temp\VMBuilds\Solenoid_valve_may15\Arduino_STM32-master_genericSTM32F103R\Release\core.a(isrs.S.o)
                0x08004244                __stm32reservedexception9
                0x08004244                __irq_sdio
                0x08004244                __irq_fsmc
                0x08004244                __exc_debug_monitor
                0x08004244                __exc_svc
                0x08004244                __irq_can_rx1
                0x08004244                __irq_spi2
                0x08004244                __irq_can_sce
                0x08004244                __irq_pvd
                0x08004244                __irq_tamper
                0x08004244                __default_handler
                0x08004244                __irq_wwdg
                0x08004244                __stm32reservedexception10
                0x08004244                __irq_flash
                0x08004244                __stm32reservedexception13
                0x08004244                __irq_rtc
                0x08004244                __irq_spi1
                0x08004244                __stm32reservedexception7
                0x08004244                __irq_usb_hp_can_tx
                0x08004244                __irq_rtcalarm
                0x08004244                __irq_spi3
                0x08004244                __stm32reservedexception8
                0x08004244                __exc_pendsv
                0x08004244                __irq_usbwakeup
                0x08004244                __irq_rcc
 .text.adc_init
                0x08004246       0x14 C:\Users\Administrator\AppData\Local\Temp\VMBuilds\Solenoid_valve_may15\Arduino_STM32-master_genericSTM32F103R\Release\core.a(adc.c.o)
                0x08004246                adc_init
 .text.adc_set_extsel
                0x0800425a       0x12 C:\Users\Administrator\AppData\Local\Temp\VMBuilds\Solenoid_valve_may15\Arduino_STM32-master_genericSTM32F103R\Release\core.a(adc.c.o)
                0x0800425a                adc_set_extsel
 .text.adc_set_sample_rate
                0x0800426c       0x2a C:\Users\Administrator\AppData\Local\Temp\VMBuilds\Solenoid_valve_may15\Arduino_STM32-master_genericSTM32F103R\Release\core.a(adc.c.o)
                0x0800426c                adc_set_sample_rate
 .text.adc_read
                0x08004296       0x20 C:\Users\Administrator\AppData\Local\Temp\VMBuilds\Solenoid_valve_may15\Arduino_STM32-master_genericSTM32F103R\Release\core.a(adc.c.o)
                0x08004296                adc_read
 *fill*         0x080042b6        0x2 
 .text.__irq_adc
                0x080042b8       0x54 C:\Users\Administrator\AppData\Local\Temp\VMBuilds\Solenoid_valve_may15\Arduino_STM32-master_genericSTM32F103R\Release\core.a(adc_f1.c.o)
                0x080042b8                __irq_adc
 .text.__irq_adc3
                0x0800430c       0x54 C:\Users\Administrator\AppData\Local\Temp\VMBuilds\Solenoid_valve_may15\Arduino_STM32-master_genericSTM32F103R\Release\core.a(adc_f1.c.o)
                0x0800430c                __irq_adc3
 .text.adc_calibrate
                0x08004360       0x24 C:\Users\Administrator\AppData\Local\Temp\VMBuilds\Solenoid_valve_may15\Arduino_STM32-master_genericSTM32F103R\Release\core.a(adc_f1.c.o)
                0x08004360                adc_calibrate
 .text.adc_set_prescaler
                0x08004384        0x8 C:\Users\Administrator\AppData\Local\Temp\VMBuilds\Solenoid_valve_may15\Arduino_STM32-master_genericSTM32F103R\Release\core.a(adc_f1.c.o)
                0x08004384                adc_set_prescaler
 .text.adc_foreach
                0x0800438c       0x28 C:\Users\Administrator\AppData\Local\Temp\VMBuilds\Solenoid_valve_may15\Arduino_STM32-master_genericSTM32F103R\Release\core.a(adc_f1.c.o)
                0x0800438c                adc_foreach
 .text.adc_enable_single_swstart
                0x080043b4       0x36 C:\Users\Administrator\AppData\Local\Temp\VMBuilds\Solenoid_valve_may15\Arduino_STM32-master_genericSTM32F103R\Release\core.a(adc_f1.c.o)
                0x080043b4                adc_enable_single_swstart
 *fill*         0x080043ea        0x2 
 .text.__irq_dma1_channel1
                0x080043ec       0x18 C:\Users\Administrator\AppData\Local\Temp\VMBuilds\Solenoid_valve_may15\Arduino_STM32-master_genericSTM32F103R\Release\core.a(dma_f1.c.o)
                0x080043ec                __irq_dma1_channel1
 .text.__irq_dma1_channel2
                0x08004404       0x18 C:\Users\Administrator\AppData\Local\Temp\VMBuilds\Solenoid_valve_may15\Arduino_STM32-master_genericSTM32F103R\Release\core.a(dma_f1.c.o)
                0x08004404                __irq_dma1_channel2
 .text.__irq_dma1_channel3
                0x0800441c       0x1c C:\Users\Administrator\AppData\Local\Temp\VMBuilds\Solenoid_valve_may15\Arduino_STM32-master_genericSTM32F103R\Release\core.a(dma_f1.c.o)
                0x0800441c                __irq_dma1_channel3
 .text.__irq_dma1_channel4
                0x08004438       0x1c C:\Users\Administrator\AppData\Local\Temp\VMBuilds\Solenoid_valve_may15\Arduino_STM32-master_genericSTM32F103R\Release\core.a(dma_f1.c.o)
                0x08004438                __irq_dma1_channel4
 .text.__irq_dma1_channel5
                0x08004454       0x1c C:\Users\Administrator\AppData\Local\Temp\VMBuilds\Solenoid_valve_may15\Arduino_STM32-master_genericSTM32F103R\Release\core.a(dma_f1.c.o)
                0x08004454                __irq_dma1_channel5
 .text.__irq_dma1_channel6
                0x08004470       0x1c C:\Users\Administrator\AppData\Local\Temp\VMBuilds\Solenoid_valve_may15\Arduino_STM32-master_genericSTM32F103R\Release\core.a(dma_f1.c.o)
                0x08004470                __irq_dma1_channel6
 .text.__irq_dma1_channel7
                0x0800448c       0x1c C:\Users\Administrator\AppData\Local\Temp\VMBuilds\Solenoid_valve_may15\Arduino_STM32-master_genericSTM32F103R\Release\core.a(dma_f1.c.o)
                0x0800448c                __irq_dma1_channel7
 .text.__irq_dma2_channel1
                0x080044a8       0x18 C:\Users\Administrator\AppData\Local\Temp\VMBuilds\Solenoid_valve_may15\Arduino_STM32-master_genericSTM32F103R\Release\core.a(dma_f1.c.o)
                0x080044a8                __irq_dma2_channel1
 .text.__irq_dma2_channel2
                0x080044c0       0x18 C:\Users\Administrator\AppData\Local\Temp\VMBuilds\Solenoid_valve_may15\Arduino_STM32-master_genericSTM32F103R\Release\core.a(dma_f1.c.o)
                0x080044c0                __irq_dma2_channel2
 .text.__irq_dma2_channel3
                0x080044d8       0x1c C:\Users\Administrator\AppData\Local\Temp\VMBuilds\Solenoid_valve_may15\Arduino_STM32-master_genericSTM32F103R\Release\core.a(dma_f1.c.o)
                0x080044d8                __irq_dma2_channel3
 .text.__irq_dma2_channel4_5
                0x080044f4       0x4c C:\Users\Administrator\AppData\Local\Temp\VMBuilds\Solenoid_valve_may15\Arduino_STM32-master_genericSTM32F103R\Release\core.a(dma_f1.c.o)
                0x080044f4                __irq_dma2_channel4_5
 .text.__irq_exti0
                0x08004540       0x20 C:\Users\Administrator\AppData\Local\Temp\VMBuilds\Solenoid_valve_may15\Arduino_STM32-master_genericSTM32F103R\Release\core.a(exti.c.o)
                0x08004540                __irq_exti0
 .text.__irq_exti1
                0x08004560       0x20 C:\Users\Administrator\AppData\Local\Temp\VMBuilds\Solenoid_valve_may15\Arduino_STM32-master_genericSTM32F103R\Release\core.a(exti.c.o)
                0x08004560                __irq_exti1
 .text.__irq_exti2
                0x08004580       0x20 C:\Users\Administrator\AppData\Local\Temp\VMBuilds\Solenoid_valve_may15\Arduino_STM32-master_genericSTM32F103R\Release\core.a(exti.c.o)
                0x08004580                __irq_exti2
 .text.__irq_exti3
                0x080045a0       0x20 C:\Users\Administrator\AppData\Local\Temp\VMBuilds\Solenoid_valve_may15\Arduino_STM32-master_genericSTM32F103R\Release\core.a(exti.c.o)
                0x080045a0                __irq_exti3
 .text.__irq_exti4
                0x080045c0       0x20 C:\Users\Administrator\AppData\Local\Temp\VMBuilds\Solenoid_valve_may15\Arduino_STM32-master_genericSTM32F103R\Release\core.a(exti.c.o)
                0x080045c0                __irq_exti4
 .text.__irq_exti9_5
                0x080045e0       0x48 C:\Users\Administrator\AppData\Local\Temp\VMBuilds\Solenoid_valve_may15\Arduino_STM32-master_genericSTM32F103R\Release\core.a(exti.c.o)
                0x080045e0                __irq_exti9_5
 .text.__irq_exti15_10
                0x08004628       0x48 C:\Users\Administrator\AppData\Local\Temp\VMBuilds\Solenoid_valve_may15\Arduino_STM32-master_genericSTM32F103R\Release\core.a(exti.c.o)
                0x08004628                __irq_exti15_10
 .text.flash_set_latency
                0x08004670       0x14 C:\Users\Administrator\AppData\Local\Temp\VMBuilds\Solenoid_valve_may15\Arduino_STM32-master_genericSTM32F103R\Release\core.a(flash.c.o)
                0x08004670                flash_set_latency
 .text.gpio_init_all
                0x08004684       0x30 C:\Users\Administrator\AppData\Local\Temp\VMBuilds\Solenoid_valve_may15\Arduino_STM32-master_genericSTM32F103R\Release\core.a(gpio_f1.c.o)
                0x08004684                gpio_init_all
 .text.gpio_set_mode
                0x080046b4       0x4e C:\Users\Administrator\AppData\Local\Temp\VMBuilds\Solenoid_valve_may15\Arduino_STM32-master_genericSTM32F103R\Release\core.a(gpio_f1.c.o)
                0x080046b4                gpio_set_mode
 .text.afio_init
                0x08004702       0x12 C:\Users\Administrator\AppData\Local\Temp\VMBuilds\Solenoid_valve_may15\Arduino_STM32-master_genericSTM32F103R\Release\core.a(gpio_f1.c.o)
                0x08004702                afio_init
 .text.__irq_i2c1_ev
                0x08004714        0xc C:\Users\Administrator\AppData\Local\Temp\VMBuilds\Solenoid_valve_may15\Arduino_STM32-master_genericSTM32F103R\Release\core.a(i2c_f1.c.o)
                0x08004714                __irq_i2c1_ev
 .text.__irq_i2c2_ev
                0x08004720        0xc C:\Users\Administrator\AppData\Local\Temp\VMBuilds\Solenoid_valve_may15\Arduino_STM32-master_genericSTM32F103R\Release\core.a(i2c_f1.c.o)
                0x08004720                __irq_i2c2_ev
 .text.__irq_i2c1_er
                0x0800472c        0xc C:\Users\Administrator\AppData\Local\Temp\VMBuilds\Solenoid_valve_may15\Arduino_STM32-master_genericSTM32F103R\Release\core.a(i2c_f1.c.o)
                0x0800472c                __irq_i2c1_er
 .text.__irq_i2c2_er
                0x08004738        0xc C:\Users\Administrator\AppData\Local\Temp\VMBuilds\Solenoid_valve_may15\Arduino_STM32-master_genericSTM32F103R\Release\core.a(i2c_f1.c.o)
                0x08004738                __irq_i2c2_er
 .text._i2c_irq_priority_fixup
                0x08004744       0x1c C:\Users\Administrator\AppData\Local\Temp\VMBuilds\Solenoid_valve_may15\Arduino_STM32-master_genericSTM32F103R\Release\core.a(i2c_f1.c.o)
                0x08004744                _i2c_irq_priority_fixup
 .text.nvic_irq_set_priority
                0x08004760       0x28 C:\Users\Administrator\AppData\Local\Temp\VMBuilds\Solenoid_valve_may15\Arduino_STM32-master_genericSTM32F103R\Release\core.a(nvic.c.o)
                0x08004760                nvic_irq_set_priority
 .text.nvic_init
                0x08004788       0x2c C:\Users\Administrator\AppData\Local\Temp\VMBuilds\Solenoid_valve_may15\Arduino_STM32-master_genericSTM32F103R\Release\core.a(nvic.c.o)
                0x08004788                nvic_init
 .text.nvic_sys_reset
                0x080047b4       0x1c C:\Users\Administrator\AppData\Local\Temp\VMBuilds\Solenoid_valve_may15\Arduino_STM32-master_genericSTM32F103R\Release\core.a(nvic.c.o)
                0x080047b4                nvic_sys_reset
 .text.rcc_dev_clk
                0x080047d0        0xc C:\Users\Administrator\AppData\Local\Temp\VMBuilds\Solenoid_valve_may15\Arduino_STM32-master_genericSTM32F103R\Release\core.a(rcc.c.o)
                0x080047d0                rcc_dev_clk
 .text.rcc_switch_sysclk
                0x080047dc       0x20 C:\Users\Administrator\AppData\Local\Temp\VMBuilds\Solenoid_valve_may15\Arduino_STM32-master_genericSTM32F103R\Release\core.a(rcc.c.o)
                0x080047dc                rcc_switch_sysclk
 .text.rcc_turn_on_clk
                0x080047fc       0x18 C:\Users\Administrator\AppData\Local\Temp\VMBuilds\Solenoid_valve_may15\Arduino_STM32-master_genericSTM32F103R\Release\core.a(rcc.c.o)
                0x080047fc                rcc_turn_on_clk
 .text.rcc_turn_off_clk
                0x08004814       0x1c C:\Users\Administrator\AppData\Local\Temp\VMBuilds\Solenoid_valve_may15\Arduino_STM32-master_genericSTM32F103R\Release\core.a(rcc.c.o)
                0x08004814                rcc_turn_off_clk
 .text.rcc_is_clk_ready
                0x08004830       0x18 C:\Users\Administrator\AppData\Local\Temp\VMBuilds\Solenoid_valve_may15\Arduino_STM32-master_genericSTM32F103R\Release\core.a(rcc.c.o)
                0x08004830                rcc_is_clk_ready
 .text.rcc_configure_pll
                0x08004848       0x1c C:\Users\Administrator\AppData\Local\Temp\VMBuilds\Solenoid_valve_may15\Arduino_STM32-master_genericSTM32F103R\Release\core.a(rcc_f1.c.o)
                0x08004848                rcc_configure_pll
 .text.rcc_clk_enable
                0x08004864       0x30 C:\Users\Administrator\AppData\Local\Temp\VMBuilds\Solenoid_valve_may15\Arduino_STM32-master_genericSTM32F103R\Release\core.a(rcc_f1.c.o)
                0x08004864                rcc_clk_enable
 .text.rcc_reset_dev
                0x08004894       0x34 C:\Users\Administrator\AppData\Local\Temp\VMBuilds\Solenoid_valve_may15\Arduino_STM32-master_genericSTM32F103R\Release\core.a(rcc_f1.c.o)
                0x08004894                rcc_reset_dev
 .text.rcc_set_prescaler
                0x080048c8       0x20 C:\Users\Administrator\AppData\Local\Temp\VMBuilds\Solenoid_valve_may15\Arduino_STM32-master_genericSTM32F103R\Release\core.a(rcc_f1.c.o)
                0x080048c8                rcc_set_prescaler
 .text.rcc_clk_disable
                0x080048e8       0x30 C:\Users\Administrator\AppData\Local\Temp\VMBuilds\Solenoid_valve_may15\Arduino_STM32-master_genericSTM32F103R\Release\core.a(rcc_f1.c.o)
                0x080048e8                rcc_clk_disable
 .text.systick_init
                0x08004918       0x10 C:\Users\Administrator\AppData\Local\Temp\VMBuilds\Solenoid_valve_may15\Arduino_STM32-master_genericSTM32F103R\Release\core.a(systick.c.o)
                0x08004918                systick_init
 .text.__exc_systick
                0x08004928       0x1c C:\Users\Administrator\AppData\Local\Temp\VMBuilds\Solenoid_valve_may15\Arduino_STM32-master_genericSTM32F103R\Release\core.a(systick.c.o)
                0x08004928                __exc_systick
 .text.timer_oc_set_mode
                0x08004944       0x32 C:\Users\Administrator\AppData\Local\Temp\VMBuilds\Solenoid_valve_may15\Arduino_STM32-master_genericSTM32F103R\Release\core.a(timer.c.o)
 .text.timer_cc_enable
                0x08004976       0x1c C:\Users\Administrator\AppData\Local\Temp\VMBuilds\Solenoid_valve_may15\Arduino_STM32-master_genericSTM32F103R\Release\core.a(timer.c.o)
 *fill*         0x08004992        0x2 
 .text.timer_foreach
                0x08004994       0x4c C:\Users\Administrator\AppData\Local\Temp\VMBuilds\Solenoid_valve_may15\Arduino_STM32-master_genericSTM32F103R\Release\core.a(timer.c.o)
                0x08004994                timer_foreach
 .text.timer_init
                0x080049e0       0x14 C:\Users\Administrator\AppData\Local\Temp\VMBuilds\Solenoid_valve_may15\Arduino_STM32-master_genericSTM32F103R\Release\core.a(timer.c.o)
                0x080049e0                timer_init
 .text.timer_has_cc_channel
                0x080049f4       0x30 C:\Users\Administrator\AppData\Local\Temp\VMBuilds\Solenoid_valve_may15\Arduino_STM32-master_genericSTM32F103R\Release\core.a(timer.c.o)
                0x080049f4                timer_has_cc_channel
 .text.timer_detach_interrupt
                0x08004a24       0x1e C:\Users\Administrator\AppData\Local\Temp\VMBuilds\Solenoid_valve_may15\Arduino_STM32-master_genericSTM32F103R\Release\core.a(timer.c.o)
                0x08004a24                timer_detach_interrupt
 .text.input_capture_mode
                0x08004a42       0x1a C:\Users\Administrator\AppData\Local\Temp\VMBuilds\Solenoid_valve_may15\Arduino_STM32-master_genericSTM32F103R\Release\core.a(timer.c.o)
                0x08004a42                input_capture_mode
 .text.timer_set_mode
                0x08004a5c       0x8e C:\Users\Administrator\AppData\Local\Temp\VMBuilds\Solenoid_valve_may15\Arduino_STM32-master_genericSTM32F103R\Release\core.a(timer.c.o)
                0x08004a5c                timer_set_mode
 *fill*         0x08004aea        0x2 
 .text.__irq_tim1_brk
                0x08004aec       0x24 C:\Users\Administrator\AppData\Local\Temp\VMBuilds\Solenoid_valve_may15\Arduino_STM32-master_genericSTM32F103R\Release\core.a(timer.c.o)
                0x08004aec                __irq_tim1_brk
 .text.__irq_tim1_up
                0x08004b10       0x24 C:\Users\Administrator\AppData\Local\Temp\VMBuilds\Solenoid_valve_may15\Arduino_STM32-master_genericSTM32F103R\Release\core.a(timer.c.o)
                0x08004b10                __irq_tim1_up
 .text.__irq_tim1_trg_com
                0x08004b34       0x38 C:\Users\Administrator\AppData\Local\Temp\VMBuilds\Solenoid_valve_may15\Arduino_STM32-master_genericSTM32F103R\Release\core.a(timer.c.o)
                0x08004b34                __irq_tim1_trg_com
 .text.__irq_tim1_cc
                0x08004b6c       0x54 C:\Users\Administrator\AppData\Local\Temp\VMBuilds\Solenoid_valve_may15\Arduino_STM32-master_genericSTM32F103R\Release\core.a(timer.c.o)
                0x08004b6c                __irq_tim1_cc
 .text.__irq_tim2
                0x08004bc0       0x70 C:\Users\Administrator\AppData\Local\Temp\VMBuilds\Solenoid_valve_may15\Arduino_STM32-master_genericSTM32F103R\Release\core.a(timer.c.o)
                0x08004bc0                __irq_tim2
 .text.__irq_tim3
                0x08004c30       0x70 C:\Users\Administrator\AppData\Local\Temp\VMBuilds\Solenoid_valve_may15\Arduino_STM32-master_genericSTM32F103R\Release\core.a(timer.c.o)
                0x08004c30                __irq_tim3
 .text.__irq_tim4
                0x08004ca0       0x70 C:\Users\Administrator\AppData\Local\Temp\VMBuilds\Solenoid_valve_may15\Arduino_STM32-master_genericSTM32F103R\Release\core.a(timer.c.o)
                0x08004ca0                __irq_tim4
 .text.__irq_tim5
                0x08004d10       0x70 C:\Users\Administrator\AppData\Local\Temp\VMBuilds\Solenoid_valve_may15\Arduino_STM32-master_genericSTM32F103R\Release\core.a(timer.c.o)
                0x08004d10                __irq_tim5
 .text.__irq_tim6
                0x08004d80       0x24 C:\Users\Administrator\AppData\Local\Temp\VMBuilds\Solenoid_valve_may15\Arduino_STM32-master_genericSTM32F103R\Release\core.a(timer.c.o)
                0x08004d80                __irq_tim6
 .text.__irq_tim7
                0x08004da4       0x24 C:\Users\Administrator\AppData\Local\Temp\VMBuilds\Solenoid_valve_may15\Arduino_STM32-master_genericSTM32F103R\Release\core.a(timer.c.o)
                0x08004da4                __irq_tim7
 .text.__irq_tim8_brk
                0x08004dc8       0x24 C:\Users\Administrator\AppData\Local\Temp\VMBuilds\Solenoid_valve_may15\Arduino_STM32-master_genericSTM32F103R\Release\core.a(timer.c.o)
                0x08004dc8                __irq_tim8_brk
 .text.__irq_tim8_up
                0x08004dec       0x24 C:\Users\Administrator\AppData\Local\Temp\VMBuilds\Solenoid_valve_may15\Arduino_STM32-master_genericSTM32F103R\Release\core.a(timer.c.o)
                0x08004dec                __irq_tim8_up
 .text.__irq_tim8_trg_com
                0x08004e10       0x38 C:\Users\Administrator\AppData\Local\Temp\VMBuilds\Solenoid_valve_may15\Arduino_STM32-master_genericSTM32F103R\Release\core.a(timer.c.o)
                0x08004e10                __irq_tim8_trg_com
 .text.__irq_tim8_cc
                0x08004e48       0x54 C:\Users\Administrator\AppData\Local\Temp\VMBuilds\Solenoid_valve_may15\Arduino_STM32-master_genericSTM32F103R\Release\core.a(timer.c.o)
                0x08004e48                __irq_tim8_cc
 .text.rb_remove
                0x08004e9c       0x22 C:\Users\Administrator\AppData\Local\Temp\VMBuilds\Solenoid_valve_may15\Arduino_STM32-master_genericSTM32F103R\Release\core.a(usart_f1.c.o)
 .text.rb_push_insert
                0x08004ebe       0x4a C:\Users\Administrator\AppData\Local\Temp\VMBuilds\Solenoid_valve_may15\Arduino_STM32-master_genericSTM32F103R\Release\core.a(usart_f1.c.o)
 .text.usart_config_gpios_async
                0x08004f08       0x4a C:\Users\Administrator\AppData\Local\Temp\VMBuilds\Solenoid_valve_may15\Arduino_STM32-master_genericSTM32F103R\Release\core.a(usart_f1.c.o)
                0x08004f08                usart_config_gpios_async
 .text.usart_set_baud_rate
                0x08004f52       0x3a C:\Users\Administrator\AppData\Local\Temp\VMBuilds\Solenoid_valve_may15\Arduino_STM32-master_genericSTM32F103R\Release\core.a(usart_f1.c.o)
                0x08004f52                usart_set_baud_rate
 .text.__irq_usart1
                0x08004f8c       0x50 C:\Users\Administrator\AppData\Local\Temp\VMBuilds\Solenoid_valve_may15\Arduino_STM32-master_genericSTM32F103R\Release\core.a(usart_f1.c.o)
                0x08004f8c                __irq_usart1
 .text.__irq_usart2
                0x08004fdc       0x50 C:\Users\Administrator\AppData\Local\Temp\VMBuilds\Solenoid_valve_may15\Arduino_STM32-master_genericSTM32F103R\Release\core.a(usart_f1.c.o)
                0x08004fdc                __irq_usart2
 .text.__irq_usart3
                0x0800502c       0x50 C:\Users\Administrator\AppData\Local\Temp\VMBuilds\Solenoid_valve_may15\Arduino_STM32-master_genericSTM32F103R\Release\core.a(usart_f1.c.o)
                0x0800502c                __irq_usart3
 .text.__irq_uart4
                0x0800507c       0x50 C:\Users\Administrator\AppData\Local\Temp\VMBuilds\Solenoid_valve_may15\Arduino_STM32-master_genericSTM32F103R\Release\core.a(usart_f1.c.o)
                0x0800507c                __irq_uart4
 .text.__irq_uart5
                0x080050cc       0x50 C:\Users\Administrator\AppData\Local\Temp\VMBuilds\Solenoid_valve_may15\Arduino_STM32-master_genericSTM32F103R\Release\core.a(usart_f1.c.o)
                0x080050cc                __irq_uart5
 .text._usart_clock_freq
                0x0800511c       0x24 C:\Users\Administrator\AppData\Local\Temp\VMBuilds\Solenoid_valve_may15\Arduino_STM32-master_genericSTM32F103R\Release\core.a(usart_private.c.o)
                0x0800511c                _usart_clock_freq
 .text.throb    0x08005140       0x54 C:\Users\Administrator\AppData\Local\Temp\VMBuilds\Solenoid_valve_may15\Arduino_STM32-master_genericSTM32F103R\Release\core.a(util.c.o)
                0x08005140                throb
 .text.__error  0x08005194       0x14 C:\Users\Administrator\AppData\Local\Temp\VMBuilds\Solenoid_valve_may15\Arduino_STM32-master_genericSTM32F103R\Release\core.a(util.c.o)
                0x08005194                __error
 .text.set_rx_tx_status0
                0x080051a8       0x30 C:\Users\Administrator\AppData\Local\Temp\VMBuilds\Solenoid_valve_may15\Arduino_STM32-master_genericSTM32F103R\Release\core.a(usb.c.o)
 .text.usb_resume
                0x080051d8       0xb0 C:\Users\Administrator\AppData\Local\Temp\VMBuilds\Solenoid_valve_may15\Arduino_STM32-master_genericSTM32F103R\Release\core.a(usb.c.o)
 .text.usb_init_usblib
                0x08005288       0x48 C:\Users\Administrator\AppData\Local\Temp\VMBuilds\Solenoid_valve_may15\Arduino_STM32-master_genericSTM32F103R\Release\core.a(usb.c.o)
                0x08005288                usb_init_usblib
 .text.__irq_usb_lp_can_rx0
                0x080052d0      0x18c C:\Users\Administrator\AppData\Local\Temp\VMBuilds\Solenoid_valve_may15\Arduino_STM32-master_genericSTM32F103R\Release\core.a(usb.c.o)
                0x080052d0                __irq_usb_lp_can_rx0
 .text.usb_set_ep_rx_stat
                0x0800545c       0x22 C:\Users\Administrator\AppData\Local\Temp\VMBuilds\Solenoid_valve_may15\Arduino_STM32-master_genericSTM32F103R\Release\core.a(usb_cdcacm.c.o)
 *fill*         0x0800547e        0x2 
 .text.vcomGetSetLineCoding
                0x08005480       0x18 C:\Users\Administrator\AppData\Local\Temp\VMBuilds\Solenoid_valve_may15\Arduino_STM32-master_genericSTM32F103R\Release\core.a(usb_cdcacm.c.o)
 .text.usbInit  0x08005498       0x44 C:\Users\Administrator\AppData\Local\Temp\VMBuilds\Solenoid_valve_may15\Arduino_STM32-master_genericSTM32F103R\Release\core.a(usb_cdcacm.c.o)
 .text.usbNoDataSetup
                0x080054dc       0x50 C:\Users\Administrator\AppData\Local\Temp\VMBuilds\Solenoid_valve_may15\Arduino_STM32-master_genericSTM32F103R\Release\core.a(usb_cdcacm.c.o)
 .text.usbGetInterfaceSetting
                0x0800552c       0x10 C:\Users\Administrator\AppData\Local\Temp\VMBuilds\Solenoid_valve_may15\Arduino_STM32-master_genericSTM32F103R\Release\core.a(usb_cdcacm.c.o)
 .text.usbSetConfiguration
                0x0800553c       0x1c C:\Users\Administrator\AppData\Local\Temp\VMBuilds\Solenoid_valve_may15\Arduino_STM32-master_genericSTM32F103R\Release\core.a(usb_cdcacm.c.o)
 .text.usbSetDeviceAddress
                0x08005558       0x10 C:\Users\Administrator\AppData\Local\Temp\VMBuilds\Solenoid_valve_may15\Arduino_STM32-master_genericSTM32F103R\Release\core.a(usb_cdcacm.c.o)
 .text.usbGetStringDescriptor
                0x08005568       0x20 C:\Users\Administrator\AppData\Local\Temp\VMBuilds\Solenoid_valve_may15\Arduino_STM32-master_genericSTM32F103R\Release\core.a(usb_cdcacm.c.o)
 .text.usbGetConfigDescriptor
                0x08005588        0xc C:\Users\Administrator\AppData\Local\Temp\VMBuilds\Solenoid_valve_may15\Arduino_STM32-master_genericSTM32F103R\Release\core.a(usb_cdcacm.c.o)
 .text.usbGetDeviceDescriptor
                0x08005594        0xc C:\Users\Administrator\AppData\Local\Temp\VMBuilds\Solenoid_valve_may15\Arduino_STM32-master_genericSTM32F103R\Release\core.a(usb_cdcacm.c.o)
 .text.usbDataSetup
                0x080055a0       0x54 C:\Users\Administrator\AppData\Local\Temp\VMBuilds\Solenoid_valve_may15\Arduino_STM32-master_genericSTM32F103R\Release\core.a(usb_cdcacm.c.o)
 .text.vcomDataRxCb
                0x080055f4       0x8c C:\Users\Administrator\AppData\Local\Temp\VMBuilds\Solenoid_valve_may15\Arduino_STM32-master_genericSTM32F103R\Release\core.a(usb_cdcacm.c.o)
 .text.vcomDataTxCb
                0x08005680       0xa0 C:\Users\Administrator\AppData\Local\Temp\VMBuilds\Solenoid_valve_may15\Arduino_STM32-master_genericSTM32F103R\Release\core.a(usb_cdcacm.c.o)
 .text.usb_cdcacm_tx.part.2
                0x08005720       0x54 C:\Users\Administrator\AppData\Local\Temp\VMBuilds\Solenoid_valve_may15\Arduino_STM32-master_genericSTM32F103R\Release\core.a(usb_cdcacm.c.o)
 .text.usbReset
                0x08005774      0x15c C:\Users\Administrator\AppData\Local\Temp\VMBuilds\Solenoid_valve_may15\Arduino_STM32-master_genericSTM32F103R\Release\core.a(usb_cdcacm.c.o)
 .text.usb_cdcacm_set_hooks
                0x080058d0       0x1c C:\Users\Administrator\AppData\Local\Temp\VMBuilds\Solenoid_valve_may15\Arduino_STM32-master_genericSTM32F103R\Release\core.a(usb_cdcacm.c.o)
                0x080058d0                usb_cdcacm_set_hooks
 .text.usb_cdcacm_enable
                0x080058ec       0x34 C:\Users\Administrator\AppData\Local\Temp\VMBuilds\Solenoid_valve_may15\Arduino_STM32-master_genericSTM32F103R\Release\core.a(usb_cdcacm.c.o)
                0x080058ec                usb_cdcacm_enable
 .text.usb_cdcacm_tx
                0x08005920        0xa C:\Users\Administrator\AppData\Local\Temp\VMBuilds\Solenoid_valve_may15\Arduino_STM32-master_genericSTM32F103R\Release\core.a(usb_cdcacm.c.o)
                0x08005920                usb_cdcacm_tx
 *fill*         0x0800592a        0x2 
 .text.usb_cdcacm_data_available
                0x0800592c       0x18 C:\Users\Administrator\AppData\Local\Temp\VMBuilds\Solenoid_valve_may15\Arduino_STM32-master_genericSTM32F103R\Release\core.a(usb_cdcacm.c.o)
                0x0800592c                usb_cdcacm_data_available
 .text.usb_cdcacm_peek
                0x08005944       0x38 C:\Users\Administrator\AppData\Local\Temp\VMBuilds\Solenoid_valve_may15\Arduino_STM32-master_genericSTM32F103R\Release\core.a(usb_cdcacm.c.o)
                0x08005944                usb_cdcacm_peek
 .text.usb_cdcacm_rx
                0x0800597c       0x34 C:\Users\Administrator\AppData\Local\Temp\VMBuilds\Solenoid_valve_may15\Arduino_STM32-master_genericSTM32F103R\Release\core.a(usb_cdcacm.c.o)
                0x0800597c                usb_cdcacm_rx
 .text.usb_cdcacm_peek_ex
                0x080059b0       0x40 C:\Users\Administrator\AppData\Local\Temp\VMBuilds\Solenoid_valve_may15\Arduino_STM32-master_genericSTM32F103R\Release\core.a(usb_cdcacm.c.o)
                0x080059b0                usb_cdcacm_peek_ex
 .text.usb_cdcacm_get_dtr
                0x080059f0       0x10 C:\Users\Administrator\AppData\Local\Temp\VMBuilds\Solenoid_valve_may15\Arduino_STM32-master_genericSTM32F103R\Release\core.a(usb_cdcacm.c.o)
                0x080059f0                usb_cdcacm_get_dtr
 .text.usb_set_ep_rx_count
                0x08005a00       0x40 C:\Users\Administrator\AppData\Local\Temp\VMBuilds\Solenoid_valve_may15\Arduino_STM32-master_genericSTM32F103R\Release\core.a(usb_reg_map.c.o)
                0x08005a00                usb_set_ep_rx_count
 .text.Standard_GetConfiguration
                0x08005a40       0x24 C:\Users\Administrator\AppData\Local\Temp\VMBuilds\Solenoid_valve_may15\Arduino_STM32-master_genericSTM32F103R\Release\core.a(usb_core.c.o)
                0x08005a40                Standard_GetConfiguration
 .text.Standard_GetInterface
                0x08005a64       0x24 C:\Users\Administrator\AppData\Local\Temp\VMBuilds\Solenoid_valve_may15\Arduino_STM32-master_genericSTM32F103R\Release\core.a(usb_core.c.o)
                0x08005a64                Standard_GetInterface
 .text.Standard_GetStatus
                0x08005a88       0x88 C:\Users\Administrator\AppData\Local\Temp\VMBuilds\Solenoid_valve_may15\Arduino_STM32-master_genericSTM32F103R\Release\core.a(usb_core.c.o)
                0x08005a88                Standard_GetStatus
 .text.DataStageIn
                0x08005b10       0xac C:\Users\Administrator\AppData\Local\Temp\VMBuilds\Solenoid_valve_may15\Arduino_STM32-master_genericSTM32F103R\Release\core.a(usb_core.c.o)
 .text.Standard_SetConfiguration
                0x08005bbc       0x38 C:\Users\Administrator\AppData\Local\Temp\VMBuilds\Solenoid_valve_may15\Arduino_STM32-master_genericSTM32F103R\Release\core.a(usb_core.c.o)
                0x08005bbc                Standard_SetConfiguration
 .text.Standard_SetInterface
                0x08005bf4       0x4c C:\Users\Administrator\AppData\Local\Temp\VMBuilds\Solenoid_valve_may15\Arduino_STM32-master_genericSTM32F103R\Release\core.a(usb_core.c.o)
                0x08005bf4                Standard_SetInterface
 .text.Standard_ClearFeature
                0x08005c40       0xc4 C:\Users\Administrator\AppData\Local\Temp\VMBuilds\Solenoid_valve_may15\Arduino_STM32-master_genericSTM32F103R\Release\core.a(usb_core.c.o)
                0x08005c40                Standard_ClearFeature
 .text.Standard_SetEndPointFeature
                0x08005d04       0x7c C:\Users\Administrator\AppData\Local\Temp\VMBuilds\Solenoid_valve_may15\Arduino_STM32-master_genericSTM32F103R\Release\core.a(usb_core.c.o)
                0x08005d04                Standard_SetEndPointFeature
 .text.Standard_SetDeviceFeature
                0x08005d80       0x24 C:\Users\Administrator\AppData\Local\Temp\VMBuilds\Solenoid_valve_may15\Arduino_STM32-master_genericSTM32F103R\Release\core.a(usb_core.c.o)
                0x08005d80                Standard_SetDeviceFeature
 .text.Standard_GetDescriptorData
                0x08005da4       0x1c C:\Users\Administrator\AppData\Local\Temp\VMBuilds\Solenoid_valve_may15\Arduino_STM32-master_genericSTM32F103R\Release\core.a(usb_core.c.o)
                0x08005da4                Standard_GetDescriptorData
 .text.Post0_Process
                0x08005dc0       0x40 C:\Users\Administrator\AppData\Local\Temp\VMBuilds\Solenoid_valve_may15\Arduino_STM32-master_genericSTM32F103R\Release\core.a(usb_core.c.o)
                0x08005dc0                Post0_Process
 .text.Setup0_Process
                0x08005e00      0x2b8 C:\Users\Administrator\AppData\Local\Temp\VMBuilds\Solenoid_valve_may15\Arduino_STM32-master_genericSTM32F103R\Release\core.a(usb_core.c.o)
                0x08005e00                Setup0_Process
 .text.Out0_Process
                0x080060b8       0xc0 C:\Users\Administrator\AppData\Local\Temp\VMBuilds\Solenoid_valve_may15\Arduino_STM32-master_genericSTM32F103R\Release\core.a(usb_core.c.o)
                0x080060b8                Out0_Process
 .text.SetDeviceAddress
                0x08006178       0x38 C:\Users\Administrator\AppData\Local\Temp\VMBuilds\Solenoid_valve_may15\Arduino_STM32-master_genericSTM32F103R\Release\core.a(usb_core.c.o)
                0x08006178                SetDeviceAddress
 .text.In0_Process
                0x080061b0       0x5c C:\Users\Administrator\AppData\Local\Temp\VMBuilds\Solenoid_valve_may15\Arduino_STM32-master_genericSTM32F103R\Release\core.a(usb_core.c.o)
                0x080061b0                In0_Process
 .text.NOP_Process
                0x0800620c        0x2 C:\Users\Administrator\AppData\Local\Temp\VMBuilds\Solenoid_valve_may15\Arduino_STM32-master_genericSTM32F103R\Release\core.a(usb_core.c.o)
                0x0800620c                NOP_Process
 .text.UserToPMABufferCopy
                0x0800620e       0x1e C:\Users\Administrator\AppData\Local\Temp\VMBuilds\Solenoid_valve_may15\Arduino_STM32-master_genericSTM32F103R\Release\core.a(usb_mem.c.o)
                0x0800620e                UserToPMABufferCopy
 .text.PMAToUserBufferCopy
                0x0800622c       0x24 C:\Users\Administrator\AppData\Local\Temp\VMBuilds\Solenoid_valve_may15\Arduino_STM32-master_genericSTM32F103R\Release\core.a(usb_mem.c.o)
                0x0800622c                PMAToUserBufferCopy
 .text.SetEPTxStatus
                0x08006250       0x2a C:\Users\Administrator\AppData\Local\Temp\VMBuilds\Solenoid_valve_may15\Arduino_STM32-master_genericSTM32F103R\Release\core.a(usb_regs.c.o)
                0x08006250                SetEPTxStatus
 .text.ClearDTOG_RX
                0x0800627a       0x26 C:\Users\Administrator\AppData\Local\Temp\VMBuilds\Solenoid_valve_may15\Arduino_STM32-master_genericSTM32F103R\Release\core.a(usb_regs.c.o)
                0x0800627a                ClearDTOG_RX
 .text.ClearDTOG_TX
                0x080062a0       0x26 C:\Users\Administrator\AppData\Local\Temp\VMBuilds\Solenoid_valve_may15\Arduino_STM32-master_genericSTM32F103R\Release\core.a(usb_regs.c.o)
                0x080062a0                ClearDTOG_TX
 *fill*         0x080062c6        0x2 
 .text.GetEPTxAddr
                0x080062c8       0x1c C:\Users\Administrator\AppData\Local\Temp\VMBuilds\Solenoid_valve_may15\Arduino_STM32-master_genericSTM32F103R\Release\core.a(usb_regs.c.o)
                0x080062c8                GetEPTxAddr
 .text.GetEPRxAddr
                0x080062e4       0x1c C:\Users\Administrator\AppData\Local\Temp\VMBuilds\Solenoid_valve_may15\Arduino_STM32-master_genericSTM32F103R\Release\core.a(usb_regs.c.o)
                0x080062e4                GetEPRxAddr
 .text.SetEPTxCount
                0x08006300       0x1c C:\Users\Administrator\AppData\Local\Temp\VMBuilds\Solenoid_valve_may15\Arduino_STM32-master_genericSTM32F103R\Release\core.a(usb_regs.c.o)
                0x08006300                SetEPTxCount
 .text.SetEPRxCount
                0x0800631c       0x40 C:\Users\Administrator\AppData\Local\Temp\VMBuilds\Solenoid_valve_may15\Arduino_STM32-master_genericSTM32F103R\Release\core.a(usb_regs.c.o)
                0x0800631c                SetEPRxCount
 .text.rb_full_count
                0x0800635c       0x18 C:\Users\Administrator\AppData\Local\Temp\VMBuilds\Solenoid_valve_may15\Arduino_STM32-master_genericSTM32F103R\Release\core.a(HardwareSerial.cpp.o)
 .text._ZN14HardwareSerial4readEv
                0x08006374       0x38 C:\Users\Administrator\AppData\Local\Temp\VMBuilds\Solenoid_valve_may15\Arduino_STM32-master_genericSTM32F103R\Release\core.a(HardwareSerial.cpp.o)
                0x08006374                HardwareSerial::read()
 .text._ZN14HardwareSerial9availableEv
                0x080063ac        0xc C:\Users\Administrator\AppData\Local\Temp\VMBuilds\Solenoid_valve_may15\Arduino_STM32-master_genericSTM32F103R\Release\core.a(HardwareSerial.cpp.o)
                0x080063ac                HardwareSerial::available()
 .text._ZN14HardwareSerial4peekEv
                0x080063b8       0x20 C:\Users\Administrator\AppData\Local\Temp\VMBuilds\Solenoid_valve_may15\Arduino_STM32-master_genericSTM32F103R\Release\core.a(HardwareSerial.cpp.o)
                0x080063b8                HardwareSerial::peek()
 .text._ZN14HardwareSerial5flushEv
                0x080063d8       0x18 C:\Users\Administrator\AppData\Local\Temp\VMBuilds\Solenoid_valve_may15\Arduino_STM32-master_genericSTM32F103R\Release\core.a(HardwareSerial.cpp.o)
                0x080063d8                HardwareSerial::flush()
 .text._ZN14HardwareSerial5writeEh
                0x080063f0       0x1e C:\Users\Administrator\AppData\Local\Temp\VMBuilds\Solenoid_valve_may15\Arduino_STM32-master_genericSTM32F103R\Release\core.a(HardwareSerial.cpp.o)
                0x080063f0                HardwareSerial::write(unsigned char)
 *fill*         0x0800640e        0x2 
 .text._ZN14HardwareSerialC2EP9usart_devhh
                0x08006410       0x20 C:\Users\Administrator\AppData\Local\Temp\VMBuilds\Solenoid_valve_may15\Arduino_STM32-master_genericSTM32F103R\Release\core.a(HardwareSerial.cpp.o)
                0x08006410                HardwareSerial::HardwareSerial(usart_dev*, unsigned char, unsigned char)
                0x08006410                HardwareSerial::HardwareSerial(usart_dev*, unsigned char, unsigned char)
 .text._ZN14HardwareSerial5beginEmh
                0x08006430       0x68 C:\Users\Administrator\AppData\Local\Temp\VMBuilds\Solenoid_valve_may15\Arduino_STM32-master_genericSTM32F103R\Release\core.a(HardwareSerial.cpp.o)
                0x08006430                HardwareSerial::begin(unsigned long, unsigned char)
 .text._ZN14HardwareSerial5beginEm
                0x08006498        0x6 C:\Users\Administrator\AppData\Local\Temp\VMBuilds\Solenoid_valve_may15\Arduino_STM32-master_genericSTM32F103R\Release\core.a(HardwareSerial.cpp.o)
                0x08006498                HardwareSerial::begin(unsigned long)
 .text.startup._Z7premainv
                0x0800649e        0x4 C:\Users\Administrator\AppData\Local\Temp\VMBuilds\Solenoid_valve_may15\Arduino_STM32-master_genericSTM32F103R\Release\core.a(main.cpp.o)
                0x0800649e                premain()
 .text.startup.main
                0x080064a2        0xc C:\Users\Administrator\AppData\Local\Temp\VMBuilds\Solenoid_valve_may15\Arduino_STM32-master_genericSTM32F103R\Release\core.a(main.cpp.o)
                0x080064a2                main
 .text._ZN5Print5writeEPKvm
                0x080064ae       0x20 C:\Users\Administrator\AppData\Local\Temp\VMBuilds\Solenoid_valve_may15\Arduino_STM32-master_genericSTM32F103R\Release\core.a(Print.cpp.o)
                0x080064ae                Print::write(void const*, unsigned long)
 .text._ZN5Print5writeEPKc
                0x080064ce       0x20 C:\Users\Administrator\AppData\Local\Temp\VMBuilds\Solenoid_valve_may15\Arduino_STM32-master_genericSTM32F103R\Release\core.a(Print.cpp.o)
                0x080064ce                Print::write(char const*)
 .text._ZN5Print5printEc
                0x080064ee        0x6 C:\Users\Administrator\AppData\Local\Temp\VMBuilds\Solenoid_valve_may15\Arduino_STM32-master_genericSTM32F103R\Release\core.a(Print.cpp.o)
                0x080064ee                Print::print(char)
 .text._ZN5Print5printEPKc
                0x080064f4        0x6 C:\Users\Administrator\AppData\Local\Temp\VMBuilds\Solenoid_valve_may15\Arduino_STM32-master_genericSTM32F103R\Release\core.a(Print.cpp.o)
                0x080064f4                Print::print(char const*)
 .text._ZN5Print7printlnEv
                0x080064fa       0x18 C:\Users\Administrator\AppData\Local\Temp\VMBuilds\Solenoid_valve_may15\Arduino_STM32-master_genericSTM32F103R\Release\core.a(Print.cpp.o)
                0x080064fa                Print::println()
 .text._ZN5Print7printlnEPKc
                0x08006512       0x14 C:\Users\Administrator\AppData\Local\Temp\VMBuilds\Solenoid_valve_may15\Arduino_STM32-master_genericSTM32F103R\Release\core.a(Print.cpp.o)
                0x08006512                Print::println(char const*)
 .text._ZN5Print11printNumberEyh
                0x08006526       0x6c C:\Users\Administrator\AppData\Local\Temp\VMBuilds\Solenoid_valve_may15\Arduino_STM32-master_genericSTM32F103R\Release\core.a(Print.cpp.o)
                0x08006526                Print::printNumber(unsigned long long, unsigned char)
 .text._ZN5Print5printExi
                0x08006592       0x32 C:\Users\Administrator\AppData\Local\Temp\VMBuilds\Solenoid_valve_may15\Arduino_STM32-master_genericSTM32F103R\Release\core.a(Print.cpp.o)
                0x08006592                Print::print(long long, int)
 .text._ZN5Print5printEii
                0x080065c4       0x12 C:\Users\Administrator\AppData\Local\Temp\VMBuilds\Solenoid_valve_may15\Arduino_STM32-master_genericSTM32F103R\Release\core.a(Print.cpp.o)
                0x080065c4                Print::print(int, int)
 .text._ZN5Print7printlnEii
                0x080065d6       0x14 C:\Users\Administrator\AppData\Local\Temp\VMBuilds\Solenoid_valve_may15\Arduino_STM32-master_genericSTM32F103R\Release\core.a(Print.cpp.o)
                0x080065d6                Print::println(int, int)
 .text._ZN5Print5printEhi
                0x080065ea       0x14 C:\Users\Administrator\AppData\Local\Temp\VMBuilds\Solenoid_valve_may15\Arduino_STM32-master_genericSTM32F103R\Release\core.a(Print.cpp.o)
                0x080065ea                Print::print(unsigned char, int)
 .text._ZN5Print7printlnEhi
                0x080065fe       0x14 C:\Users\Administrator\AppData\Local\Temp\VMBuilds\Solenoid_valve_may15\Arduino_STM32-master_genericSTM32F103R\Release\core.a(Print.cpp.o)
                0x080065fe                Print::println(unsigned char, int)
 .text._ZN5Print7printlnEmi
                0x08006612       0x1e C:\Users\Administrator\AppData\Local\Temp\VMBuilds\Solenoid_valve_may15\Arduino_STM32-master_genericSTM32F103R\Release\core.a(Print.cpp.o)
                0x08006612                Print::println(unsigned long, int)
 .text._ZN5Print10printFloatEdh
                0x08006630      0x160 C:\Users\Administrator\AppData\Local\Temp\VMBuilds\Solenoid_valve_may15\Arduino_STM32-master_genericSTM32F103R\Release\core.a(Print.cpp.o)
                0x08006630                Print::printFloat(double, unsigned char)
 .text._ZN5Print5printEdi
                0x08006790        0xa C:\Users\Administrator\AppData\Local\Temp\VMBuilds\Solenoid_valve_may15\Arduino_STM32-master_genericSTM32F103R\Release\core.a(Print.cpp.o)
                0x08006790                Print::print(double, int)
 .text._ZN5Print7printlnEdi
                0x0800679a       0x1c C:\Users\Administrator\AppData\Local\Temp\VMBuilds\Solenoid_valve_may15\Arduino_STM32-master_genericSTM32F103R\Release\core.a(Print.cpp.o)
                0x0800679a                Print::println(double, int)
 .text._ZN9USBSerial9availableEv
                0x080067b6        0x4 C:\Users\Administrator\AppData\Local\Temp\VMBuilds\Solenoid_valve_may15\Arduino_STM32-master_genericSTM32F103R\Release\core.a(usb_serial.cpp.o)
                0x080067b6                USBSerial::available()
 .text._ZN9USBSerial4peekEv
                0x080067ba       0x1e C:\Users\Administrator\AppData\Local\Temp\VMBuilds\Solenoid_valve_may15\Arduino_STM32-master_genericSTM32F103R\Release\core.a(usb_serial.cpp.o)
                0x080067ba                USBSerial::peek()
 .text._ZN9USBSerial4readEv
                0x080067d8       0x1e C:\Users\Administrator\AppData\Local\Temp\VMBuilds\Solenoid_valve_may15\Arduino_STM32-master_genericSTM32F103R\Release\core.a(usb_serial.cpp.o)
                0x080067d8                USBSerial::read()
 *fill*         0x080067f6        0x2 
 .text._ZL14ifaceSetupHookjPv
                0x080067f8       0x38 C:\Users\Administrator\AppData\Local\Temp\VMBuilds\Solenoid_valve_may15\Arduino_STM32-master_genericSTM32F103R\Release\core.a(usb_serial.cpp.o)
 .text._ZL6rxHookjPv
                0x08006830       0xa0 C:\Users\Administrator\AppData\Local\Temp\VMBuilds\Solenoid_valve_may15\Arduino_STM32-master_genericSTM32F103R\Release\core.a(usb_serial.cpp.o)
 .text._ZL10wait_resetv
                0x080068d0       0x10 C:\Users\Administrator\AppData\Local\Temp\VMBuilds\Solenoid_valve_may15\Arduino_STM32-master_genericSTM32F103R\Release\core.a(usb_serial.cpp.o)
 .text._ZN9USBSerial5beginEv
                0x080068e0       0x3c C:\Users\Administrator\AppData\Local\Temp\VMBuilds\Solenoid_valve_may15\Arduino_STM32-master_genericSTM32F103R\Release\core.a(usb_serial.cpp.o)
                0x080068e0                USBSerial::begin()
 .text._ZN9USBSerial5beginEm
                0x0800691c        0xc C:\Users\Administrator\AppData\Local\Temp\VMBuilds\Solenoid_valve_may15\Arduino_STM32-master_genericSTM32F103R\Release\core.a(usb_serial.cpp.o)
                0x0800691c                USBSerial::begin(unsigned long)
 .text._ZN9USBSerial5writeEPKhm
                0x08006928       0x44 C:\Users\Administrator\AppData\Local\Temp\VMBuilds\Solenoid_valve_may15\Arduino_STM32-master_genericSTM32F103R\Release\core.a(usb_serial.cpp.o)
                0x08006928                USBSerial::write(unsigned char const*, unsigned long)
 .text._ZN9USBSerial5writeEh
                0x0800696c       0x16 C:\Users\Administrator\AppData\Local\Temp\VMBuilds\Solenoid_valve_may15\Arduino_STM32-master_genericSTM32F103R\Release\core.a(usb_serial.cpp.o)
                0x0800696c                USBSerial::write(unsigned char)
 .text._ZN9USBSerial5writeEPKc
                0x08006982       0x1a C:\Users\Administrator\AppData\Local\Temp\VMBuilds\Solenoid_valve_may15\Arduino_STM32-master_genericSTM32F103R\Release\core.a(usb_serial.cpp.o)
                0x08006982                USBSerial::write(char const*)
 .text._ZN9USBSerial4readEPhm
                0x0800699c       0x1c C:\Users\Administrator\AppData\Local\Temp\VMBuilds\Solenoid_valve_may15\Arduino_STM32-master_genericSTM32F103R\Release\core.a(usb_serial.cpp.o)
                0x0800699c                USBSerial::read(unsigned char*, unsigned long)
 .text._ZN9USBSerial5flushEv
                0x080069b8       0x1c C:\Users\Administrator\AppData\Local\Temp\VMBuilds\Solenoid_valve_may15\Arduino_STM32-master_genericSTM32F103R\Release\core.a(usb_serial.cpp.o)
                0x080069b8                USBSerial::flush()
 .text.startup._GLOBAL__sub_I__ZN9USBSerial9_hasBegunE
                0x080069d4       0x1c C:\Users\Administrator\AppData\Local\Temp\VMBuilds\Solenoid_valve_may15\Arduino_STM32-master_genericSTM32F103R\Release\core.a(usb_serial.cpp.o)
 .text._Z10analogReadh
                0x080069f0       0x18 C:\Users\Administrator\AppData\Local\Temp\VMBuilds\Solenoid_valve_may15\Arduino_STM32-master_genericSTM32F103R\Release\core.a(wirish_analog.cpp.o)
                0x080069f0                analogRead(unsigned char)
 .text._Z11digitalReadh
                0x08006a08       0x28 C:\Users\Administrator\AppData\Local\Temp\VMBuilds\Solenoid_valve_may15\Arduino_STM32-master_genericSTM32F103R\Release\core.a(wirish_digital.cpp.o)
                0x08006a08                digitalRead(unsigned char)
 .text._Z12digitalWritehh
                0x08006a30       0x2c C:\Users\Administrator\AppData\Local\Temp\VMBuilds\Solenoid_valve_may15\Arduino_STM32-master_genericSTM32F103R\Release\core.a(wirish_digital.cpp.o)
                0x08006a30                digitalWrite(unsigned char, unsigned char)
 .text._ZL6microsv
                0x08006a5c       0x34 C:\Users\Administrator\AppData\Local\Temp\VMBuilds\Solenoid_valve_may15\Arduino_STM32-master_genericSTM32F103R\Release\core.a(wirish_time.cpp.o)
 .text._Z5delaym
                0x08006a90       0x26 C:\Users\Administrator\AppData\Local\Temp\VMBuilds\Solenoid_valve_may15\Arduino_STM32-master_genericSTM32F103R\Release\core.a(wirish_time.cpp.o)
                0x08006a90                delay(unsigned long)
 *fill*         0x08006ab6        0x2 
 .text._Z7pinModeh13WiringPinMode
                0x08006ab8       0x84 C:\Users\Administrator\AppData\Local\Temp\VMBuilds\Solenoid_valve_may15\Arduino_STM32-master_genericSTM32F103R\Release\core.a(wirish_digital_f1.cpp.o)
                0x08006ab8                pinMode(unsigned char, WiringPinMode)
 .text.__empty  0x08006b3c        0x2 C:\Users\Administrator\AppData\Local\Temp\VMBuilds\Solenoid_valve_may15\Arduino_STM32-master_genericSTM32F103R\Release\core.a(hooks.c.o)
                0x08006b3c                yield
 *fill*         0x08006b3e        0x2 
 .text.data_register
                0x08006b40       0x28 C:\Users\Administrator\AppData\Local\Temp\VMBuilds\Solenoid_valve_may15\Arduino_STM32-master_genericSTM32F103R\Release\core.a(bkp_f1.c.o)
 .text.bkp_init
                0x08006b68       0x18 C:\Users\Administrator\AppData\Local\Temp\VMBuilds\Solenoid_valve_may15\Arduino_STM32-master_genericSTM32F103R\Release\core.a(bkp_f1.c.o)
                0x08006b68                bkp_init
 .text.bkp_enable_writes
                0x08006b80        0xc C:\Users\Administrator\AppData\Local\Temp\VMBuilds\Solenoid_valve_may15\Arduino_STM32-master_genericSTM32F103R\Release\core.a(bkp_f1.c.o)
                0x08006b80                bkp_enable_writes
 .text.bkp_disable_writes
                0x08006b8c        0xc C:\Users\Administrator\AppData\Local\Temp\VMBuilds\Solenoid_valve_may15\Arduino_STM32-master_genericSTM32F103R\Release\core.a(bkp_f1.c.o)
                0x08006b8c                bkp_disable_writes
 .text.bkp_write
                0x08006b98        0xc C:\Users\Administrator\AppData\Local\Temp\VMBuilds\Solenoid_valve_may15\Arduino_STM32-master_genericSTM32F103R\Release\core.a(bkp_f1.c.o)
                0x08006b98                bkp_write
 .text.gpio_init
                0x08006ba4       0x14 C:\Users\Administrator\AppData\Local\Temp\VMBuilds\Solenoid_valve_may15\Arduino_STM32-master_genericSTM32F103R\Release\core.a(gpio.c.o)
                0x08006ba4                gpio_init
 .text.i2c_start_condition
                0x08006bb8       0x14 C:\Users\Administrator\AppData\Local\Temp\VMBuilds\Solenoid_valve_may15\Arduino_STM32-master_genericSTM32F103R\Release\core.a(i2c.c.o)
 .text.i2c_stop_condition
                0x08006bcc       0x1c C:\Users\Administrator\AppData\Local\Temp\VMBuilds\Solenoid_valve_may15\Arduino_STM32-master_genericSTM32F103R\Release\core.a(i2c.c.o)
 .text._i2c_irq_handler
                0x08006be8      0x170 C:\Users\Administrator\AppData\Local\Temp\VMBuilds\Solenoid_valve_may15\Arduino_STM32-master_genericSTM32F103R\Release\core.a(i2c.c.o)
                0x08006be8                _i2c_irq_handler
 .text._i2c_irq_error_handler
                0x08006d58       0x28 C:\Users\Administrator\AppData\Local\Temp\VMBuilds\Solenoid_valve_may15\Arduino_STM32-master_genericSTM32F103R\Release\core.a(i2c.c.o)
                0x08006d58                _i2c_irq_error_handler
 .text.usart_init
                0x08006d80       0x4c C:\Users\Administrator\AppData\Local\Temp\VMBuilds\Solenoid_valve_may15\Arduino_STM32-master_genericSTM32F103R\Release\core.a(usart.c.o)
                0x08006d80                usart_init
 .text.usart_enable
                0x08006dcc       0x14 C:\Users\Administrator\AppData\Local\Temp\VMBuilds\Solenoid_valve_may15\Arduino_STM32-master_genericSTM32F103R\Release\core.a(usart.c.o)
                0x08006dcc                usart_enable
 .text.usart_tx
                0x08006de0       0x8e C:\Users\Administrator\AppData\Local\Temp\VMBuilds\Solenoid_valve_may15\Arduino_STM32-master_genericSTM32F103R\Release\core.a(usart.c.o)
                0x08006de0                usart_tx
 *fill*         0x08006e6e        0x2 
 .text.floorf   0x08006e70       0x88 c:/users/administrator/appdata/local/arduino15/packages/arduino/tools/arm-none-eabi-gcc/7-2017q4/bin/../lib/gcc/arm-none-eabi/7.2.1/../../../../arm-none-eabi/lib/thumb/v7-m\libm.a(lib_a-sf_floor.o)
                0x08006e70                floorf
 .text          0x08006ef8      0x378 c:/users/administrator/appdata/local/arduino15/packages/arduino/tools/arm-none-eabi-gcc/7-2017q4/bin/../lib/gcc/arm-none-eabi/7.2.1/thumb/v7-m\libgcc.a(_arm_addsubdf3.o)
                0x08006ef8                __aeabi_drsub
                0x08006f00                __aeabi_dsub
                0x08006f00                __subdf3
                0x08006f04                __aeabi_dadd
                0x08006f04                __adddf3
                0x0800717c                __floatunsidf
                0x0800717c                __aeabi_ui2d
                0x0800719c                __floatsidf
                0x0800719c                __aeabi_i2d
                0x080071c0                __aeabi_f2d
                0x080071c0                __extendsfdf2
                0x08007204                __floatundidf
                0x08007204                __aeabi_ul2d
                0x08007214                __floatdidf
                0x08007214                __aeabi_l2d
 .text          0x08007270      0x424 c:/users/administrator/appdata/local/arduino15/packages/arduino/tools/arm-none-eabi-gcc/7-2017q4/bin/../lib/gcc/arm-none-eabi/7.2.1/thumb/v7-m\libgcc.a(_arm_muldivdf3.o)
                0x08007270                __aeabi_dmul
                0x08007270                __muldf3
                0x080074c4                __divdf3
                0x080074c4                __aeabi_ddiv
 .text          0x08007694      0x110 c:/users/administrator/appdata/local/arduino15/packages/arduino/tools/arm-none-eabi-gcc/7-2017q4/bin/../lib/gcc/arm-none-eabi/7.2.1/thumb/v7-m\libgcc.a(_arm_cmpdf2.o)
                0x08007694                __gtdf2
                0x08007694                __gedf2
                0x0800769c                __ltdf2
                0x0800769c                __ledf2
                0x080076a4                __nedf2
                0x080076a4                __eqdf2
                0x080076a4                __cmpdf2
                0x08007720                __aeabi_cdrcmple
                0x08007730                __aeabi_cdcmpeq
                0x08007730                __aeabi_cdcmple
                0x08007740                __aeabi_dcmpeq
                0x08007754                __aeabi_dcmplt
                0x08007768                __aeabi_dcmple
                0x0800777c                __aeabi_dcmpge
                0x08007790                __aeabi_dcmpgt
 .text          0x080077a4       0x50 c:/users/administrator/appdata/local/arduino15/packages/arduino/tools/arm-none-eabi-gcc/7-2017q4/bin/../lib/gcc/arm-none-eabi/7.2.1/thumb/v7-m\libgcc.a(_arm_fixdfsi.o)
                0x080077a4                __aeabi_d2iz
                0x080077a4                __fixdfsi
 .text          0x080077f4      0x21c c:/users/administrator/appdata/local/arduino15/packages/arduino/tools/arm-none-eabi-gcc/7-2017q4/bin/../lib/gcc/arm-none-eabi/7.2.1/thumb/v7-m\libgcc.a(_arm_addsubsf3.o)
                0x080077f4                __aeabi_frsub
                0x080077fc                __subsf3
                0x080077fc                __aeabi_fsub
                0x08007800                __aeabi_fadd
                0x08007800                __addsf3
                0x08007960                __aeabi_ui2f
                0x08007960                __floatunsisf
                0x08007968                __aeabi_i2f
                0x08007968                __floatsisf
                0x08007984                __aeabi_ul2f
                0x08007984                __floatundisf
                0x08007994                __aeabi_l2f
                0x08007994                __floatdisf
 .text          0x08007a10      0x2a0 c:/users/administrator/appdata/local/arduino15/packages/arduino/tools/arm-none-eabi-gcc/7-2017q4/bin/../lib/gcc/arm-none-eabi/7.2.1/thumb/v7-m\libgcc.a(_arm_muldivsf3.o)
                0x08007a10                __mulsf3
                0x08007a10                __aeabi_fmul
                0x08007b78                __aeabi_fdiv
                0x08007b78                __divsf3
 .text          0x08007cb0       0xec c:/users/administrator/appdata/local/arduino15/packages/arduino/tools/arm-none-eabi-gcc/7-2017q4/bin/../lib/gcc/arm-none-eabi/7.2.1/thumb/v7-m\libgcc.a(_arm_cmpsf2.o)
                0x08007cb0                __gesf2
                0x08007cb0                __gtsf2
                0x08007cb8                __lesf2
                0x08007cb8                __ltsf2
                0x08007cc0                __nesf2
                0x08007cc0                __eqsf2
                0x08007cc0                __cmpsf2
                0x08007d20                __aeabi_cfrcmple
                0x08007d28                __aeabi_cfcmpeq
                0x08007d28                __aeabi_cfcmple
                0x08007d38                __aeabi_fcmpeq
                0x08007d4c                __aeabi_fcmplt
                0x08007d60                __aeabi_fcmple
                0x08007d74                __aeabi_fcmpge
                0x08007d88                __aeabi_fcmpgt
 .text          0x08007d9c       0x4c c:/users/administrator/appdata/local/arduino15/packages/arduino/tools/arm-none-eabi-gcc/7-2017q4/bin/../lib/gcc/arm-none-eabi/7.2.1/thumb/v7-m\libgcc.a(_arm_fixsfsi.o)
                0x08007d9c                __aeabi_f2iz
                0x08007d9c                __fixsfsi
 .text          0x08007de8       0x40 c:/users/administrator/appdata/local/arduino15/packages/arduino/tools/arm-none-eabi-gcc/7-2017q4/bin/../lib/gcc/arm-none-eabi/7.2.1/thumb/v7-m\libgcc.a(_arm_fixunssfsi.o)
                0x08007de8                __fixunssfsi
                0x08007de8                __aeabi_f2uiz
 .text          0x08007e28       0xa0 c:/users/administrator/appdata/local/arduino15/packages/arduino/tools/arm-none-eabi-gcc/7-2017q4/bin/../lib/gcc/arm-none-eabi/7.2.1/thumb/v7-m\libgcc.a(_aeabi_ldivmod.o)
                0x08007e28                __aeabi_ldivmod
 .text          0x08007ec8       0x30 c:/users/administrator/appdata/local/arduino15/packages/arduino/tools/arm-none-eabi-gcc/7-2017q4/bin/../lib/gcc/arm-none-eabi/7.2.1/thumb/v7-m\libgcc.a(_aeabi_uldivmod.o)
                0x08007ec8                __aeabi_uldivmod
 .text          0x08007ef8       0x30 c:/users/administrator/appdata/local/arduino15/packages/arduino/tools/arm-none-eabi-gcc/7-2017q4/bin/../lib/gcc/arm-none-eabi/7.2.1/thumb/v7-m\libgcc.a(_fixdfdi.o)
                0x08007ef8                __fixdfdi
                0x08007ef8                __aeabi_d2lz
 .text          0x08007f28       0x44 c:/users/administrator/appdata/local/arduino15/packages/arduino/tools/arm-none-eabi-gcc/7-2017q4/bin/../lib/gcc/arm-none-eabi/7.2.1/thumb/v7-m\libgcc.a(_fixunsdfdi.o)
                0x08007f28                __fixunsdfdi
                0x08007f28                __aeabi_d2ulz
 .text          0x08007f6c      0x2d0 c:/users/administrator/appdata/local/arduino15/packages/arduino/tools/arm-none-eabi-gcc/7-2017q4/bin/../lib/gcc/arm-none-eabi/7.2.1/thumb/v7-m\libgcc.a(_udivmoddi4.o)
                0x08007f6c                __udivmoddi4
 .text          0x0800823c        0x4 c:/users/administrator/appdata/local/arduino15/packages/arduino/tools/arm-none-eabi-gcc/7-2017q4/bin/../lib/gcc/arm-none-eabi/7.2.1/thumb/v7-m\libgcc.a(_dvmd_tls.o)
                0x0800823c                __aeabi_idiv0
                0x0800823c                __aeabi_ldiv0
 .text          0x08008240       0x40 c:/users/administrator/appdata/local/arduino15/packages/arduino/tools/arm-none-eabi-gcc/7-2017q4/bin/../lib/gcc/arm-none-eabi/7.2.1/thumb/v7-m\libgcc.a(_arm_fixunsdfsi.o)
                0x08008240                __aeabi_d2uiz
                0x08008240                __fixunsdfsi
 .text.exit     0x08008280       0x20 c:/users/administrator/appdata/local/arduino15/packages/arduino/tools/arm-none-eabi-gcc/7-2017q4/bin/../lib/gcc/arm-none-eabi/7.2.1/../../../../arm-none-eabi/lib/thumb/v7-m\libc.a(lib_a-exit.o)
                0x08008280                exit
 .text.__libc_init_array
                0x080082a0       0x48 c:/users/administrator/appdata/local/arduino15/packages/arduino/tools/arm-none-eabi-gcc/7-2017q4/bin/../lib/gcc/arm-none-eabi/7.2.1/../../../../arm-none-eabi/lib/thumb/v7-m\libc.a(lib_a-init.o)
                0x080082a0                __libc_init_array
 .text.strlen   0x080082e8       0x5c c:/users/administrator/appdata/local/arduino15/packages/arduino/tools/arm-none-eabi-gcc/7-2017q4/bin/../lib/gcc/arm-none-eabi/7.2.1/../../../../arm-none-eabi/lib/thumb/v7-m\libc.a(lib_a-strlen-stub.o)
                0x080082e8                strlen
 .text.startup.register_fini
                0x08008344       0x14 c:/users/administrator/appdata/local/arduino15/packages/arduino/tools/arm-none-eabi-gcc/7-2017q4/bin/../lib/gcc/arm-none-eabi/7.2.1/../../../../arm-none-eabi/lib/thumb/v7-m\libc.a(lib_a-__call_atexit.o)
 .text.__call_exitprocs
                0x08008358       0xe8 c:/users/administrator/appdata/local/arduino15/packages/arduino/tools/arm-none-eabi-gcc/7-2017q4/bin/../lib/gcc/arm-none-eabi/7.2.1/../../../../arm-none-eabi/lib/thumb/v7-m\libc.a(lib_a-__call_atexit.o)
                0x08008358                __call_exitprocs
 .text.atexit   0x08008440        0xc c:/users/administrator/appdata/local/arduino15/packages/arduino/tools/arm-none-eabi-gcc/7-2017q4/bin/../lib/gcc/arm-none-eabi/7.2.1/../../../../arm-none-eabi/lib/thumb/v7-m\libc.a(lib_a-atexit.o)
                0x08008440                atexit
 .text.__libc_fini_array
                0x0800844c       0x34 c:/users/administrator/appdata/local/arduino15/packages/arduino/tools/arm-none-eabi-gcc/7-2017q4/bin/../lib/gcc/arm-none-eabi/7.2.1/../../../../arm-none-eabi/lib/thumb/v7-m\libc.a(lib_a-fini.o)
                0x0800844c                __libc_fini_array
 .text.__retarget_lock_acquire_recursive
                0x08008480        0x4 c:/users/administrator/appdata/local/arduino15/packages/arduino/tools/arm-none-eabi-gcc/7-2017q4/bin/../lib/gcc/arm-none-eabi/7.2.1/../../../../arm-none-eabi/lib/thumb/v7-m\libc.a(lib_a-lock.o)
                0x08008480                __retarget_lock_acquire_recursive
 .text.__retarget_lock_release_recursive
                0x08008484        0x4 c:/users/administrator/appdata/local/arduino15/packages/arduino/tools/arm-none-eabi-gcc/7-2017q4/bin/../lib/gcc/arm-none-eabi/7.2.1/../../../../arm-none-eabi/lib/thumb/v7-m\libc.a(lib_a-lock.o)
                0x08008484                __retarget_lock_release_recursive
 .text.__register_exitproc
                0x08008488       0xc0 c:/users/administrator/appdata/local/arduino15/packages/arduino/tools/arm-none-eabi-gcc/7-2017q4/bin/../lib/gcc/arm-none-eabi/7.2.1/../../../../arm-none-eabi/lib/thumb/v7-m\libc.a(lib_a-__atexit.o)
                0x08008488                __register_exitproc
 *(.plt)
 *(.gnu.warning)
 *(.glue_7t)
 .glue_7t       0x08008548        0x0 linker stubs
 *(.glue_7)
 .glue_7        0x08008548        0x0 linker stubs
 *(.vfp11_veneer)
 .vfp11_veneer  0x08008548        0x0 linker stubs
 *(.ARM.extab* .gnu.linkonce.armextab.*)
 *(.gcc_except_table)
 *(.eh_frame_hdr)
 *(.eh_frame)
 .eh_frame      0x08008548        0x0 c:/users/administrator/appdata/local/arduino15/packages/arduino/tools/arm-none-eabi-gcc/7-2017q4/bin/../lib/gcc/arm-none-eabi/7.2.1/thumb/v7-m/crtbegin.o
                0x08008548                . = ALIGN (0x4)
 *(.init)
 .init          0x08008548        0x4 c:/users/administrator/appdata/local/arduino15/packages/arduino/tools/arm-none-eabi-gcc/7-2017q4/bin/../lib/gcc/arm-none-eabi/7.2.1/thumb/v7-m/crti.o
                0x08008548                _init
 .init          0x0800854c        0x8 c:/users/administrator/appdata/local/arduino15/packages/arduino/tools/arm-none-eabi-gcc/7-2017q4/bin/../lib/gcc/arm-none-eabi/7.2.1/thumb/v7-m/crtn.o
                0x08008554                . = ALIGN (0x4)
                0x08008554                __preinit_array_start = .
 *(.preinit_array)
                0x08008554                __preinit_array_end = .
                0x08008554                . = ALIGN (0x4)
                0x08008554                __init_array_start = .
 *(SORT_BY_NAME(.init_array.*))
 .init_array.00000
                0x08008554        0x4 c:/users/administrator/appdata/local/arduino15/packages/arduino/tools/arm-none-eabi-gcc/7-2017q4/bin/../lib/gcc/arm-none-eabi/7.2.1/../../../../arm-none-eabi/lib/thumb/v7-m\libc.a(lib_a-__call_atexit.o)
 .init_array.00101
                0x08008558        0x4 C:\Users\Administrator\AppData\Local\Temp\VMBuilds\Solenoid_valve_may15\Arduino_STM32-master_genericSTM32F103R\Release\core.a(main.cpp.o)
 *(.init_array)
 .init_array    0x0800855c        0x4 c:/users/administrator/appdata/local/arduino15/packages/arduino/tools/arm-none-eabi-gcc/7-2017q4/bin/../lib/gcc/arm-none-eabi/7.2.1/thumb/v7-m/crtbegin.o
 .init_array    0x08008560        0x4 EEPROM\EEPROM.cpp.o
 .init_array    0x08008564        0x4 C:\Users\Administrator\AppData\Local\Temp\VMBCore\arduino16x\26f9647b75fb80b091c2c1c5a86ae632\variant\board.cpp.o
 .init_array    0x08008568        0x4 C:\Users\Administrator\AppData\Local\Temp\VMBuilds\Solenoid_valve_may15\Arduino_STM32-master_genericSTM32F103R\Release\core.a(usb_serial.cpp.o)
                0x0800856c                __init_array_end = .
                0x0800856c                . = ALIGN (0x4)
 *crtbegin.o(.ctors)
 *(EXCLUDE_FILE(*crtend.o) .ctors)
 *(SORT_BY_NAME(.ctors.*))
 *crtend.o(.ctors)
                0x0800856c                . = ALIGN (0x4)
 *(.fini)
 .fini          0x0800856c        0x4 c:/users/administrator/appdata/local/arduino15/packages/arduino/tools/arm-none-eabi-gcc/7-2017q4/bin/../lib/gcc/arm-none-eabi/7.2.1/thumb/v7-m/crti.o
                0x0800856c                _fini
 .fini          0x08008570        0x8 c:/users/administrator/appdata/local/arduino15/packages/arduino/tools/arm-none-eabi-gcc/7-2017q4/bin/../lib/gcc/arm-none-eabi/7.2.1/thumb/v7-m/crtn.o
                0x08008578                . = ALIGN (0x4)
                0x08008578                __fini_array_start = .
 *(.fini_array)
 .fini_array    0x08008578        0x4 c:/users/administrator/appdata/local/arduino15/packages/arduino/tools/arm-none-eabi-gcc/7-2017q4/bin/../lib/gcc/arm-none-eabi/7.2.1/thumb/v7-m/crtbegin.o
 *(SORT_BY_NAME(.fini_array.*))
                0x0800857c                __fini_array_end = .
 *crtbegin.o(.dtors)
 *(EXCLUDE_FILE(*crtend.o) .dtors)
 *(SORT_BY_NAME(.dtors.*))
 *crtend.o(.dtors)

.v4_bx          0x0800857c        0x0
 .v4_bx         0x0800857c        0x0 linker stubs

.iplt           0x0800857c        0x0
 .iplt          0x0800857c        0x0 c:/users/administrator/appdata/local/arduino15/packages/arduino/tools/arm-none-eabi-gcc/7-2017q4/bin/../lib/gcc/arm-none-eabi/7.2.1/thumb/v7-m/crtbegin.o

.text.align     0x0800857c        0x4
                0x08008580                . = ALIGN (0x8)
 *fill*         0x0800857c        0x4 
                0x08008580                __text_end__ = .
                0x08008580                __exidx_start = .

.ARM.exidx      0x08008580        0x8
 *(.ARM.exidx* .gnu.linkonce.armexidx.*)
 .ARM.exidx     0x08008580        0x8 C:\Users\Administrator\AppData\Local\Temp\VMBCore\arduino16x\26f9647b75fb80b091c2c1c5a86ae632\variant\start.S.o
 .ARM.exidx     0x08008588        0x0 c:/users/administrator/appdata/local/arduino15/packages/arduino/tools/arm-none-eabi-gcc/7-2017q4/bin/../lib/gcc/arm-none-eabi/7.2.1/thumb/v7-m\libgcc.a(_udivmoddi4.o)
                                  0x8 (size before relaxing)
                0x08008588                __exidx_end = .

.data           0x20000000      0xb10 load address 0x08008588
                0x20000000                __data_start__ = .
                0x20000000        0x4 LONG 0x0
                0x20000008                . = ALIGN (0x8)
 *fill*         0x20000004        0x4 
 *(.got.plt)
 *(.got)
 *(.data .data.* .gnu.linkonce.d.*)
 .data._ZL11E011_ZoneId
                0x20000008        0x4 user_A011_E011.cpp.o
 .data._ZL12E011_DataLen
                0x2000000c        0x4 user_A011_E011.cpp.o
 .data._ZL12E011_channel
                0x20000010        0x4 user_A011_E011.cpp.o
 .data._ZL13E011_FrameId1
                0x20000014        0x4 user_A011_E011.cpp.o
 .data._ZL13E011_FrameId2
                0x20000018        0x4 user_A011_E011.cpp.o
 .data._ZL14E011_FrameEnd1
                0x2000001c        0x4 user_A011_E011.cpp.o
 .data._ZL14E011_FrameEnd2
                0x20000020        0x4 user_A011_E011.cpp.o
 .data._ZL14E011_FrameEnd3
                0x20000024        0x4 user_A011_E011.cpp.o
 .data._ZL14E011_FrameEnd4
                0x20000028        0x4 user_A011_E011.cpp.o
 .data._ZL14E011_FrameEnd5
                0x2000002c        0x4 user_A011_E011.cpp.o
 .data._ZL14E011_FrameEnd6
                0x20000030        0x4 user_A011_E011.cpp.o
 .data._ZL14E011_FrameHead
                0x20000034        0x4 user_A011_E011.cpp.o
 .data._ZL14E011_Interval1
                0x20000038        0x4 user_A011_E011.cpp.o
 .data._ZL14E011_Interval2
                0x2000003c        0x4 user_A011_E011.cpp.o
 .data._ZL18E011_DeviceTypeID1
                0x20000040        0x4 user_A011_E011.cpp.o
 .data._ZL18E011_DeviceTypeID2
                0x20000044        0x4 user_A011_E011.cpp.o
 .data._ZL18E011_GroupIdArray1
                0x20000048        0x4 user_A011_E011.cpp.o
 .data._ZL9E011_CRC8
                0x2000004c        0x4 user_A011_E011.cpp.o
 .data._ZL11E014_ZoneId
                0x20000050        0x4 user_A025receipt.cpp.o
 .data._ZL11E015_ZoneId
                0x20000054        0x4 user_A025receipt.cpp.o
 .data._ZL12E014_DataLen
                0x20000058        0x4 user_A025receipt.cpp.o
 .data._ZL12E015_DataLen
                0x2000005c        0x4 user_A025receipt.cpp.o
 .data._ZL12E015_channel
                0x20000060        0x4 user_A025receipt.cpp.o
 .data._ZL13E014_FrameId1
                0x20000064        0x4 user_A025receipt.cpp.o
 .data._ZL13E014_FrameId2
                0x20000068        0x4 user_A025receipt.cpp.o
 .data._ZL13E015_FrameId1
                0x2000006c        0x4 user_A025receipt.cpp.o
 .data._ZL13E015_FrameId2
                0x20000070        0x4 user_A025receipt.cpp.o
 .data._ZL14E014_FrameEnd1
                0x20000074        0x4 user_A025receipt.cpp.o
 .data._ZL14E014_FrameEnd2
                0x20000078        0x4 user_A025receipt.cpp.o
 .data._ZL14E014_FrameEnd3
                0x2000007c        0x4 user_A025receipt.cpp.o
 .data._ZL14E014_FrameEnd4
                0x20000080        0x4 user_A025receipt.cpp.o
 .data._ZL14E014_FrameEnd5
                0x20000084        0x4 user_A025receipt.cpp.o
 .data._ZL14E014_FrameEnd6
                0x20000088        0x4 user_A025receipt.cpp.o
 .data._ZL14E014_FrameHead
                0x2000008c        0x4 user_A025receipt.cpp.o
 .data._ZL14E015_FrameEnd1
                0x20000090        0x4 user_A025receipt.cpp.o
 .data._ZL14E015_FrameEnd2
                0x20000094        0x4 user_A025receipt.cpp.o
 .data._ZL14E015_FrameEnd3
                0x20000098        0x4 user_A025receipt.cpp.o
 .data._ZL14E015_FrameEnd4
                0x2000009c        0x4 user_A025receipt.cpp.o
 .data._ZL14E015_FrameEnd5
                0x200000a0        0x4 user_A025receipt.cpp.o
 .data._ZL14E015_FrameEnd6
                0x200000a4        0x4 user_A025receipt.cpp.o
 .data._ZL14E015_FrameHead
                0x200000a8        0x4 user_A025receipt.cpp.o
 .data._ZL18E014_DeviceTypeID1
                0x200000ac        0x4 user_A025receipt.cpp.o
 .data._ZL18E014_DeviceTypeID2
                0x200000b0        0x4 user_A025receipt.cpp.o
 .data._ZL18E015_DeviceTypeID1
                0x200000b4        0x4 user_A025receipt.cpp.o
 .data._ZL18E015_DeviceTypeID2
                0x200000b8        0x4 user_A025receipt.cpp.o
 .data._ZL9E014_CRC8
                0x200000bc        0x4 user_A025receipt.cpp.o
 .data._ZL9E015_CRC8
                0x200000c0        0x4 user_A025receipt.cpp.o
 .data._ZN6wirish4priv15w_board_pll_cfgE
                0x200000c4        0x8 C:\Users\Administrator\AppData\Local\Temp\VMBCore\arduino16x\26f9647b75fb80b091c2c1c5a86ae632\variant\boards_setup.cpp.o
                0x200000c4                wirish::priv::w_board_pll_cfg
 .data._ZN6wirish4priv9w_adc_preE
                0x200000cc        0x2 C:\Users\Administrator\AppData\Local\Temp\VMBCore\arduino16x\26f9647b75fb80b091c2c1c5a86ae632\variant\boards_setup.cpp.o
                0x200000cc                wirish::priv::w_adc_pre
 .data._ZN6wirish4priv9w_adc_smpE
                0x200000ce        0x1 C:\Users\Administrator\AppData\Local\Temp\VMBCore\arduino16x\26f9647b75fb80b091c2c1c5a86ae632\variant\boards_setup.cpp.o
                0x200000ce                wirish::priv::w_adc_smp
 *fill*         0x200000cf        0x1 
 .data._ZN6wirish4privL8pll_dataE
                0x200000d0        0x4 C:\Users\Administrator\AppData\Local\Temp\VMBCore\arduino16x\26f9647b75fb80b091c2c1c5a86ae632\variant\boards_setup.cpp.o
 .data.ADC1     0x200000d4        0x4 C:\Users\Administrator\AppData\Local\Temp\VMBuilds\Solenoid_valve_may15\Arduino_STM32-master_genericSTM32F103R\Release\core.a(adc_f1.c.o)
                0x200000d4                ADC1
 .data.ADC2     0x200000d8        0x4 C:\Users\Administrator\AppData\Local\Temp\VMBuilds\Solenoid_valve_may15\Arduino_STM32-master_genericSTM32F103R\Release\core.a(adc_f1.c.o)
                0x200000d8                ADC2
 .data.ADC3     0x200000dc        0x4 C:\Users\Administrator\AppData\Local\Temp\VMBuilds\Solenoid_valve_may15\Arduino_STM32-master_genericSTM32F103R\Release\core.a(adc_f1.c.o)
                0x200000dc                ADC3
 .data.adc1     0x200000e0       0x18 C:\Users\Administrator\AppData\Local\Temp\VMBuilds\Solenoid_valve_may15\Arduino_STM32-master_genericSTM32F103R\Release\core.a(adc_f1.c.o)
                0x200000e0                adc1
 .data.adc2     0x200000f8        0x8 C:\Users\Administrator\AppData\Local\Temp\VMBuilds\Solenoid_valve_may15\Arduino_STM32-master_genericSTM32F103R\Release\core.a(adc_f1.c.o)
                0x200000f8                adc2
 .data.adc3     0x20000100       0x18 C:\Users\Administrator\AppData\Local\Temp\VMBuilds\Solenoid_valve_may15\Arduino_STM32-master_genericSTM32F103R\Release\core.a(adc_f1.c.o)
                0x20000100                adc3
 .data.DMA1     0x20000118        0x4 C:\Users\Administrator\AppData\Local\Temp\VMBuilds\Solenoid_valve_may15\Arduino_STM32-master_genericSTM32F103R\Release\core.a(dma_f1.c.o)
                0x20000118                DMA1
 .data.DMA2     0x2000011c        0x4 C:\Users\Administrator\AppData\Local\Temp\VMBuilds\Solenoid_valve_may15\Arduino_STM32-master_genericSTM32F103R\Release\core.a(dma_f1.c.o)
                0x2000011c                DMA2
 .data.dma1     0x20000120       0x40 C:\Users\Administrator\AppData\Local\Temp\VMBuilds\Solenoid_valve_may15\Arduino_STM32-master_genericSTM32F103R\Release\core.a(dma_f1.c.o)
 .data.dma2     0x20000160       0x30 C:\Users\Administrator\AppData\Local\Temp\VMBuilds\Solenoid_valve_may15\Arduino_STM32-master_genericSTM32F103R\Release\core.a(dma_f1.c.o)
 .data.gpioa    0x20000190        0x8 C:\Users\Administrator\AppData\Local\Temp\VMBuilds\Solenoid_valve_may15\Arduino_STM32-master_genericSTM32F103R\Release\core.a(gpio_f1.c.o)
                0x20000190                gpioa
 .data.gpiob    0x20000198        0x8 C:\Users\Administrator\AppData\Local\Temp\VMBuilds\Solenoid_valve_may15\Arduino_STM32-master_genericSTM32F103R\Release\core.a(gpio_f1.c.o)
                0x20000198                gpiob
 .data.gpioc    0x200001a0        0x8 C:\Users\Administrator\AppData\Local\Temp\VMBuilds\Solenoid_valve_may15\Arduino_STM32-master_genericSTM32F103R\Release\core.a(gpio_f1.c.o)
                0x200001a0                gpioc
 .data.gpiod    0x200001a8        0x8 C:\Users\Administrator\AppData\Local\Temp\VMBuilds\Solenoid_valve_may15\Arduino_STM32-master_genericSTM32F103R\Release\core.a(gpio_f1.c.o)
                0x200001a8                gpiod
 .data.i2c1     0x200001b0       0x24 C:\Users\Administrator\AppData\Local\Temp\VMBuilds\Solenoid_valve_may15\Arduino_STM32-master_genericSTM32F103R\Release\core.a(i2c_f1.c.o)
 .data.i2c2     0x200001d4       0x24 C:\Users\Administrator\AppData\Local\Temp\VMBuilds\Solenoid_valve_may15\Arduino_STM32-master_genericSTM32F103R\Release\core.a(i2c_f1.c.o)
 .data.enable_regs.4454
                0x200001f8        0xc C:\Users\Administrator\AppData\Local\Temp\VMBuilds\Solenoid_valve_may15\Arduino_STM32-master_genericSTM32F103R\Release\core.a(rcc_f1.c.o)
 .data.enable_regs.4467
                0x20000204        0xc C:\Users\Administrator\AppData\Local\Temp\VMBuilds\Solenoid_valve_may15\Arduino_STM32-master_genericSTM32F103R\Release\core.a(rcc_f1.c.o)
 .data.reset_regs.4458
                0x20000210        0x8 C:\Users\Administrator\AppData\Local\Temp\VMBuilds\Solenoid_valve_may15\Arduino_STM32-master_genericSTM32F103R\Release\core.a(rcc_f1.c.o)
 .data.timer1   0x20000218       0x28 C:\Users\Administrator\AppData\Local\Temp\VMBuilds\Solenoid_valve_may15\Arduino_STM32-master_genericSTM32F103R\Release\core.a(timer.c.o)
                0x20000218                timer1
 .data.timer2   0x20000240       0x24 C:\Users\Administrator\AppData\Local\Temp\VMBuilds\Solenoid_valve_may15\Arduino_STM32-master_genericSTM32F103R\Release\core.a(timer.c.o)
                0x20000240                timer2
 .data.timer3   0x20000264       0x24 C:\Users\Administrator\AppData\Local\Temp\VMBuilds\Solenoid_valve_may15\Arduino_STM32-master_genericSTM32F103R\Release\core.a(timer.c.o)
                0x20000264                timer3
 .data.timer4   0x20000288       0x24 C:\Users\Administrator\AppData\Local\Temp\VMBuilds\Solenoid_valve_may15\Arduino_STM32-master_genericSTM32F103R\Release\core.a(timer.c.o)
                0x20000288                timer4
 .data.timer5   0x200002ac       0x24 C:\Users\Administrator\AppData\Local\Temp\VMBuilds\Solenoid_valve_may15\Arduino_STM32-master_genericSTM32F103R\Release\core.a(timer.c.o)
                0x200002ac                timer5
 .data.timer6   0x200002d0        0xc C:\Users\Administrator\AppData\Local\Temp\VMBuilds\Solenoid_valve_may15\Arduino_STM32-master_genericSTM32F103R\Release\core.a(timer.c.o)
                0x200002d0                timer6